******************************************************************************
              TMS320C55x Linker Unix v4.4.1                    
******************************************************************************
>> Linked Mon Dec 16 20:16:11 2024

OUTPUT FILE NAME:   <DSP_EffectSuite.out>
ENTRY POINT SYMBOL: "_c_int00"  address: 00004aa6


MEMORY CONFIGURATION

         name            origin    length      used     unused   attr    fill
                        (bytes)   (bytes)    (bytes)   (bytes)
----------------------  --------  ---------  --------  --------  ----  --------
PAGE 0:
  MMR                   00000000   000000c0  00000000  000000c0  RWIX
  BTRSVD                000000c0   00000240  00000100  00000140  RWIX
  DARAM                 00000300   0000fb00  00008f7a  00006b86  RWIX
  VECS                  0000fe00   00000200  00000100  00000100  RWIX
  CE0                   00010000   003f0000  00000000  003f0000  RWIX
  CE1                   00400000   00400000  00000000  00400000  RWIX
  CE2                   00800000   00400000  00000000  00400000  RWIX
  CE3                   00c00000   003f8000  00000000  003f8000  RWIX
  PDROM                 00ff8000   00008000  00000000  00008000  R IX

PAGE 2:
  IOPORT                00000000   00020000  00000000  00020000  RWI 


SECTION ALLOCATION MAP
(Addresses surrounded by []'s are displayed for convenience only!)

output                                                          attributes/
section   page  orgn(bytes) orgn(words) len(bytes) len(words)   input sections
--------  ----  ----------- ----------- ---------- ----------   --------------
vectors      0     000000c0  [ 00000060 ] 00000100          *   NOLOAD SECTION
                   000000c0  [ 00000060 ] 00000100          *   rts55x.lib : vectors.obj (vectors)

.text        0     00000300  [ 00000180 ] 00004998          *   
                   00000300  [ 00000180 ] 000015a4          *   rts55x.lib : _printfi.obj (.text)
                   000018a4  [ 00000c52 ] 000003d3          *   state_machine.obj (.text)
                   00001c77  [ 00000e3b+] 000003cc          *   rts55x.lib : divd.obj (.text)
                   00002043  [ 00001021 ] 00000001          *   --HOLE-- [fill = 20]
                   00002044  [ 00001022 ] 00000261          *   csl5502x.lib : mcbsp_rst.obj (.text:MCBSP_reset)
                   000022a5  [ 00001152+] 0000025e          *   rts55x.lib : llmpy.obj (.text)
                   00002503  [ 00001281+] 0000025a          *              : addd.obj (.text)
                   0000275d  [ 000013ae+] 0000020c          *   ezdsp5502bsl.lib : ezdsp5502_gpio.obj (.text)
                   00002969  [ 000014b4+] 000001ea          *   rts55x.lib : cmpd.obj (.text)
                   00002b53  [ 000015a9+] 000001e1          *   aic3204.obj (.text)
                   00002d34  [ 0000169a ] 000001d1          *   oled.obj (.text)
                   00002f05  [ 00001782+] 00000002          *   rts55x.lib : vectors.obj (.text)
                   00002f07  [ 00001783 ] 00000001          *   --HOLE-- [fill = 20]
                   00002f08  [ 00001784 ] 000001ca          *   csl5502x.lib : dma_reset.obj (.text:DMA_reset)
                   000030d2  [ 00001869 ] 000001a3          *   dma.obj (.text)
                   00003275  [ 0000193a+] 00000002          *   vectors_dma.obj (.text)
                   00003277  [ 0000193b ] 00000001          *   --HOLE-- [fill = 20]
                   00003278  [ 0000193c ] 0000018e          *   csl5502x.lib : i2c_write.obj (.text:I2C_write)
                   00003406  [ 00001a03 ] 0000018b          *   lcd.obj (.text)
                   00003591  [ 00001ac8 ] 00000003          *   --HOLE-- [fill = 20]
                   00003594  [ 00001aca ] 0000015d          *   csl5502x.lib : i2c_read.obj (.text:I2C_read)
                   000036f1  [ 00001b78+] 0000014e          *   ezdsp5502bsl.lib : ezdsp5502_i2cgpio.obj (.text)
                   0000383f  [ 00001c1f+] 0000014c          *   rts55x.lib : mpyd.obj (.text)
                   0000398b  [ 00001cc5 ] 00000001          *   --HOLE-- [fill = 20]
                   0000398c  [ 00001cc6 ] 00000130          *   csl5502x.lib : mcbsp_cfg.obj (.text:MCBSP_config)
                   00003abc  [ 00001d5e ] 00000112          *   dma.obj (.text:retain)
                   00003bce  [ 00001de7 ] 00000002          *   --HOLE-- [fill = 20]
                   00003bd0  [ 00001de8 ] 0000010e          *   csl5502x.lib : dma_cfg.obj (.text:DMA_config)
                   00003cde  [ 00001e6f ] 00000002          *   --HOLE-- [fill = 20]
                   00003ce0  [ 00001e70 ] 000000ee          *                : mcbsp_open.obj (.text:MCBSP_open)
                   00003dce  [ 00001ee7 ] 000000d4          *   main.obj (.text)
                   00003ea2  [ 00001f51 ] 00000002          *   --HOLE-- [fill = 20]
                   00003ea4  [ 00001f52 ] 000000cb          *   csl5502x.lib : dma_open.obj (.text:DMA_open)
                   00003f6f  [ 00001fb7+] 000000ba          *   ezdsp5502bsl.lib : ezdsp5502_mcbsp.obj (.text)
                   00004029  [ 00002014+] 000000a1          *   rts55x.lib : divul.obj (.text)
                   000040ca  [ 00002065 ] 0000008e          *   buttons.obj (.text)
                   00004158  [ 000020ac ] 00000089          *   csl5502x.lib : irq_pluga.obj (.text)
                   000041e1  [ 000020f0 ] 00000003          *   --HOLE-- [fill = 20]
                   000041e4  [ 000020f2 ] 00000082          *                : mcbsp_start.obj (.text:MCBSP_start)
                   00004266  [ 00002133 ] 0000007d          *   rts55x.lib : ltoa.obj (.text)
                   000042e3  [ 00002171+] 00000076          *              : frcmpyd.obj (.text)
                   00004359  [ 000021ac+] 00000073          *              : frcmpyd_div.obj (.text)
                   000043cc  [ 000021e6 ] 00000072          *   csl5502x.lib : i2c_cfg.obj (.text:I2C_config)
                   0000443e  [ 0000221f ] 00000072          *   rts55x.lib : remul.obj (.text)
                   000044b0  [ 00002258 ] 00000070          *              : sprintf.obj (.text)
                   00004520  [ 00002290 ] 0000006f          *   csl5502x.lib : irq_disa.obj (.text:IRQ_disable)
                   0000458f  [ 000022c7+] 0000006f          *   ezdsp5502bsl.lib : ezdsp5502.obj (.text)
                   000045fe  [ 000022ff ] 0000006f          *   rts55x.lib : fixdli.obj (.text)
                   0000466d  [ 00002336+] 0000006d          *   ezdsp5502bsl.lib : ezdsp5502_i2c.obj (.text)
                   000046da  [ 0000236d ] 00000002          *   --HOLE-- [fill = 20]
                   000046dc  [ 0000236e ] 00000068          *   csl5502x.lib : irq_enab.obj (.text:IRQ_enable)
                   00004744  [ 000023a2 ] 00000067          *   rts55x.lib : fltlid.obj (.text)
                   000047ab  [ 000023d5+] 0000005c          *              : atoi.obj (.text)
                   00004807  [ 00002403 ] 00000001          *   --HOLE-- [fill = 20]
                   00004808  [ 00002404 ] 0000004f          *   csl5502x.lib : gpio_open.obj (.text:GPIO_open)
                   00004857  [ 0000242b+] 0000004d          *   rts55x.lib : autoinit.obj (.text)
                   000048a4  [ 00002452 ] 0000004b          *              : args_main.obj (.text)
                   000048ef  [ 00002477+] 0000004b          *              : remli.obj (.text)
                   0000493a  [ 0000249d ] 00000048          *              : divli.obj (.text)
                   00004982  [ 000024c1 ] 0000003f          *              : memcpy.obj (.text)
                   000049c1  [ 000024e0+] 0000003e          *              : exit.obj (.text)
                   000049ff  [ 000024ff ] 00000001          *   --HOLE-- [fill = 20]
                   00004a00  [ 00002500 ] 00000037          *   csl5502x.lib : irq_clear.obj (.text:IRQ_clear)
                   00004a37  [ 0000251b ] 00000001          *   --HOLE-- [fill = 20]
                   00004a38  [ 0000251c ] 00000037          *                : irq_setvecs.obj (.text:IRQ_setVecs)
                   00004a6f  [ 00002537 ] 00000001          *   --HOLE-- [fill = 20]
                   00004a70  [ 00002538 ] 00000036          *                : mcbsp_cls.obj (.text:MCBSP_close)
                   00004aa6  [ 00002553 ] 00000034          *   rts55x.lib : boot.obj (.text)
                   00004ada  [ 0000256d ] 0000002a          *              : fixdi.obj (.text)
                   00004b04  [ 00002582 ] 0000002a          *              : udiv.obj (.text)
                   00004b2e  [ 00002597 ] 00000023          *              : memccpy.obj (.text)
                   00004b51  [ 000025a8 ] 00000003          *   --HOLE-- [fill = 20]
                   00004b54  [ 000025aa ] 0000001f          *   csl5502x.lib : gpio_dir.obj (.text:GPIO_pinDirection)
                   00004b73  [ 000025b9 ] 00000001          *   --HOLE-- [fill = 20]
                   00004b74  [ 000025ba ] 0000001f          *                : gpio_write.obj (.text:GPIO_pinWrite)
                   00004b93  [ 000025c9+] 0000001a          *   rts55x.lib : isinf.obj (.text)
                   00004bad  [ 000025d6 ] 00000003          *   --HOLE-- [fill = 20]
                   00004bb0  [ 000025d8 ] 00000014          *   csl5502x.lib : gpio_read.obj (.text:GPIO_pinRead)
                   00004bc4  [ 000025e2 ] 00000014          *   rts55x.lib : subd.obj (.text)
                   00004bd8  [ 000025ec ] 00000013          *   csl5502x.lib : gpio_enab.obj (.text:GPIO_pinEnable)
                   00004beb  [ 000025f5+] 00000013          *   rts55x.lib : lmpy.obj (.text)
                   00004bfe  [ 000025ff ] 00000012          *              : _lock.obj (.text)
                   00004c10  [ 00002608 ] 00000011          *              : strlen.obj (.text)
                   00004c21  [ 00002610+] 00000010          *              : negd.obj (.text)
                   00004c31  [ 00002618 ] 00000003          *   --HOLE-- [fill = 20]
                   00004c34  [ 0000261a ] 0000000f          *   csl5502x.lib : irq_gdisab.obj (.text:IRQ_globalDisable)
                   00004c43  [ 00002621 ] 00000001          *   --HOLE-- [fill = 20]
                   00004c44  [ 00002622 ] 0000000f          *                : irq_genab.obj (.text:IRQ_globalEnable)
                   00004c53  [ 00002629 ] 00000001          *   --HOLE-- [fill = 20]
                   00004c54  [ 0000262a ] 0000000d          *                : _csl_init.obj (.text:_CSL_init)
                   00004c61  [ 00002630 ] 00000003          *   --HOLE-- [fill = 20]
                   00004c64  [ 00002632 ] 0000000c          *                : csl.obj (.text:CSL_init)
                   00004c70  [ 00002638 ] 0000000c          *                : irq_grest.obj (.text:IRQ_globalRestore)
                   00004c7c  [ 0000263e ] 00000007          *   rts55x.lib : exit.obj (.text:CIO_breakpoint)
                   00004c83  [ 00002641 ] 00000001          *   --HOLE-- [fill = 20]
                   00004c84  [ 00002642 ] 00000007          *   csl5502x.lib : mcbsp_r16.obj (.text:MCBSP_read16)
                   00004c8b  [ 00002645 ] 00000001          *   --HOLE-- [fill = 20]
                   00004c8c  [ 00002646 ] 00000007          *                : mcbsp_w16.obj (.text:MCBSP_write16)
                   00004c93  [ 00002649 ] 00000001          *   --HOLE-- [fill = 20]
                   00004c94  [ 0000264a ] 00000002          *                : csl.obj (.text)
                   00004c96  [ 0000264b ] 00000002          *   --HOLE-- [fill = 20]

.data        0   [ 00000300 ]  00000180          *   00000000   

.pinit       0   [ 00000300 ]  00000180          *   00000000   

.stack       0   [ 00004ca0 ]  00002650          *   00001000   
                 [ 00004ca0 ]  00002650          *   00001000   --HOLE-- [fill = 00]

.sysstack 
*            0   [ 00006ca0 ]  00003650          *   00000800   
                 [ 00006ca0 ]  00003650          *   00000800   --HOLE-- [fill = 00]

dmaMem       0   [ 00007cc0 ]  00003e60          *   00000400   
                 [ 00007cc0 ]  00003e60          *   00000400   main.obj (dmaMem) [fill = 00]

.const       0   [ 000084c0 ]  00004260          *   000002ac   
                 [ 000084c0 ]  00004260          *   00000101   rts55x.lib : ctype.obj (.const:__ctypes_)
                 [ 000086c2 ]  00004361          *   000000c8   oled.obj (.const:_glyphs)
                 [ 00008852 ]  00004429          *   00000001   --HOLE-- [fill = 00]
                 [ 00008854 ]  0000442a          *   00000082   state_machine.obj (.const:.string)
                 [ 00008958 ]  000044ac          *   00000024   rts55x.lib : _printfi.obj (.const:.string)
                 [ 000089a0 ]  000044d0          *   0000001b   ezdsp5502bsl.lib : ezdsp5502_mcbsp.obj (.const:_$P$T0$1)
                 [ 000089d6 ]  000044eb          *   00000001   --HOLE-- [fill = 00]
                 [ 000089d8 ]  000044ec          *   0000000c   rts55x.lib : _printfi.obj (.const)
                 [ 000089f0 ]  000044f8          *   0000000a   ezdsp5502bsl.lib : ezdsp5502_i2c.obj (.const:_$P$T0$1)
                 [ 00008a04 ]  00004502          *   00000008   rts55x.lib : divd.obj (.const:_initial_approx$1)
                 [ 00008a14 ]  0000450a          *   00000002              : fltlid.obj (.const)

.cinit       0   [ 00008a18 ]  0000450c          *   00000227   
                 [ 00008a18 ]  0000450c          *   000000ac   state_machine.obj (.cinit)
                 [ 00008b70 ]  000045b8          *   00000081   csl5502x.lib : csl_dmadat.obj (.cinit)
                 [ 00008c72 ]  00004639          *   00000069                : csl_mcbspdat.obj (.cinit)
                 [ 00008d44 ]  000046a2          *   0000002c   dma.obj (.cinit)
                 [ 00008d9c ]  000046ce          *   00000025   csl5502x.lib : csl_csldat.obj (.cinit)
                 [ 00008de6 ]  000046f3          *   00000023                : csl_gpiodat.obj (.cinit)
                 [ 00008e2c ]  00004716          *   0000000a   rts55x.lib : _lock.obj (.cinit)
                 [ 00008e40 ]  00004720          *   0000000a              : exit.obj (.cinit)
                 [ 00008e54 ]  0000472a          *   00000008   buttons.obj (.cinit)
                 [ 00008e64 ]  00004732          *   00000001   --HOLE-- [fill = 0]

.csldata     0   [ 00008e80 ]  00004740          *   00000126   
                 [ 00008e80 ]  00004740          *   0000007e   csl5502x.lib : csl_dmadat.obj (.csldata:DMA_data) [fill = 00]
                 [ 00008f7c ]  000047be          *   00000066                : csl_mcbspdat.obj (.csldata:MCBSP_data) [fill = 00]
                 [ 00009048 ]  00004824          *   00000022                : csl_csldat.obj (.csldata:SYS_data) [fill = 00]
                 [ 0000908c ]  00004846          *   00000020                : csl_gpiodat.obj (.csldata:GPIO_data) [fill = 00]

.bss         0   [ 000090e0 ]  00004870          *   000000f8   
                 [ 000090e0 ]  00004870          *   000000b5   state_machine.obj (.bss) [fill = 00]
                 [ 0000924a ]  00004925          *   00000001   --HOLE-- [fill = 00]
                 [ 0000924c ]  00004926          *   0000002e   dma.obj (.bss) [fill = 00]
                 [ 000092a8 ]  00004954          *   00000008   ezdsp5502bsl.lib : ezdsp5502_gpio.obj (.bss) [fill = 00]
                 [ 000092b8 ]  0000495c          *   00000004   rts55x.lib : _lock.obj (.bss) [fill = 00]
                 [ 000092c0 ]  00004960          *   00000004              : exit.obj (.bss) [fill = 00]
                 [ 000092c8 ]  00004964          *   00000002   buttons.obj (.bss) [fill = 00]
                 [ 000092cc ]  00004966          *   00000002   ezdsp5502bsl.lib : ezdsp5502_mcbsp.obj (.bss) [fill = 00]

.vectors     0     0000fe00  [ 00007f00 ] 00000100          *   
                   0000fe00  [ 00007f00 ] 00000100          *   vectors_dma.obj (.vectors)


GLOBAL SYMBOLS: SORTED ALPHABETICALLY BY Name 

abs. value/
byte addr   word addr   name
---------   ---------   ----
00000002                $TI_capability$C5500$CallingConvention
00000002                $TI_capability$C5500$MemoryModel
00000001                $TI_capability_requires_rev2
            00004870    .bss
            00000180    .data
00000300                .text
00004c7d                C$$EXIT
00004beb                I$$LMPY
00004b04                I$$UDIV
00004b19                I$$UMOD
00002b53                _AIC3204_rset
00004c94                _CSL5502_LIB_
            00004740    _CSL_DmaData
            00004846    _CSL_GpioData
            000047be    _CSL_McbspData
            00004824    _CSL_SysData
00004c64                _CSL_init
00003bd0                _DMA_config
00003ea4                _DMA_open
00002f08                _DMA_reset
000028ee                _EZDSP5502_GPIO_getInput
0000275d                _EZDSP5502_GPIO_init
000027f4                _EZDSP5502_GPIO_setDirection
00002871                _EZDSP5502_GPIO_setOutput
000036f1                _EZDSP5502_I2CGPIO_configLine
000037c8                _EZDSP5502_I2CGPIO_read
00003744                _EZDSP5502_I2CGPIO_readLine
00003815                _EZDSP5502_I2CGPIO_write
00003775                _EZDSP5502_I2CGPIO_writeLine
0000466d                _EZDSP5502_I2C_init
000046b6                _EZDSP5502_I2C_read
0000468a                _EZDSP5502_I2C_reset
00004694                _EZDSP5502_I2C_write
00003fb3                _EZDSP5502_MCBSP_close
00003f6f                _EZDSP5502_MCBSP_init
00003ff5                _EZDSP5502_MCBSP_read
00003fc5                _EZDSP5502_MCBSP_write
000045e5                _EZDSP5502_init
0000459f                _EZDSP5502_wait
000045d3                _EZDSP5502_waitusec
00004808                _GPIO_open
00004b54                _GPIO_pinDirection
00004bd8                _GPIO_pinEnable
00004bb0                _GPIO_pinRead
00004b74                _GPIO_pinWrite
000043cc                _I2C_config
00003594                _I2C_read
00003278                _I2C_write
00004a00                _IRQ_clear
00004520                _IRQ_disable
000046dc                _IRQ_enable
00004c34                _IRQ_globalDisable
00004c44                _IRQ_globalEnable
00004c70                _IRQ_globalRestore
00004158                _IRQ_plug
00004a38                _IRQ_setVecs
00002b7d                _Init_AIC3204
00004a70                _MCBSP_close
0000398c                _MCBSP_config
00003ce0                _MCBSP_open
00004c84                _MCBSP_read16
00002044                _MCBSP_reset
000041e4                _MCBSP_start
00004c8c                _MCBSP_write16
000000c0                _Reset
0000fe00                _VECSTART
00004c54                __CSL_init
            00003650    __STACK_END
00002000                __STACK_SIZE
00001000                __SYSSTACK_SIZE
00000001                __TI_args_main
ffffffff                ___binit__
            00004870    ___bss__
ffffffff                ___c_args__
            0000450c    ___cinit__
            00000180    ___data__
            00000180    ___edata__
            00004968    ___end__
00004c98                ___etext__
00004b93                ___isinf
ffffffff                ___pinit__
00000300                ___text__
00002503                __addd
000048a4                __args_main
            00004960    __cleanup_ptr
00002afb                __cmpd
            00004260    __ctypes_
00001c77                __divd
0000493a                __divli
000024ce                __divlli
00004b04                __divu
00004029                __divul
000023da                __divull
            00004962    __dtors_ptr
00002ac7                __eqld
00004ada                __fixdi
000045fe                __fixdli
00004744                __fltlid
000042e3                __frcmpyd
00004359                __frcmpyd_div
00002a7d                __geqd
00002a32                __gtrd
000029e5                __leqd
            0000495c    __lock
0000299d                __lssd
0000383f                __mpyd
00004beb                __mpyli
00002322                __mpylli
00004c21                __negd
00002969                __neqd
00004c0e                __nop
00001662                __printfi
00004c06                __register_lock
00004bfe                __register_unlock
000048ef                __remli
000022f3                __remlli
00004b19                __remu
0000443e                __remul
000022a5                __remull
            00002650    __stack
00004bc4                __subd
            00003650    __sysstack
            0000495e    __unlock
00004c7c                _abort
            00004966    _aicMcbsp
000047ab                _atoi
00004857                _auto_init
            00003e60    _buffReceive
            00004060    _buffTransmit
00004aa6                _c_int00
00004120                _changeButtonState
000040e0                _checkButtons
00003e30                _cleanBuffers
0000315d                _configAudioDma
            00004926    _dmaInterruptFlag
00003abc                _dmaRcvIsr
            0000492c    _dmaReceive
            0000492e    _dmaTransmit
00003e67                _dsp_process
            00004870    _effects
00003266                _enableInterrupt
000049c1                _exit
0000413e                _getButtonState
00002dd3                _getGlyphForChar
            00004954    _hGPIO_group0
            00004956    _hGPIO_group1
            00004958    _hGPIO_group2
            0000495a    _hGPIO_group3
000040ca                _initI2CButtons
00004266                _ltoa
00003dce                _main
00004b2e                _memccpy
00004982                _memcpy
            0000491b    _message
            00004930    _myconfig_receive
            00004942    _myconfig_transmit
            0000492a    _old_intm
00002da6                _oled_addSpace
00002d70                _oled_fillPage
00002d4a                _oled_setPage
00002d34                _oled_start
00002e34                _oled_writeText
00003406                _osd9616_init
00003506                _osd9616_multiSend
000034e6                _osd9616_send
00003554                _printLetter
            00004928    _rcvEventId
000044b0                _sprintf
0000322d                _startAudioDma
00001a9b                _stateMachineInit
00001ac8                _stateMachineRun
0000324e                _stopAudioDma
00004c10                _strlen
            00004927    _xmtEventId
ffffffff                binit
            0000450c    cinit
            00000180    edata
            00004968    end
00004c98                etext
0000fe10                int0
0000fe18                int1
0000fe60                int10
0000fe68                int11
0000fe70                int12
0000fe78                int13
0000fe80                int14
0000fe88                int15
0000fe90                int16
0000fe98                int17
0000fea0                int18
0000fea8                int19
0000fe20                int2
0000feb0                int20
0000feb8                int21
0000fec0                int22
0000fec8                int23
0000fed0                int24
0000fed8                int25
0000fee0                int26
0000fee8                int27
0000fef0                int28
0000fef8                int29
0000fe28                int3
0000fe30                int4
0000fe38                int5
0000fe40                int6
0000fe48                int7
0000fe50                int8
0000fe58                int9
0000fe08                nmi
00003275                no_isr
ffffffff                pinit


GLOBAL SYMBOLS: SORTED BY Symbol Address 

abs. value/
byte addr   word addr   name
---------   ---------   ----
00000001                $TI_capability_requires_rev2
00000001                __TI_args_main
00000002                $TI_capability$C5500$CallingConvention
00000002                $TI_capability$C5500$MemoryModel
000000c0                _Reset
            00000180    .data
00000300                .text
            00000180    ___data__
            00000180    ___edata__
00000300                ___text__
            00000180    edata
00001000                __SYSSTACK_SIZE
00001662                __printfi
00001a9b                _stateMachineInit
00001ac8                _stateMachineRun
00001c77                __divd
00002000                __STACK_SIZE
00002044                _MCBSP_reset
000022a5                __remull
000022f3                __remlli
00002322                __mpylli
000023da                __divull
000024ce                __divlli
00002503                __addd
0000275d                _EZDSP5502_GPIO_init
000027f4                _EZDSP5502_GPIO_setDirection
00002871                _EZDSP5502_GPIO_setOutput
000028ee                _EZDSP5502_GPIO_getInput
00002969                __neqd
0000299d                __lssd
000029e5                __leqd
00002a32                __gtrd
00002a7d                __geqd
00002ac7                __eqld
00002afb                __cmpd
00002b53                _AIC3204_rset
00002b7d                _Init_AIC3204
00002d34                _oled_start
00002d4a                _oled_setPage
00002d70                _oled_fillPage
00002da6                _oled_addSpace
00002dd3                _getGlyphForChar
00002e34                _oled_writeText
00002f08                _DMA_reset
0000315d                _configAudioDma
0000322d                _startAudioDma
0000324e                _stopAudioDma
00003266                _enableInterrupt
00003275                no_isr
00003278                _I2C_write
00003406                _osd9616_init
000034e6                _osd9616_send
00003506                _osd9616_multiSend
00003554                _printLetter
00003594                _I2C_read
000036f1                _EZDSP5502_I2CGPIO_configLine
00003744                _EZDSP5502_I2CGPIO_readLine
00003775                _EZDSP5502_I2CGPIO_writeLine
000037c8                _EZDSP5502_I2CGPIO_read
00003815                _EZDSP5502_I2CGPIO_write
0000383f                __mpyd
0000398c                _MCBSP_config
00003abc                _dmaRcvIsr
00003bd0                _DMA_config
00003ce0                _MCBSP_open
00003dce                _main
00003e30                _cleanBuffers
00003e67                _dsp_process
00003ea4                _DMA_open
00003f6f                _EZDSP5502_MCBSP_init
00003fb3                _EZDSP5502_MCBSP_close
00003fc5                _EZDSP5502_MCBSP_write
00003ff5                _EZDSP5502_MCBSP_read
00004029                __divul
000040ca                _initI2CButtons
000040e0                _checkButtons
00004120                _changeButtonState
0000413e                _getButtonState
00004158                _IRQ_plug
000041e4                _MCBSP_start
00004266                _ltoa
000042e3                __frcmpyd
00004359                __frcmpyd_div
000043cc                _I2C_config
0000443e                __remul
000044b0                _sprintf
00004520                _IRQ_disable
0000459f                _EZDSP5502_wait
000045d3                _EZDSP5502_waitusec
000045e5                _EZDSP5502_init
000045fe                __fixdli
0000466d                _EZDSP5502_I2C_init
0000468a                _EZDSP5502_I2C_reset
00004694                _EZDSP5502_I2C_write
000046b6                _EZDSP5502_I2C_read
000046dc                _IRQ_enable
00004744                __fltlid
000047ab                _atoi
00004808                _GPIO_open
00004857                _auto_init
000048a4                __args_main
000048ef                __remli
0000493a                __divli
00004982                _memcpy
000049c1                _exit
00004a00                _IRQ_clear
00004a38                _IRQ_setVecs
00004a70                _MCBSP_close
00004aa6                _c_int00
00004ada                __fixdi
00004b04                I$$UDIV
00004b04                __divu
00004b19                I$$UMOD
00004b19                __remu
00004b2e                _memccpy
00004b54                _GPIO_pinDirection
00004b74                _GPIO_pinWrite
00004b93                ___isinf
00004bb0                _GPIO_pinRead
00004bc4                __subd
00004bd8                _GPIO_pinEnable
00004beb                I$$LMPY
00004beb                __mpyli
00004bfe                __register_unlock
00004c06                __register_lock
00004c0e                __nop
00004c10                _strlen
00004c21                __negd
00004c34                _IRQ_globalDisable
00004c44                _IRQ_globalEnable
00004c54                __CSL_init
00004c64                _CSL_init
00004c70                _IRQ_globalRestore
00004c7c                _abort
00004c7d                C$$EXIT
00004c84                _MCBSP_read16
00004c8c                _MCBSP_write16
00004c94                _CSL5502_LIB_
00004c98                ___etext__
00004c98                etext
            00002650    __stack
            00003650    __STACK_END
            00003650    __sysstack
            00003e60    _buffReceive
            00004060    _buffTransmit
            00004260    __ctypes_
            0000450c    ___cinit__
            0000450c    cinit
            00004740    _CSL_DmaData
            000047be    _CSL_McbspData
            00004824    _CSL_SysData
            00004846    _CSL_GpioData
            00004870    .bss
            00004870    ___bss__
            00004870    _effects
            0000491b    _message
            00004926    _dmaInterruptFlag
            00004927    _xmtEventId
            00004928    _rcvEventId
            0000492a    _old_intm
            0000492c    _dmaReceive
            0000492e    _dmaTransmit
            00004930    _myconfig_receive
            00004942    _myconfig_transmit
            00004954    _hGPIO_group0
            00004956    _hGPIO_group1
            00004958    _hGPIO_group2
            0000495a    _hGPIO_group3
            0000495c    __lock
            0000495e    __unlock
            00004960    __cleanup_ptr
            00004962    __dtors_ptr
            00004966    _aicMcbsp
            00004968    ___end__
            00004968    end
0000fe00                _VECSTART
0000fe08                nmi
0000fe10                int0
0000fe18                int1
0000fe20                int2
0000fe28                int3
0000fe30                int4
0000fe38                int5
0000fe40                int6
0000fe48                int7
0000fe50                int8
0000fe58                int9
0000fe60                int10
0000fe68                int11
0000fe70                int12
0000fe78                int13
0000fe80                int14
0000fe88                int15
0000fe90                int16
0000fe98                int17
0000fea0                int18
0000fea8                int19
0000feb0                int20
0000feb8                int21
0000fec0                int22
0000fec8                int23
0000fed0                int24
0000fed8                int25
0000fee0                int26
0000fee8                int27
0000fef0                int28
0000fef8                int29
ffffffff                ___binit__
ffffffff                ___c_args__
ffffffff                ___pinit__
ffffffff                binit
ffffffff                pinit

[212 symbols]
