<?xml version="1.0"?>
<link_info>
   <banner>TMS320C55x Linker PC v4.4.1</banner>
   <copyright>Copyright (c) 1996-2012 Texas Instruments Incorporated</copyright>
   <link_time>0x679fe048</link_time>
   <output_file>DSP_EffectSuite.out</output_file>
   <entry_point>
      <name>_c_int00</name>
      <address>0x8462</address>
   </entry_point>
   <input_file_list>
      <input_file id="fl-2">
         <path>.\src\</path>
         <kind>object</kind>
         <file>aic3204.obj</file>
         <name>aic3204.obj</name>
      </input_file>
      <input_file id="fl-3">
         <path>.\src\</path>
         <kind>object</kind>
         <file>buttons.obj</file>
         <name>buttons.obj</name>
      </input_file>
      <input_file id="fl-4">
         <path>.\src\</path>
         <kind>object</kind>
         <file>dma.obj</file>
         <name>dma.obj</name>
      </input_file>
      <input_file id="fl-5">
         <path>.\src\</path>
         <kind>object</kind>
         <file>dsp_effects.obj</file>
         <name>dsp_effects.obj</name>
      </input_file>
      <input_file id="fl-6">
         <path>.\src\</path>
         <kind>object</kind>
         <file>lcd.obj</file>
         <name>lcd.obj</name>
      </input_file>
      <input_file id="fl-7">
         <path>.\src\</path>
         <kind>object</kind>
         <file>main.obj</file>
         <name>main.obj</name>
      </input_file>
      <input_file id="fl-8">
         <path>.\src\</path>
         <kind>object</kind>
         <file>oled.obj</file>
         <name>oled.obj</name>
      </input_file>
      <input_file id="fl-9">
         <path>.\src\</path>
         <kind>object</kind>
         <file>state_machine.obj</file>
         <name>state_machine.obj</name>
      </input_file>
      <input_file id="fl-a">
         <path>.\src\</path>
         <kind>object</kind>
         <file>vectors_dma.obj</file>
         <name>vectors_dma.obj</name>
      </input_file>
      <input_file id="fl-b">
         <path>.\src\effects\</path>
         <kind>object</kind>
         <file>autowah.obj</file>
         <name>autowah.obj</name>
      </input_file>
      <input_file id="fl-c">
         <path>.\src\effects\</path>
         <kind>object</kind>
         <file>phaser.obj</file>
         <name>phaser.obj</name>
      </input_file>
      <input_file id="fl-d">
         <path>.\src\effects\</path>
         <kind>object</kind>
         <file>reverbs.obj</file>
         <name>reverbs.obj</name>
      </input_file>
      <input_file id="fl-13">
         <path>C:\ti\ccs1281\ccs\tools\compiler\c5500_4.4.1\lib\</path>
         <kind>archive</kind>
         <file>rts55x.lib</file>
         <name>addd.obj</name>
      </input_file>
      <input_file id="fl-14">
         <path>C:\ti\ccs1281\ccs\tools\compiler\c5500_4.4.1\lib\</path>
         <kind>archive</kind>
         <file>rts55x.lib</file>
         <name>boot.obj</name>
      </input_file>
      <input_file id="fl-15">
         <path>C:\ti\ccs1281\ccs\tools\compiler\c5500_4.4.1\lib\</path>
         <kind>archive</kind>
         <file>rts55x.lib</file>
         <name>cmpd.obj</name>
      </input_file>
      <input_file id="fl-16">
         <path>C:\ti\ccs1281\ccs\tools\compiler\c5500_4.4.1\lib\</path>
         <kind>archive</kind>
         <file>rts55x.lib</file>
         <name>cos.obj</name>
      </input_file>
      <input_file id="fl-17">
         <path>C:\ti\ccs1281\ccs\tools\compiler\c5500_4.4.1\lib\</path>
         <kind>archive</kind>
         <file>rts55x.lib</file>
         <name>divd.obj</name>
      </input_file>
      <input_file id="fl-18">
         <path>C:\ti\ccs1281\ccs\tools\compiler\c5500_4.4.1\lib\</path>
         <kind>archive</kind>
         <file>rts55x.lib</file>
         <name>exit.obj</name>
      </input_file>
      <input_file id="fl-19">
         <path>C:\ti\ccs1281\ccs\tools\compiler\c5500_4.4.1\lib\</path>
         <kind>archive</kind>
         <file>rts55x.lib</file>
         <name>fclose.obj</name>
      </input_file>
      <input_file id="fl-1a">
         <path>C:\ti\ccs1281\ccs\tools\compiler\c5500_4.4.1\lib\</path>
         <kind>archive</kind>
         <file>rts55x.lib</file>
         <name>fflush.obj</name>
      </input_file>
      <input_file id="fl-1b">
         <path>C:\ti\ccs1281\ccs\tools\compiler\c5500_4.4.1\lib\</path>
         <kind>archive</kind>
         <file>rts55x.lib</file>
         <name>fixdi.obj</name>
      </input_file>
      <input_file id="fl-1c">
         <path>C:\ti\ccs1281\ccs\tools\compiler\c5500_4.4.1\lib\</path>
         <kind>archive</kind>
         <file>rts55x.lib</file>
         <name>fixdli.obj</name>
      </input_file>
      <input_file id="fl-1d">
         <path>C:\ti\ccs1281\ccs\tools\compiler\c5500_4.4.1\lib\</path>
         <kind>archive</kind>
         <file>rts55x.lib</file>
         <name>fixdu.obj</name>
      </input_file>
      <input_file id="fl-1e">
         <path>C:\ti\ccs1281\ccs\tools\compiler\c5500_4.4.1\lib\</path>
         <kind>archive</kind>
         <file>rts55x.lib</file>
         <name>fixdul.obj</name>
      </input_file>
      <input_file id="fl-1f">
         <path>C:\ti\ccs1281\ccs\tools\compiler\c5500_4.4.1\lib\</path>
         <kind>archive</kind>
         <file>rts55x.lib</file>
         <name>fltid.obj</name>
      </input_file>
      <input_file id="fl-20">
         <path>C:\ti\ccs1281\ccs\tools\compiler\c5500_4.4.1\lib\</path>
         <kind>archive</kind>
         <file>rts55x.lib</file>
         <name>fltlid.obj</name>
      </input_file>
      <input_file id="fl-21">
         <path>C:\ti\ccs1281\ccs\tools\compiler\c5500_4.4.1\lib\</path>
         <kind>archive</kind>
         <file>rts55x.lib</file>
         <name>fltud.obj</name>
      </input_file>
      <input_file id="fl-22">
         <path>C:\ti\ccs1281\ccs\tools\compiler\c5500_4.4.1\lib\</path>
         <kind>archive</kind>
         <file>rts55x.lib</file>
         <name>fltuld.obj</name>
      </input_file>
      <input_file id="fl-23">
         <path>C:\ti\ccs1281\ccs\tools\compiler\c5500_4.4.1\lib\</path>
         <kind>archive</kind>
         <file>rts55x.lib</file>
         <name>fopen.obj</name>
      </input_file>
      <input_file id="fl-24">
         <path>C:\ti\ccs1281\ccs\tools\compiler\c5500_4.4.1\lib\</path>
         <kind>archive</kind>
         <file>rts55x.lib</file>
         <name>frcmpyd_div.obj</name>
      </input_file>
      <input_file id="fl-25">
         <path>C:\ti\ccs1281\ccs\tools\compiler\c5500_4.4.1\lib\</path>
         <kind>archive</kind>
         <file>rts55x.lib</file>
         <name>fread.obj</name>
      </input_file>
      <input_file id="fl-26">
         <path>C:\ti\ccs1281\ccs\tools\compiler\c5500_4.4.1\lib\</path>
         <kind>archive</kind>
         <file>rts55x.lib</file>
         <name>fwrite.obj</name>
      </input_file>
      <input_file id="fl-27">
         <path>C:\ti\ccs1281\ccs\tools\compiler\c5500_4.4.1\lib\</path>
         <kind>archive</kind>
         <file>rts55x.lib</file>
         <name>lmpy.obj</name>
      </input_file>
      <input_file id="fl-28">
         <path>C:\ti\ccs1281\ccs\tools\compiler\c5500_4.4.1\lib\</path>
         <kind>archive</kind>
         <file>rts55x.lib</file>
         <name>lowlev.obj</name>
      </input_file>
      <input_file id="fl-29">
         <path>C:\ti\ccs1281\ccs\tools\compiler\c5500_4.4.1\lib\</path>
         <kind>archive</kind>
         <file>rts55x.lib</file>
         <name>memcpy.obj</name>
      </input_file>
      <input_file id="fl-2a">
         <path>C:\ti\ccs1281\ccs\tools\compiler\c5500_4.4.1\lib\</path>
         <kind>archive</kind>
         <file>rts55x.lib</file>
         <name>memory.obj</name>
      </input_file>
      <input_file id="fl-2b">
         <path>C:\ti\ccs1281\ccs\tools\compiler\c5500_4.4.1\lib\</path>
         <kind>archive</kind>
         <file>rts55x.lib</file>
         <name>memset.obj</name>
      </input_file>
      <input_file id="fl-2c">
         <path>C:\ti\ccs1281\ccs\tools\compiler\c5500_4.4.1\lib\</path>
         <kind>archive</kind>
         <file>rts55x.lib</file>
         <name>modf.obj</name>
      </input_file>
      <input_file id="fl-2d">
         <path>C:\ti\ccs1281\ccs\tools\compiler\c5500_4.4.1\lib\</path>
         <kind>archive</kind>
         <file>rts55x.lib</file>
         <name>mpyd.obj</name>
      </input_file>
      <input_file id="fl-2e">
         <path>C:\ti\ccs1281\ccs\tools\compiler\c5500_4.4.1\lib\</path>
         <kind>archive</kind>
         <file>rts55x.lib</file>
         <name>negd.obj</name>
      </input_file>
      <input_file id="fl-2f">
         <path>C:\ti\ccs1281\ccs\tools\compiler\c5500_4.4.1\lib\</path>
         <kind>archive</kind>
         <file>rts55x.lib</file>
         <name>printf.obj</name>
      </input_file>
      <input_file id="fl-30">
         <path>C:\ti\ccs1281\ccs\tools\compiler\c5500_4.4.1\lib\</path>
         <kind>archive</kind>
         <file>rts55x.lib</file>
         <name>remli.obj</name>
      </input_file>
      <input_file id="fl-31">
         <path>C:\ti\ccs1281\ccs\tools\compiler\c5500_4.4.1\lib\</path>
         <kind>archive</kind>
         <file>rts55x.lib</file>
         <name>remove.obj</name>
      </input_file>
      <input_file id="fl-32">
         <path>C:\ti\ccs1281\ccs\tools\compiler\c5500_4.4.1\lib\</path>
         <kind>archive</kind>
         <file>rts55x.lib</file>
         <name>remul.obj</name>
      </input_file>
      <input_file id="fl-33">
         <path>C:\ti\ccs1281\ccs\tools\compiler\c5500_4.4.1\lib\</path>
         <kind>archive</kind>
         <file>rts55x.lib</file>
         <name>rewind.obj</name>
      </input_file>
      <input_file id="fl-34">
         <path>C:\ti\ccs1281\ccs\tools\compiler\c5500_4.4.1\lib\</path>
         <kind>archive</kind>
         <file>rts55x.lib</file>
         <name>round.obj</name>
      </input_file>
      <input_file id="fl-35">
         <path>C:\ti\ccs1281\ccs\tools\compiler\c5500_4.4.1\lib\</path>
         <kind>archive</kind>
         <file>rts55x.lib</file>
         <name>sin.obj</name>
      </input_file>
      <input_file id="fl-36">
         <path>C:\ti\ccs1281\ccs\tools\compiler\c5500_4.4.1\lib\</path>
         <kind>archive</kind>
         <file>rts55x.lib</file>
         <name>snprintf.obj</name>
      </input_file>
      <input_file id="fl-37">
         <path>C:\ti\ccs1281\ccs\tools\compiler\c5500_4.4.1\lib\</path>
         <kind>archive</kind>
         <file>rts55x.lib</file>
         <name>sprintf.obj</name>
      </input_file>
      <input_file id="fl-38">
         <path>C:\ti\ccs1281\ccs\tools\compiler\c5500_4.4.1\lib\</path>
         <kind>archive</kind>
         <file>rts55x.lib</file>
         <name>strlen.obj</name>
      </input_file>
      <input_file id="fl-39">
         <path>C:\ti\ccs1281\ccs\tools\compiler\c5500_4.4.1\lib\</path>
         <kind>archive</kind>
         <file>rts55x.lib</file>
         <name>subd.obj</name>
      </input_file>
      <input_file id="fl-3a">
         <path>C:\ti\ccs1281\ccs\tools\compiler\c5500_4.4.1\lib\</path>
         <kind>archive</kind>
         <file>rts55x.lib</file>
         <name>trgdrv.obj</name>
      </input_file>
      <input_file id="fl-3b">
         <path>C:\ti\ccs1281\ccs\tools\compiler\c5500_4.4.1\lib\</path>
         <kind>archive</kind>
         <file>rts55x.lib</file>
         <name>trgmsg.obj</name>
      </input_file>
      <input_file id="fl-3c">
         <path>C:\ti\ccs1281\ccs\tools\compiler\c5500_4.4.1\lib\</path>
         <kind>archive</kind>
         <file>rts55x.lib</file>
         <name>trunc.obj</name>
      </input_file>
      <input_file id="fl-3d">
         <path>C:\ti\ccs1281\ccs\tools\compiler\c5500_4.4.1\lib\</path>
         <kind>archive</kind>
         <file>rts55x.lib</file>
         <name>udiv.obj</name>
      </input_file>
      <input_file id="fl-3e">
         <path>C:\ti\ccs1281\ccs\tools\compiler\c5500_4.4.1\lib\</path>
         <kind>archive</kind>
         <file>rts55x.lib</file>
         <name>vectors.obj</name>
      </input_file>
      <input_file id="fl-3f">
         <path>C:\ti\ccs1281\ccs\tools\compiler\c5500_4.4.1\lib\</path>
         <kind>archive</kind>
         <file>rts55x.lib</file>
         <name>_bufread.obj</name>
      </input_file>
      <input_file id="fl-40">
         <path>C:\ti\ccs1281\ccs\tools\compiler\c5500_4.4.1\lib\</path>
         <kind>archive</kind>
         <file>rts55x.lib</file>
         <name>_io_perm.obj</name>
      </input_file>
      <input_file id="fl-41">
         <path>C:\ti\ccs1281\ccs\tools\compiler\c5500_4.4.1\lib\</path>
         <kind>archive</kind>
         <file>rts55x.lib</file>
         <name>_lock.obj</name>
      </input_file>
      <input_file id="fl-42">
         <path>C:\ti\ccs1281\ccs\tools\compiler\c5500_4.4.1\lib\</path>
         <kind>archive</kind>
         <file>rts55x.lib</file>
         <name>_printfi.obj</name>
      </input_file>
      <input_file id="fl-43">
         <path>C:\ti\ccs1281\ccs\tools\compiler\c5500_4.4.1\lib\</path>
         <kind>archive</kind>
         <file>rts55x.lib</file>
         <name>args_main.obj</name>
      </input_file>
      <input_file id="fl-44">
         <path>C:\ti\ccs1281\ccs\tools\compiler\c5500_4.4.1\lib\</path>
         <kind>archive</kind>
         <file>rts55x.lib</file>
         <name>atoi.obj</name>
      </input_file>
      <input_file id="fl-45">
         <path>C:\ti\ccs1281\ccs\tools\compiler\c5500_4.4.1\lib\</path>
         <kind>archive</kind>
         <file>rts55x.lib</file>
         <name>autoinit.obj</name>
      </input_file>
      <input_file id="fl-46">
         <path>C:\ti\ccs1281\ccs\tools\compiler\c5500_4.4.1\lib\</path>
         <kind>archive</kind>
         <file>rts55x.lib</file>
         <name>ctype.obj</name>
      </input_file>
      <input_file id="fl-47">
         <path>C:\ti\ccs1281\ccs\tools\compiler\c5500_4.4.1\lib\</path>
         <kind>archive</kind>
         <file>rts55x.lib</file>
         <name>defs.obj</name>
      </input_file>
      <input_file id="fl-48">
         <path>C:\ti\ccs1281\ccs\tools\compiler\c5500_4.4.1\lib\</path>
         <kind>archive</kind>
         <file>rts55x.lib</file>
         <name>divul.obj</name>
      </input_file>
      <input_file id="fl-49">
         <path>C:\ti\ccs1281\ccs\tools\compiler\c5500_4.4.1\lib\</path>
         <kind>archive</kind>
         <file>rts55x.lib</file>
         <name>fputc.obj</name>
      </input_file>
      <input_file id="fl-4a">
         <path>C:\ti\ccs1281\ccs\tools\compiler\c5500_4.4.1\lib\</path>
         <kind>archive</kind>
         <file>rts55x.lib</file>
         <name>fputs.obj</name>
      </input_file>
      <input_file id="fl-4b">
         <path>C:\ti\ccs1281\ccs\tools\compiler\c5500_4.4.1\lib\</path>
         <kind>archive</kind>
         <file>rts55x.lib</file>
         <name>frcmpyd.obj</name>
      </input_file>
      <input_file id="fl-4c">
         <path>C:\ti\ccs1281\ccs\tools\compiler\c5500_4.4.1\lib\</path>
         <kind>archive</kind>
         <file>rts55x.lib</file>
         <name>fseek.obj</name>
      </input_file>
      <input_file id="fl-4d">
         <path>C:\ti\ccs1281\ccs\tools\compiler\c5500_4.4.1\lib\</path>
         <kind>archive</kind>
         <file>rts55x.lib</file>
         <name>isinf.obj</name>
      </input_file>
      <input_file id="fl-4e">
         <path>C:\ti\ccs1281\ccs\tools\compiler\c5500_4.4.1\lib\</path>
         <kind>archive</kind>
         <file>rts55x.lib</file>
         <name>llmpy.obj</name>
      </input_file>
      <input_file id="fl-4f">
         <path>C:\ti\ccs1281\ccs\tools\compiler\c5500_4.4.1\lib\</path>
         <kind>archive</kind>
         <file>rts55x.lib</file>
         <name>ltoa.obj</name>
      </input_file>
      <input_file id="fl-50">
         <path>C:\ti\ccs1281\ccs\tools\compiler\c5500_4.4.1\lib\</path>
         <kind>archive</kind>
         <file>rts55x.lib</file>
         <name>memccpy.obj</name>
      </input_file>
      <input_file id="fl-51">
         <path>C:\ti\ccs1281\ccs\tools\compiler\c5500_4.4.1\lib\</path>
         <kind>archive</kind>
         <file>rts55x.lib</file>
         <name>setvbuf.obj</name>
      </input_file>
      <input_file id="fl-52">
         <path>C:\ti\ccs1281\ccs\tools\compiler\c5500_4.4.1\lib\</path>
         <kind>archive</kind>
         <file>rts55x.lib</file>
         <name>divli.obj</name>
      </input_file>
      <input_file id="fl-53">
         <path>C:\Users\ceces\workspace_v12\lib\</path>
         <kind>archive</kind>
         <file>ezdsp5502bsl.lib</file>
         <name>ezdsp5502_mcbsp.obj</name>
      </input_file>
      <input_file id="fl-54">
         <path>C:\Users\ceces\workspace_v12\lib\</path>
         <kind>archive</kind>
         <file>ezdsp5502bsl.lib</file>
         <name>ezdsp5502_i2cgpio.obj</name>
      </input_file>
      <input_file id="fl-55">
         <path>C:\Users\ceces\workspace_v12\lib\</path>
         <kind>archive</kind>
         <file>ezdsp5502bsl.lib</file>
         <name>ezdsp5502_i2c.obj</name>
      </input_file>
      <input_file id="fl-56">
         <path>C:\Users\ceces\workspace_v12\lib\</path>
         <kind>archive</kind>
         <file>ezdsp5502bsl.lib</file>
         <name>ezdsp5502_gpio.obj</name>
      </input_file>
      <input_file id="fl-57">
         <path>C:\Users\ceces\workspace_v12\lib\</path>
         <kind>archive</kind>
         <file>ezdsp5502bsl.lib</file>
         <name>ezdsp5502.obj</name>
      </input_file>
      <input_file id="fl-58">
         <path>C:\Users\ceces\workspace_v12\C55xxCSL\lib\</path>
         <kind>archive</kind>
         <file>csl5502x.lib</file>
         <name>_csl_init.obj</name>
      </input_file>
      <input_file id="fl-59">
         <path>C:\Users\ceces\workspace_v12\C55xxCSL\lib\</path>
         <kind>archive</kind>
         <file>csl5502x.lib</file>
         <name>csl.obj</name>
      </input_file>
      <input_file id="fl-5a">
         <path>C:\Users\ceces\workspace_v12\C55xxCSL\lib\</path>
         <kind>archive</kind>
         <file>csl5502x.lib</file>
         <name>csl_csldat.obj</name>
      </input_file>
      <input_file id="fl-5b">
         <path>C:\Users\ceces\workspace_v12\C55xxCSL\lib\</path>
         <kind>archive</kind>
         <file>csl5502x.lib</file>
         <name>dma_cfg.obj</name>
      </input_file>
      <input_file id="fl-5c">
         <path>C:\Users\ceces\workspace_v12\C55xxCSL\lib\</path>
         <kind>archive</kind>
         <file>csl5502x.lib</file>
         <name>dma_open.obj</name>
      </input_file>
      <input_file id="fl-5d">
         <path>C:\Users\ceces\workspace_v12\C55xxCSL\lib\</path>
         <kind>archive</kind>
         <file>csl5502x.lib</file>
         <name>dma_reset.obj</name>
      </input_file>
      <input_file id="fl-5e">
         <path>C:\Users\ceces\workspace_v12\C55xxCSL\lib\</path>
         <kind>archive</kind>
         <file>csl5502x.lib</file>
         <name>gpio_dir.obj</name>
      </input_file>
      <input_file id="fl-5f">
         <path>C:\Users\ceces\workspace_v12\C55xxCSL\lib\</path>
         <kind>archive</kind>
         <file>csl5502x.lib</file>
         <name>gpio_enab.obj</name>
      </input_file>
      <input_file id="fl-60">
         <path>C:\Users\ceces\workspace_v12\C55xxCSL\lib\</path>
         <kind>archive</kind>
         <file>csl5502x.lib</file>
         <name>gpio_open.obj</name>
      </input_file>
      <input_file id="fl-61">
         <path>C:\Users\ceces\workspace_v12\C55xxCSL\lib\</path>
         <kind>archive</kind>
         <file>csl5502x.lib</file>
         <name>gpio_read.obj</name>
      </input_file>
      <input_file id="fl-62">
         <path>C:\Users\ceces\workspace_v12\C55xxCSL\lib\</path>
         <kind>archive</kind>
         <file>csl5502x.lib</file>
         <name>gpio_write.obj</name>
      </input_file>
      <input_file id="fl-63">
         <path>C:\Users\ceces\workspace_v12\C55xxCSL\lib\</path>
         <kind>archive</kind>
         <file>csl5502x.lib</file>
         <name>i2c_cfg.obj</name>
      </input_file>
      <input_file id="fl-64">
         <path>C:\Users\ceces\workspace_v12\C55xxCSL\lib\</path>
         <kind>archive</kind>
         <file>csl5502x.lib</file>
         <name>i2c_read.obj</name>
      </input_file>
      <input_file id="fl-65">
         <path>C:\Users\ceces\workspace_v12\C55xxCSL\lib\</path>
         <kind>archive</kind>
         <file>csl5502x.lib</file>
         <name>i2c_write.obj</name>
      </input_file>
      <input_file id="fl-66">
         <path>C:\Users\ceces\workspace_v12\C55xxCSL\lib\</path>
         <kind>archive</kind>
         <file>csl5502x.lib</file>
         <name>irq_clear.obj</name>
      </input_file>
      <input_file id="fl-67">
         <path>C:\Users\ceces\workspace_v12\C55xxCSL\lib\</path>
         <kind>archive</kind>
         <file>csl5502x.lib</file>
         <name>irq_disa.obj</name>
      </input_file>
      <input_file id="fl-68">
         <path>C:\Users\ceces\workspace_v12\C55xxCSL\lib\</path>
         <kind>archive</kind>
         <file>csl5502x.lib</file>
         <name>irq_enab.obj</name>
      </input_file>
      <input_file id="fl-69">
         <path>C:\Users\ceces\workspace_v12\C55xxCSL\lib\</path>
         <kind>archive</kind>
         <file>csl5502x.lib</file>
         <name>irq_gdisab.obj</name>
      </input_file>
      <input_file id="fl-6a">
         <path>C:\Users\ceces\workspace_v12\C55xxCSL\lib\</path>
         <kind>archive</kind>
         <file>csl5502x.lib</file>
         <name>irq_genab.obj</name>
      </input_file>
      <input_file id="fl-6b">
         <path>C:\Users\ceces\workspace_v12\C55xxCSL\lib\</path>
         <kind>archive</kind>
         <file>csl5502x.lib</file>
         <name>irq_grest.obj</name>
      </input_file>
      <input_file id="fl-6c">
         <path>C:\Users\ceces\workspace_v12\C55xxCSL\lib\</path>
         <kind>archive</kind>
         <file>csl5502x.lib</file>
         <name>irq_pluga.obj</name>
      </input_file>
      <input_file id="fl-6d">
         <path>C:\Users\ceces\workspace_v12\C55xxCSL\lib\</path>
         <kind>archive</kind>
         <file>csl5502x.lib</file>
         <name>irq_setvecs.obj</name>
      </input_file>
      <input_file id="fl-6e">
         <path>C:\Users\ceces\workspace_v12\C55xxCSL\lib\</path>
         <kind>archive</kind>
         <file>csl5502x.lib</file>
         <name>mcbsp_cfg.obj</name>
      </input_file>
      <input_file id="fl-6f">
         <path>C:\Users\ceces\workspace_v12\C55xxCSL\lib\</path>
         <kind>archive</kind>
         <file>csl5502x.lib</file>
         <name>mcbsp_cls.obj</name>
      </input_file>
      <input_file id="fl-70">
         <path>C:\Users\ceces\workspace_v12\C55xxCSL\lib\</path>
         <kind>archive</kind>
         <file>csl5502x.lib</file>
         <name>mcbsp_open.obj</name>
      </input_file>
      <input_file id="fl-71">
         <path>C:\Users\ceces\workspace_v12\C55xxCSL\lib\</path>
         <kind>archive</kind>
         <file>csl5502x.lib</file>
         <name>mcbsp_r16.obj</name>
      </input_file>
      <input_file id="fl-72">
         <path>C:\Users\ceces\workspace_v12\C55xxCSL\lib\</path>
         <kind>archive</kind>
         <file>csl5502x.lib</file>
         <name>mcbsp_rst.obj</name>
      </input_file>
      <input_file id="fl-73">
         <path>C:\Users\ceces\workspace_v12\C55xxCSL\lib\</path>
         <kind>archive</kind>
         <file>csl5502x.lib</file>
         <name>mcbsp_start.obj</name>
      </input_file>
      <input_file id="fl-74">
         <path>C:\Users\ceces\workspace_v12\C55xxCSL\lib\</path>
         <kind>archive</kind>
         <file>csl5502x.lib</file>
         <name>mcbsp_w16.obj</name>
      </input_file>
      <input_file id="fl-75">
         <path>C:\Users\ceces\workspace_v12\C55xxCSL\lib\</path>
         <kind>archive</kind>
         <file>csl5502x.lib</file>
         <name>csl_dmadat.obj</name>
      </input_file>
      <input_file id="fl-76">
         <path>C:\Users\ceces\workspace_v12\C55xxCSL\lib\</path>
         <kind>archive</kind>
         <file>csl5502x.lib</file>
         <name>csl_gpiodat.obj</name>
      </input_file>
      <input_file id="fl-77">
         <path>C:\Users\ceces\workspace_v12\C55xxCSL\lib\</path>
         <kind>archive</kind>
         <file>csl5502x.lib</file>
         <name>csl_mcbspdat.obj</name>
      </input_file>
   </input_file_list>
   <object_component_list>
      <object_component id="oc-15">
         <name>vectors</name>
         <load_address>0xc0</load_address>
         <run_address>0xc0</run_address>
         <size>0x100</size>
         <input_file_ref idref="fl-3e"/>
      </object_component>
      <object_component id="oc-138">
         <name>.text</name>
         <load_address>0x300</load_address>
         <run_address>0x300</run_address>
         <size>0x15a4</size>
         <input_file_ref idref="fl-42"/>
      </object_component>
      <object_component id="oc-5b">
         <name>.text</name>
         <load_address>0x18a4</load_address>
         <run_address>0x18a4</run_address>
         <size>0xc1d</size>
         <input_file_ref idref="fl-d"/>
      </object_component>
      <object_component id="oc-33">
         <name>.text</name>
         <load_address>0x24c1</load_address>
         <run_address>0x24c1</run_address>
         <size>0x5b7</size>
         <input_file_ref idref="fl-7"/>
      </object_component>
      <object_component id="oc-c0">
         <name>.text</name>
         <load_address>0x2a78</load_address>
         <run_address>0x2a78</run_address>
         <size>0x543</size>
         <input_file_ref idref="fl-28"/>
      </object_component>
      <object_component id="oc-112">
         <name>.text</name>
         <load_address>0x2fbb</load_address>
         <run_address>0x2fbb</run_address>
         <size>0x528</size>
         <input_file_ref idref="fl-3a"/>
      </object_component>
      <object_component id="oc-ca">
         <name>.text</name>
         <load_address>0x34e3</load_address>
         <run_address>0x34e3</run_address>
         <size>0x4b5</size>
         <input_file_ref idref="fl-2a"/>
      </object_component>
      <object_component id="oc-40">
         <name>.text</name>
         <load_address>0x3998</load_address>
         <run_address>0x3998</run_address>
         <size>0x423</size>
         <input_file_ref idref="fl-9"/>
      </object_component>
      <object_component id="oc-75">
         <name>.text</name>
         <load_address>0x3dbb</load_address>
         <run_address>0x3dbb</run_address>
         <size>0x3cc</size>
         <input_file_ref idref="fl-17"/>
      </object_component>
      <object_component id="oc-54">
         <name>.text</name>
         <load_address>0x4187</load_address>
         <run_address>0x4187</run_address>
         <size>0x2d4</size>
         <input_file_ref idref="fl-c"/>
      </object_component>
      <object_component id="oc-aa">
         <name>.text</name>
         <load_address>0x445b</load_address>
         <run_address>0x445b</run_address>
         <size>0x27f</size>
         <input_file_ref idref="fl-23"/>
      </object_component>
      <object_component id="oc-4d">
         <name>.text</name>
         <load_address>0x46da</load_address>
         <run_address>0x46da</run_address>
         <size>0x272</size>
         <input_file_ref idref="fl-b"/>
      </object_component>
      <object_component id="oc-1b4">
         <name>.text:MCBSP_reset</name>
         <load_address>0x494c</load_address>
         <run_address>0x494c</run_address>
         <size>0x261</size>
         <input_file_ref idref="fl-72"/>
      </object_component>
      <object_component id="oc-169">
         <name>.text</name>
         <load_address>0x4bad</load_address>
         <run_address>0x4bad</run_address>
         <size>0x25e</size>
         <input_file_ref idref="fl-4e"/>
      </object_component>
      <object_component id="oc-62">
         <name>.text</name>
         <load_address>0x4e0b</load_address>
         <run_address>0x4e0b</run_address>
         <size>0x25a</size>
         <input_file_ref idref="fl-13"/>
      </object_component>
      <object_component id="oc-6e">
         <name>.text</name>
         <load_address>0x5065</load_address>
         <run_address>0x5065</run_address>
         <size>0x218</size>
         <input_file_ref idref="fl-16"/>
      </object_component>
      <object_component id="oc-18d">
         <name>.text</name>
         <load_address>0x527d</load_address>
         <run_address>0x527d</run_address>
         <size>0x20c</size>
         <input_file_ref idref="fl-56"/>
      </object_component>
      <object_component id="oc-fb">
         <name>.text</name>
         <load_address>0x5489</load_address>
         <run_address>0x5489</run_address>
         <size>0x1f2</size>
         <input_file_ref idref="fl-35"/>
      </object_component>
      <object_component id="oc-b8">
         <name>.text</name>
         <load_address>0x567b</load_address>
         <run_address>0x567b</run_address>
         <size>0x1ee</size>
         <input_file_ref idref="fl-26"/>
      </object_component>
      <object_component id="oc-6a">
         <name>.text</name>
         <load_address>0x5869</load_address>
         <run_address>0x5869</run_address>
         <size>0x1ea</size>
         <input_file_ref idref="fl-15"/>
      </object_component>
      <object_component id="oc-16">
         <name>.text</name>
         <load_address>0x5a53</load_address>
         <run_address>0x5a53</run_address>
         <size>0x1e1</size>
         <input_file_ref idref="fl-2"/>
      </object_component>
      <object_component id="oc-3b">
         <name>.text</name>
         <load_address>0x5c34</load_address>
         <run_address>0x5c34</run_address>
         <size>0x1d1</size>
         <input_file_ref idref="fl-8"/>
      </object_component>
      <object_component id="oc-126">
         <name>.text</name>
         <load_address>0x5e05</load_address>
         <run_address>0x5e05</run_address>
         <size>0x2</size>
         <input_file_ref idref="fl-3e"/>
      </object_component>
      <object_component id="oc-19f">
         <name>.text:DMA_reset</name>
         <load_address>0x5e08</load_address>
         <run_address>0x5e08</run_address>
         <size>0x1ca</size>
         <input_file_ref idref="fl-5d"/>
      </object_component>
      <object_component id="oc-22">
         <name>.text</name>
         <load_address>0x5fd2</load_address>
         <run_address>0x5fd2</run_address>
         <size>0x1a3</size>
         <input_file_ref idref="fl-4"/>
      </object_component>
      <object_component id="oc-48">
         <name>.text</name>
         <load_address>0x6175</load_address>
         <run_address>0x6175</run_address>
         <size>0x2</size>
         <input_file_ref idref="fl-a"/>
      </object_component>
      <object_component id="oc-1a7">
         <name>.text:I2C_write</name>
         <load_address>0x6178</load_address>
         <run_address>0x6178</run_address>
         <size>0x18e</size>
         <input_file_ref idref="fl-65"/>
      </object_component>
      <object_component id="oc-2e">
         <name>.text</name>
         <load_address>0x6306</load_address>
         <run_address>0x6306</run_address>
         <size>0x18b</size>
         <input_file_ref idref="fl-6"/>
      </object_component>
      <object_component id="oc-158">
         <name>.text</name>
         <load_address>0x6491</load_address>
         <run_address>0x6491</run_address>
         <size>0x163</size>
         <input_file_ref idref="fl-4a"/>
      </object_component>
      <object_component id="oc-1a6">
         <name>.text:I2C_read</name>
         <load_address>0x65f4</load_address>
         <run_address>0x65f4</run_address>
         <size>0x15d</size>
         <input_file_ref idref="fl-64"/>
      </object_component>
      <object_component id="oc-183">
         <name>.text</name>
         <load_address>0x6751</load_address>
         <run_address>0x6751</run_address>
         <size>0x14e</size>
         <input_file_ref idref="fl-54"/>
      </object_component>
      <object_component id="oc-da">
         <name>.text</name>
         <load_address>0x689f</load_address>
         <run_address>0x689f</run_address>
         <size>0x14c</size>
         <input_file_ref idref="fl-2d"/>
      </object_component>
      <object_component id="oc-1b0">
         <name>.text:MCBSP_config</name>
         <load_address>0x69ec</load_address>
         <run_address>0x69ec</run_address>
         <size>0x130</size>
         <input_file_ref idref="fl-6e"/>
      </object_component>
      <object_component id="oc-26">
         <name>.text:retain</name>
         <load_address>0x6b1c</load_address>
         <run_address>0x6b1c</run_address>
         <size>0x112</size>
         <input_file_ref idref="fl-4"/>
      </object_component>
      <object_component id="oc-b4">
         <name>.text</name>
         <load_address>0x6c2e</load_address>
         <run_address>0x6c2e</run_address>
         <size>0x10f</size>
         <input_file_ref idref="fl-25"/>
      </object_component>
      <object_component id="oc-19d">
         <name>.text:DMA_config</name>
         <load_address>0x6d40</load_address>
         <run_address>0x6d40</run_address>
         <size>0x10e</size>
         <input_file_ref idref="fl-5b"/>
      </object_component>
      <object_component id="oc-1b2">
         <name>.text:MCBSP_open</name>
         <load_address>0x6e50</load_address>
         <run_address>0x6e50</run_address>
         <size>0xee</size>
         <input_file_ref idref="fl-70"/>
      </object_component>
      <object_component id="oc-175">
         <name>.text</name>
         <load_address>0x6f3e</load_address>
         <run_address>0x6f3e</run_address>
         <size>0xe6</size>
         <input_file_ref idref="fl-51"/>
      </object_component>
      <object_component id="oc-12e">
         <name>.text</name>
         <load_address>0x7024</load_address>
         <run_address>0x7024</run_address>
         <size>0xdd</size>
         <input_file_ref idref="fl-40"/>
      </object_component>
      <object_component id="oc-19e">
         <name>.text:DMA_open</name>
         <load_address>0x7104</load_address>
         <run_address>0x7104</run_address>
         <size>0xcb</size>
         <input_file_ref idref="fl-5c"/>
      </object_component>
      <object_component id="oc-84">
         <name>.text</name>
         <load_address>0x71cf</load_address>
         <run_address>0x71cf</run_address>
         <size>0xc2</size>
         <input_file_ref idref="fl-1a"/>
      </object_component>
      <object_component id="oc-d5">
         <name>.text</name>
         <load_address>0x7291</load_address>
         <run_address>0x7291</run_address>
         <size>0xbf</size>
         <input_file_ref idref="fl-2c"/>
      </object_component>
      <object_component id="oc-11a">
         <name>.text:CIO_breakpoint</name>
         <load_address>0x7350</load_address>
         <run_address>0x7350</run_address>
         <size>0xba</size>
         <input_file_ref idref="fl-3b"/>
      </object_component>
      <object_component id="oc-17d">
         <name>.text</name>
         <load_address>0x740a</load_address>
         <run_address>0x740a</run_address>
         <size>0xba</size>
         <input_file_ref idref="fl-53"/>
      </object_component>
      <object_component id="oc-102">
         <name>.text</name>
         <load_address>0x74c4</load_address>
         <run_address>0x74c4</run_address>
         <size>0xb7</size>
         <input_file_ref idref="fl-36"/>
      </object_component>
      <object_component id="oc-12a">
         <name>.text</name>
         <load_address>0x757b</load_address>
         <run_address>0x757b</run_address>
         <size>0xae</size>
         <input_file_ref idref="fl-3f"/>
      </object_component>
      <object_component id="oc-154">
         <name>.text</name>
         <load_address>0x7629</load_address>
         <run_address>0x7629</run_address>
         <size>0xa6</size>
         <input_file_ref idref="fl-49"/>
      </object_component>
      <object_component id="oc-150">
         <name>.text</name>
         <load_address>0x76cf</load_address>
         <run_address>0x76cf</run_address>
         <size>0xa1</size>
         <input_file_ref idref="fl-48"/>
      </object_component>
      <object_component id="oc-1b">
         <name>.text</name>
         <load_address>0x7770</load_address>
         <run_address>0x7770</run_address>
         <size>0x8e</size>
         <input_file_ref idref="fl-3"/>
      </object_component>
      <object_component id="oc-1ae">
         <name>.text</name>
         <load_address>0x77fe</load_address>
         <run_address>0x77fe</run_address>
         <size>0x89</size>
         <input_file_ref idref="fl-6c"/>
      </object_component>
      <object_component id="oc-1b5">
         <name>.text:MCBSP_start</name>
         <load_address>0x7888</load_address>
         <run_address>0x7888</run_address>
         <size>0x82</size>
         <input_file_ref idref="fl-73"/>
      </object_component>
      <object_component id="oc-16d">
         <name>.text</name>
         <load_address>0x790a</load_address>
         <run_address>0x790a</run_address>
         <size>0x7d</size>
         <input_file_ref idref="fl-4f"/>
      </object_component>
      <object_component id="oc-80">
         <name>.text</name>
         <load_address>0x7987</load_address>
         <run_address>0x7987</run_address>
         <size>0x7b</size>
         <input_file_ref idref="fl-19"/>
      </object_component>
      <object_component id="oc-94">
         <name>.text</name>
         <load_address>0x7a02</load_address>
         <run_address>0x7a02</run_address>
         <size>0x77</size>
         <input_file_ref idref="fl-1e"/>
      </object_component>
      <object_component id="oc-15d">
         <name>.text</name>
         <load_address>0x7a79</load_address>
         <run_address>0x7a79</run_address>
         <size>0x76</size>
         <input_file_ref idref="fl-4b"/>
      </object_component>
      <object_component id="oc-b0">
         <name>.text</name>
         <load_address>0x7aef</load_address>
         <run_address>0x7aef</run_address>
         <size>0x73</size>
         <input_file_ref idref="fl-24"/>
      </object_component>
      <object_component id="oc-1a5">
         <name>.text:I2C_config</name>
         <load_address>0x7b64</load_address>
         <run_address>0x7b64</run_address>
         <size>0x72</size>
         <input_file_ref idref="fl-63"/>
      </object_component>
      <object_component id="oc-ee">
         <name>.text</name>
         <load_address>0x7bd6</load_address>
         <run_address>0x7bd6</run_address>
         <size>0x72</size>
         <input_file_ref idref="fl-32"/>
      </object_component>
      <object_component id="oc-106">
         <name>.text</name>
         <load_address>0x7c48</load_address>
         <run_address>0x7c48</run_address>
         <size>0x70</size>
         <input_file_ref idref="fl-37"/>
      </object_component>
      <object_component id="oc-1a9">
         <name>.text:IRQ_disable</name>
         <load_address>0x7cb8</load_address>
         <run_address>0x7cb8</run_address>
         <size>0x6f</size>
         <input_file_ref idref="fl-67"/>
      </object_component>
      <object_component id="oc-193">
         <name>.text</name>
         <load_address>0x7d27</load_address>
         <run_address>0x7d27</run_address>
         <size>0x6f</size>
         <input_file_ref idref="fl-57"/>
      </object_component>
      <object_component id="oc-8c">
         <name>.text</name>
         <load_address>0x7d96</load_address>
         <run_address>0x7d96</run_address>
         <size>0x6f</size>
         <input_file_ref idref="fl-1c"/>
      </object_component>
      <object_component id="oc-188">
         <name>.text</name>
         <load_address>0x7e05</load_address>
         <run_address>0x7e05</run_address>
         <size>0x6d</size>
         <input_file_ref idref="fl-55"/>
      </object_component>
      <object_component id="oc-117">
         <name>.text</name>
         <load_address>0x7e72</load_address>
         <run_address>0x7e72</run_address>
         <size>0x6d</size>
         <input_file_ref idref="fl-3b"/>
      </object_component>
      <object_component id="oc-161">
         <name>.text</name>
         <load_address>0x7edf</load_address>
         <run_address>0x7edf</run_address>
         <size>0x6b</size>
         <input_file_ref idref="fl-4c"/>
      </object_component>
      <object_component id="oc-1aa">
         <name>.text:IRQ_enable</name>
         <load_address>0x7f4c</load_address>
         <run_address>0x7f4c</run_address>
         <size>0x68</size>
         <input_file_ref idref="fl-68"/>
      </object_component>
      <object_component id="oc-9c">
         <name>.text</name>
         <load_address>0x7fb4</load_address>
         <run_address>0x7fb4</run_address>
         <size>0x67</size>
         <input_file_ref idref="fl-20"/>
      </object_component>
      <object_component id="oc-f6">
         <name>.text</name>
         <load_address>0x801b</load_address>
         <run_address>0x801b</run_address>
         <size>0x5f</size>
         <input_file_ref idref="fl-34"/>
      </object_component>
      <object_component id="oc-142">
         <name>.text</name>
         <load_address>0x807a</load_address>
         <run_address>0x807a</run_address>
         <size>0x5c</size>
         <input_file_ref idref="fl-44"/>
      </object_component>
      <object_component id="oc-a5">
         <name>.text</name>
         <load_address>0x80d6</load_address>
         <run_address>0x80d6</run_address>
         <size>0x5b</size>
         <input_file_ref idref="fl-22"/>
      </object_component>
      <object_component id="oc-e2">
         <name>.text</name>
         <load_address>0x8131</load_address>
         <run_address>0x8131</run_address>
         <size>0x50</size>
         <input_file_ref idref="fl-2f"/>
      </object_component>
      <object_component id="oc-1a2">
         <name>.text:GPIO_open</name>
         <load_address>0x8184</load_address>
         <run_address>0x8184</run_address>
         <size>0x4f</size>
         <input_file_ref idref="fl-60"/>
      </object_component>
      <object_component id="oc-146">
         <name>.text</name>
         <load_address>0x81d3</load_address>
         <run_address>0x81d3</run_address>
         <size>0x4d</size>
         <input_file_ref idref="fl-45"/>
      </object_component>
      <object_component id="oc-13e">
         <name>.text</name>
         <load_address>0x8220</load_address>
         <run_address>0x8220</run_address>
         <size>0x4b</size>
         <input_file_ref idref="fl-43"/>
      </object_component>
      <object_component id="oc-e6">
         <name>.text</name>
         <load_address>0x826b</load_address>
         <run_address>0x826b</run_address>
         <size>0x4b</size>
         <input_file_ref idref="fl-30"/>
      </object_component>
      <object_component id="oc-179">
         <name>.text</name>
         <load_address>0x82b6</load_address>
         <run_address>0x82b6</run_address>
         <size>0x48</size>
         <input_file_ref idref="fl-52"/>
      </object_component>
      <object_component id="oc-11d">
         <name>.text</name>
         <load_address>0x82fe</load_address>
         <run_address>0x82fe</run_address>
         <size>0x41</size>
         <input_file_ref idref="fl-3c"/>
      </object_component>
      <object_component id="oc-c6">
         <name>.text</name>
         <load_address>0x833f</load_address>
         <run_address>0x833f</run_address>
         <size>0x3f</size>
         <input_file_ref idref="fl-29"/>
      </object_component>
      <object_component id="oc-79">
         <name>.text</name>
         <load_address>0x837e</load_address>
         <run_address>0x837e</run_address>
         <size>0x3e</size>
         <input_file_ref idref="fl-18"/>
      </object_component>
      <object_component id="oc-1a8">
         <name>.text:IRQ_clear</name>
         <load_address>0x83bc</load_address>
         <run_address>0x83bc</run_address>
         <size>0x37</size>
         <input_file_ref idref="fl-66"/>
      </object_component>
      <object_component id="oc-1af">
         <name>.text:IRQ_setVecs</name>
         <load_address>0x83f4</load_address>
         <run_address>0x83f4</run_address>
         <size>0x37</size>
         <input_file_ref idref="fl-6d"/>
      </object_component>
      <object_component id="oc-1b1">
         <name>.text:MCBSP_close</name>
         <load_address>0x842c</load_address>
         <run_address>0x842c</run_address>
         <size>0x36</size>
         <input_file_ref idref="fl-6f"/>
      </object_component>
      <object_component id="oc-14">
         <name>.text</name>
         <load_address>0x8462</load_address>
         <run_address>0x8462</run_address>
         <size>0x34</size>
         <input_file_ref idref="fl-14"/>
      </object_component>
      <object_component id="oc-88">
         <name>.text</name>
         <load_address>0x8496</load_address>
         <run_address>0x8496</run_address>
         <size>0x2a</size>
         <input_file_ref idref="fl-1b"/>
      </object_component>
      <object_component id="oc-122">
         <name>.text</name>
         <load_address>0x84c0</load_address>
         <run_address>0x84c0</run_address>
         <size>0x2a</size>
         <input_file_ref idref="fl-3d"/>
      </object_component>
      <object_component id="oc-171">
         <name>.text</name>
         <load_address>0x84ea</load_address>
         <run_address>0x84ea</run_address>
         <size>0x23</size>
         <input_file_ref idref="fl-50"/>
      </object_component>
      <object_component id="oc-1a0">
         <name>.text:GPIO_pinDirection</name>
         <load_address>0x8510</load_address>
         <run_address>0x8510</run_address>
         <size>0x1f</size>
         <input_file_ref idref="fl-5e"/>
      </object_component>
      <object_component id="oc-1a4">
         <name>.text:GPIO_pinWrite</name>
         <load_address>0x8530</load_address>
         <run_address>0x8530</run_address>
         <size>0x1f</size>
         <input_file_ref idref="fl-62"/>
      </object_component>
      <object_component id="oc-90">
         <name>.text</name>
         <load_address>0x854f</load_address>
         <run_address>0x854f</run_address>
         <size>0x1b</size>
         <input_file_ref idref="fl-1d"/>
      </object_component>
      <object_component id="oc-165">
         <name>.text</name>
         <load_address>0x856a</load_address>
         <run_address>0x856a</run_address>
         <size>0x1a</size>
         <input_file_ref idref="fl-4d"/>
      </object_component>
      <object_component id="oc-1a3">
         <name>.text:GPIO_pinRead</name>
         <load_address>0x8584</load_address>
         <run_address>0x8584</run_address>
         <size>0x14</size>
         <input_file_ref idref="fl-61"/>
      </object_component>
      <object_component id="oc-10e">
         <name>.text</name>
         <load_address>0x8598</load_address>
         <run_address>0x8598</run_address>
         <size>0x14</size>
         <input_file_ref idref="fl-39"/>
      </object_component>
      <object_component id="oc-1a1">
         <name>.text:GPIO_pinEnable</name>
         <load_address>0x85ac</load_address>
         <run_address>0x85ac</run_address>
         <size>0x13</size>
         <input_file_ref idref="fl-5f"/>
      </object_component>
      <object_component id="oc-bc">
         <name>.text</name>
         <load_address>0x85bf</load_address>
         <run_address>0x85bf</run_address>
         <size>0x13</size>
         <input_file_ref idref="fl-27"/>
      </object_component>
      <object_component id="oc-132">
         <name>.text</name>
         <load_address>0x85d2</load_address>
         <run_address>0x85d2</run_address>
         <size>0x12</size>
         <input_file_ref idref="fl-41"/>
      </object_component>
      <object_component id="oc-d1">
         <name>.text</name>
         <load_address>0x85e4</load_address>
         <run_address>0x85e4</run_address>
         <size>0x11</size>
         <input_file_ref idref="fl-2b"/>
      </object_component>
      <object_component id="oc-10a">
         <name>.text</name>
         <load_address>0x85f5</load_address>
         <run_address>0x85f5</run_address>
         <size>0x11</size>
         <input_file_ref idref="fl-38"/>
      </object_component>
      <object_component id="oc-de">
         <name>.text</name>
         <load_address>0x8606</load_address>
         <run_address>0x8606</run_address>
         <size>0x10</size>
         <input_file_ref idref="fl-2e"/>
      </object_component>
      <object_component id="oc-1ab">
         <name>.text:IRQ_globalDisable</name>
         <load_address>0x8618</load_address>
         <run_address>0x8618</run_address>
         <size>0xf</size>
         <input_file_ref idref="fl-69"/>
      </object_component>
      <object_component id="oc-1ac">
         <name>.text:IRQ_globalEnable</name>
         <load_address>0x8628</load_address>
         <run_address>0x8628</run_address>
         <size>0xf</size>
         <input_file_ref idref="fl-6a"/>
      </object_component>
      <object_component id="oc-a1">
         <name>.text</name>
         <load_address>0x8637</load_address>
         <run_address>0x8637</run_address>
         <size>0xe</size>
         <input_file_ref idref="fl-21"/>
      </object_component>
      <object_component id="oc-f2">
         <name>.text</name>
         <load_address>0x8645</load_address>
         <run_address>0x8645</run_address>
         <size>0xe</size>
         <input_file_ref idref="fl-33"/>
      </object_component>
      <object_component id="oc-198">
         <name>.text:_CSL_init</name>
         <load_address>0x8654</load_address>
         <run_address>0x8654</run_address>
         <size>0xd</size>
         <input_file_ref idref="fl-58"/>
      </object_component>
      <object_component id="oc-19a">
         <name>.text:CSL_init</name>
         <load_address>0x8664</load_address>
         <run_address>0x8664</run_address>
         <size>0xc</size>
         <input_file_ref idref="fl-59"/>
      </object_component>
      <object_component id="oc-1ad">
         <name>.text:IRQ_globalRestore</name>
         <load_address>0x8670</load_address>
         <run_address>0x8670</run_address>
         <size>0xc</size>
         <input_file_ref idref="fl-6b"/>
      </object_component>
      <object_component id="oc-98">
         <name>.text</name>
         <load_address>0x867c</load_address>
         <run_address>0x867c</run_address>
         <size>0xc</size>
         <input_file_ref idref="fl-1f"/>
      </object_component>
      <object_component id="oc-ea">
         <name>.text</name>
         <load_address>0x8688</load_address>
         <run_address>0x8688</run_address>
         <size>0xa</size>
         <input_file_ref idref="fl-31"/>
      </object_component>
      <object_component id="oc-7d">
         <name>.text:CIO_breakpoint</name>
         <load_address>0x8692</load_address>
         <run_address>0x8692</run_address>
         <size>0x7</size>
         <input_file_ref idref="fl-18"/>
      </object_component>
      <object_component id="oc-1b3">
         <name>.text:MCBSP_read16</name>
         <load_address>0x869c</load_address>
         <run_address>0x869c</run_address>
         <size>0x7</size>
         <input_file_ref idref="fl-71"/>
      </object_component>
      <object_component id="oc-1b6">
         <name>.text:MCBSP_write16</name>
         <load_address>0x86a4</load_address>
         <run_address>0x86a4</run_address>
         <size>0x7</size>
         <input_file_ref idref="fl-74"/>
      </object_component>
      <object_component id="oc-199">
         <name>.text</name>
         <load_address>0x86ac</load_address>
         <run_address>0x86ac</run_address>
         <size>0x2</size>
         <input_file_ref idref="fl-59"/>
      </object_component>
      <object_component id="oc-66">
         <name>.stack</name>
         <load_address>0x86c0</load_address>
         <run_address>0x86c0</run_address>
         <size>0x0</size>
         <input_file_ref idref="fl-14"/>
      </object_component>
      <object_component id="oc-1f5">
         <name>.stack</name>
         <load_address>0x86c0</load_address>
         <run_address>0x86c0</run_address>
         <size>0x0</size>
      </object_component>
      <object_component id="oc-1bd">
         <name>.sysstack</name>
         <load_address>0xc6c0</load_address>
         <run_address>0xc6c0</run_address>
         <size>0x0</size>
         <input_file_ref idref="fl-14"/>
      </object_component>
      <object_component id="oc-1f7">
         <name>.sysstack</name>
         <load_address>0xc6c0</load_address>
         <run_address>0xc6c0</run_address>
         <size>0x0</size>
      </object_component>
      <object_component id="oc-1b8">
         <name>.csldata:DMA_data</name>
         <load_address>0xf8c0</load_address>
         <run_address>0xf8c0</run_address>
         <size>0xfc</size>
         <input_file_ref idref="fl-75"/>
      </object_component>
      <object_component id="oc-1bc">
         <name>.csldata:MCBSP_data</name>
         <load_address>0xf9bc</load_address>
         <run_address>0xf9bc</run_address>
         <size>0xcc</size>
         <input_file_ref idref="fl-77"/>
      </object_component>
      <object_component id="oc-19c">
         <name>.csldata:SYS_data</name>
         <load_address>0xfa88</load_address>
         <run_address>0xfa88</run_address>
         <size>0x44</size>
         <input_file_ref idref="fl-5a"/>
      </object_component>
      <object_component id="oc-1ba">
         <name>.csldata:GPIO_data</name>
         <load_address>0xfacc</load_address>
         <run_address>0xfacc</run_address>
         <size>0x40</size>
         <input_file_ref idref="fl-76"/>
      </object_component>
      <object_component id="oc-5c">
         <name>.bss</name>
         <load_address>0xd6c0</load_address>
         <run_address>0xd6c0</run_address>
         <size>0x3a8</size>
         <input_file_ref idref="fl-d"/>
      </object_component>
      <object_component id="oc-14c">
         <name>.bss</name>
         <load_address>0xda68</load_address>
         <run_address>0xda68</run_address>
         <size>0x232</size>
         <input_file_ref idref="fl-47"/>
      </object_component>
      <object_component id="oc-ab">
         <name>.bss</name>
         <load_address>0xdc9a</load_address>
         <run_address>0xdc9a</run_address>
         <size>0x2</size>
         <input_file_ref idref="fl-23"/>
      </object_component>
      <object_component id="oc-2a">
         <name>.bss</name>
         <load_address>0xdc9c</load_address>
         <run_address>0xdc9c</run_address>
         <size>0x1a0</size>
         <input_file_ref idref="fl-5"/>
      </object_component>
      <object_component id="oc-113">
         <name>.bss</name>
         <load_address>0xde3c</load_address>
         <run_address>0xde3c</run_address>
         <size>0x1a0</size>
         <input_file_ref idref="fl-3a"/>
      </object_component>
      <object_component id="oc-c1">
         <name>.bss</name>
         <load_address>0xdfdc</load_address>
         <run_address>0xdfdc</run_address>
         <size>0xe2</size>
         <input_file_ref idref="fl-28"/>
      </object_component>
      <object_component id="oc-23">
         <name>.bss</name>
         <load_address>0xe0c0</load_address>
         <run_address>0xe0c0</run_address>
         <size>0x5c</size>
         <input_file_ref idref="fl-4"/>
      </object_component>
      <object_component id="oc-41">
         <name>.bss</name>
         <load_address>0xe11c</load_address>
         <run_address>0xe11c</run_address>
         <size>0x1a</size>
         <input_file_ref idref="fl-9"/>
      </object_component>
      <object_component id="oc-4e">
         <name>.bss</name>
         <load_address>0xe138</load_address>
         <run_address>0xe138</run_address>
         <size>0x18</size>
         <input_file_ref idref="fl-b"/>
      </object_component>
      <object_component id="oc-55">
         <name>.bss</name>
         <load_address>0xe150</load_address>
         <run_address>0xe150</run_address>
         <size>0x18</size>
         <input_file_ref idref="fl-c"/>
      </object_component>
      <object_component id="oc-18e">
         <name>.bss</name>
         <load_address>0xe168</load_address>
         <run_address>0xe168</run_address>
         <size>0x10</size>
         <input_file_ref idref="fl-56"/>
      </object_component>
      <object_component id="oc-6f">
         <name>.bss</name>
         <load_address>0xe178</load_address>
         <run_address>0xe178</run_address>
         <size>0x10</size>
         <input_file_ref idref="fl-16"/>
      </object_component>
      <object_component id="oc-fc">
         <name>.bss</name>
         <load_address>0xe188</load_address>
         <run_address>0xe188</run_address>
         <size>0x10</size>
         <input_file_ref idref="fl-35"/>
      </object_component>
      <object_component id="oc-cb">
         <name>.bss</name>
         <load_address>0xe198</load_address>
         <run_address>0xe198</run_address>
         <size>0xc</size>
         <input_file_ref idref="fl-2a"/>
      </object_component>
      <object_component id="oc-133">
         <name>.bss</name>
         <load_address>0xe1a4</load_address>
         <run_address>0xe1a4</run_address>
         <size>0x8</size>
         <input_file_ref idref="fl-41"/>
      </object_component>
      <object_component id="oc-7a">
         <name>.bss</name>
         <load_address>0xe1ac</load_address>
         <run_address>0xe1ac</run_address>
         <size>0x8</size>
         <input_file_ref idref="fl-18"/>
      </object_component>
      <object_component id="oc-1c">
         <name>.bss</name>
         <load_address>0xe1b4</load_address>
         <run_address>0xe1b4</run_address>
         <size>0x4</size>
         <input_file_ref idref="fl-3"/>
      </object_component>
      <object_component id="oc-17e">
         <name>.bss</name>
         <load_address>0xe1b8</load_address>
         <run_address>0xe1b8</run_address>
         <size>0x4</size>
         <input_file_ref idref="fl-53"/>
      </object_component>
      <object_component id="oc-1d8">
         <name>.const:__ctypes_</name>
         <load_address>0xe1c0</load_address>
         <run_address>0xe1c0</run_address>
         <size>0x202</size>
         <input_file_ref idref="fl-46"/>
      </object_component>
      <object_component id="oc-1be">
         <name>.const:_glyphs</name>
         <load_address>0xe3c2</load_address>
         <run_address>0xe3c2</run_address>
         <size>0x19a</size>
         <input_file_ref idref="fl-8"/>
      </object_component>
      <object_component id="oc-37">
         <name>.const:.string</name>
         <load_address>0xe55c</load_address>
         <run_address>0xe55c</run_address>
         <size>0x196</size>
         <input_file_ref idref="fl-7"/>
      </object_component>
      <object_component id="oc-44">
         <name>.const:.string</name>
         <load_address>0xe6f4</load_address>
         <run_address>0xe6f4</run_address>
         <size>0x120</size>
         <input_file_ref idref="fl-9"/>
      </object_component>
      <object_component id="oc-13b">
         <name>.const:.string</name>
         <load_address>0xe814</load_address>
         <run_address>0xe814</run_address>
         <size>0x48</size>
         <input_file_ref idref="fl-42"/>
      </object_component>
      <object_component id="oc-1d9">
         <name>.const:_$P$T0$1</name>
         <load_address>0xe85c</load_address>
         <run_address>0xe85c</run_address>
         <size>0x36</size>
         <input_file_ref idref="fl-53"/>
      </object_component>
      <object_component id="oc-50">
         <name>.const</name>
         <load_address>0xe894</load_address>
         <run_address>0xe894</run_address>
         <size>0x34</size>
         <input_file_ref idref="fl-b"/>
      </object_component>
      <object_component id="oc-72">
         <name>.const</name>
         <load_address>0xe8c8</load_address>
         <run_address>0xe8c8</run_address>
         <size>0x2c</size>
         <input_file_ref idref="fl-16"/>
      </object_component>
      <object_component id="oc-ff">
         <name>.const</name>
         <load_address>0xe8f4</load_address>
         <run_address>0xe8f4</run_address>
         <size>0x28</size>
         <input_file_ref idref="fl-35"/>
      </object_component>
      <object_component id="oc-5e">
         <name>.const</name>
         <load_address>0xe91c</load_address>
         <run_address>0xe91c</run_address>
         <size>0x1c</size>
         <input_file_ref idref="fl-d"/>
      </object_component>
      <object_component id="oc-57">
         <name>.const</name>
         <load_address>0xe938</load_address>
         <run_address>0xe938</run_address>
         <size>0x18</size>
         <input_file_ref idref="fl-c"/>
      </object_component>
      <object_component id="oc-13a">
         <name>.const</name>
         <load_address>0xe950</load_address>
         <run_address>0xe950</run_address>
         <size>0x18</size>
         <input_file_ref idref="fl-42"/>
      </object_component>
      <object_component id="oc-1da">
         <name>.const:_$P$T0$1</name>
         <load_address>0xe968</load_address>
         <run_address>0xe968</run_address>
         <size>0x14</size>
         <input_file_ref idref="fl-55"/>
      </object_component>
      <object_component id="oc-1bf">
         <name>.const:_$P$T0$3</name>
         <load_address>0xe97c</load_address>
         <run_address>0xe97c</run_address>
         <size>0x10</size>
         <input_file_ref idref="fl-d"/>
      </object_component>
      <object_component id="oc-1c0">
         <name>.const:_$P$T1$4</name>
         <load_address>0xe98c</load_address>
         <run_address>0xe98c</run_address>
         <size>0x10</size>
         <input_file_ref idref="fl-d"/>
      </object_component>
      <object_component id="oc-1cb">
         <name>.const:_$P$T12$21</name>
         <load_address>0xe99c</load_address>
         <run_address>0xe99c</run_address>
         <size>0x10</size>
         <input_file_ref idref="fl-d"/>
      </object_component>
      <object_component id="oc-1cc">
         <name>.const:_$P$T13$22</name>
         <load_address>0xe9ac</load_address>
         <run_address>0xe9ac</run_address>
         <size>0x10</size>
         <input_file_ref idref="fl-d"/>
      </object_component>
      <object_component id="oc-1cf">
         <name>.const:_$P$T16$27</name>
         <load_address>0xe9bc</load_address>
         <run_address>0xe9bc</run_address>
         <size>0x10</size>
         <input_file_ref idref="fl-d"/>
      </object_component>
      <object_component id="oc-1d0">
         <name>.const:_$P$T17$28</name>
         <load_address>0xe9cc</load_address>
         <run_address>0xe9cc</run_address>
         <size>0x10</size>
         <input_file_ref idref="fl-d"/>
      </object_component>
      <object_component id="oc-1d3">
         <name>.const:_$P$T20$33</name>
         <load_address>0xe9dc</load_address>
         <run_address>0xe9dc</run_address>
         <size>0x10</size>
         <input_file_ref idref="fl-d"/>
      </object_component>
      <object_component id="oc-1d4">
         <name>.const:_$P$T21$34</name>
         <load_address>0xe9ec</load_address>
         <run_address>0xe9ec</run_address>
         <size>0x10</size>
         <input_file_ref idref="fl-d"/>
      </object_component>
      <object_component id="oc-1c3">
         <name>.const:_$P$T4$9</name>
         <load_address>0xe9fc</load_address>
         <run_address>0xe9fc</run_address>
         <size>0x10</size>
         <input_file_ref idref="fl-d"/>
      </object_component>
      <object_component id="oc-1c4">
         <name>.const:_$P$T5$10</name>
         <load_address>0xea0c</load_address>
         <run_address>0xea0c</run_address>
         <size>0x10</size>
         <input_file_ref idref="fl-d"/>
      </object_component>
      <object_component id="oc-1c7">
         <name>.const:_$P$T8$15</name>
         <load_address>0xea1c</load_address>
         <run_address>0xea1c</run_address>
         <size>0x10</size>
         <input_file_ref idref="fl-d"/>
      </object_component>
      <object_component id="oc-1c8">
         <name>.const:_$P$T9$16</name>
         <load_address>0xea2c</load_address>
         <run_address>0xea2c</run_address>
         <size>0x10</size>
         <input_file_ref idref="fl-d"/>
      </object_component>
      <object_component id="oc-1d7">
         <name>.const:_initial_approx$1</name>
         <load_address>0xea3c</load_address>
         <run_address>0xea3c</run_address>
         <size>0x10</size>
         <input_file_ref idref="fl-17"/>
      </object_component>
      <object_component id="oc-f8">
         <name>.const</name>
         <load_address>0xea4c</load_address>
         <run_address>0xea4c</run_address>
         <size>0x10</size>
         <input_file_ref idref="fl-34"/>
      </object_component>
      <object_component id="oc-d7">
         <name>.const</name>
         <load_address>0xea5c</load_address>
         <run_address>0xea5c</run_address>
         <size>0xc</size>
         <input_file_ref idref="fl-2c"/>
      </object_component>
      <object_component id="oc-1c9">
         <name>.const:_$P$T10$17</name>
         <load_address>0xea68</load_address>
         <run_address>0xea68</run_address>
         <size>0x8</size>
         <input_file_ref idref="fl-d"/>
      </object_component>
      <object_component id="oc-1ca">
         <name>.const:_$P$T11$18</name>
         <load_address>0xea70</load_address>
         <run_address>0xea70</run_address>
         <size>0x8</size>
         <input_file_ref idref="fl-d"/>
      </object_component>
      <object_component id="oc-1cd">
         <name>.const:_$P$T14$23</name>
         <load_address>0xea78</load_address>
         <run_address>0xea78</run_address>
         <size>0x8</size>
         <input_file_ref idref="fl-d"/>
      </object_component>
      <object_component id="oc-1ce">
         <name>.const:_$P$T15$24</name>
         <load_address>0xea80</load_address>
         <run_address>0xea80</run_address>
         <size>0x8</size>
         <input_file_ref idref="fl-d"/>
      </object_component>
      <object_component id="oc-1d1">
         <name>.const:_$P$T18$29</name>
         <load_address>0xea88</load_address>
         <run_address>0xea88</run_address>
         <size>0x8</size>
         <input_file_ref idref="fl-d"/>
      </object_component>
      <object_component id="oc-1d2">
         <name>.const:_$P$T19$30</name>
         <load_address>0xea90</load_address>
         <run_address>0xea90</run_address>
         <size>0x8</size>
         <input_file_ref idref="fl-d"/>
      </object_component>
      <object_component id="oc-1c1">
         <name>.const:_$P$T2$5</name>
         <load_address>0xea98</load_address>
         <run_address>0xea98</run_address>
         <size>0x8</size>
         <input_file_ref idref="fl-d"/>
      </object_component>
      <object_component id="oc-1d5">
         <name>.const:_$P$T22$35</name>
         <load_address>0xeaa0</load_address>
         <run_address>0xeaa0</run_address>
         <size>0x8</size>
         <input_file_ref idref="fl-d"/>
      </object_component>
      <object_component id="oc-1d6">
         <name>.const:_$P$T23$36</name>
         <load_address>0xeaa8</load_address>
         <run_address>0xeaa8</run_address>
         <size>0x8</size>
         <input_file_ref idref="fl-d"/>
      </object_component>
      <object_component id="oc-1c2">
         <name>.const:_$P$T3$6</name>
         <load_address>0xeab0</load_address>
         <run_address>0xeab0</run_address>
         <size>0x8</size>
         <input_file_ref idref="fl-d"/>
      </object_component>
      <object_component id="oc-1c5">
         <name>.const:_$P$T6$11</name>
         <load_address>0xeab8</load_address>
         <run_address>0xeab8</run_address>
         <size>0x8</size>
         <input_file_ref idref="fl-d"/>
      </object_component>
      <object_component id="oc-1c6">
         <name>.const:_$P$T7$12</name>
         <load_address>0xeac0</load_address>
         <run_address>0xeac0</run_address>
         <size>0x8</size>
         <input_file_ref idref="fl-d"/>
      </object_component>
      <object_component id="oc-11f">
         <name>.const</name>
         <load_address>0xeac8</load_address>
         <run_address>0xeac8</run_address>
         <size>0x8</size>
         <input_file_ref idref="fl-3c"/>
      </object_component>
      <object_component id="oc-15a">
         <name>.const:.string</name>
         <load_address>0xead0</load_address>
         <run_address>0xead0</run_address>
         <size>0x4</size>
         <input_file_ref idref="fl-4a"/>
      </object_component>
      <object_component id="oc-36">
         <name>.const</name>
         <load_address>0xead4</load_address>
         <run_address>0xead4</run_address>
         <size>0x4</size>
         <input_file_ref idref="fl-7"/>
      </object_component>
      <object_component id="oc-9e">
         <name>.const</name>
         <load_address>0xead8</load_address>
         <run_address>0xead8</run_address>
         <size>0x4</size>
         <input_file_ref idref="fl-20"/>
      </object_component>
      <object_component id="oc-a7">
         <name>.const</name>
         <load_address>0xeadc</load_address>
         <run_address>0xeadc</run_address>
         <size>0x4</size>
         <input_file_ref idref="fl-22"/>
      </object_component>
      <object_component id="oc-ce">
         <name>.sysmem</name>
         <uninitialized>true</uninitialized>
         <run_address>0xa6c0</run_address>
         <size>0x0</size>
         <input_file_ref idref="fl-2a"/>
      </object_component>
      <object_component id="oc-1f6">
         <name>.sysmem</name>
         <uninitialized>true</uninitialized>
         <run_address>0xa6c0</run_address>
         <size>0x0</size>
      </object_component>
      <object_component id="oc-2c">
         <name>.cinit</name>
         <load_address>0xf300</load_address>
         <run_address>0xf300</run_address>
         <size>0x1a6</size>
         <input_file_ref idref="fl-5"/>
      </object_component>
      <object_component id="oc-1b7">
         <name>.cinit</name>
         <load_address>0xf4a6</load_address>
         <run_address>0xf4a6</run_address>
         <size>0x102</size>
         <input_file_ref idref="fl-75"/>
      </object_component>
      <object_component id="oc-1bb">
         <name>.cinit</name>
         <load_address>0xf5a8</load_address>
         <run_address>0xf5a8</run_address>
         <size>0xd2</size>
         <input_file_ref idref="fl-77"/>
      </object_component>
      <object_component id="oc-c3">
         <name>.cinit</name>
         <load_address>0xf67a</load_address>
         <run_address>0xf67a</run_address>
         <size>0x5a</size>
         <input_file_ref idref="fl-28"/>
      </object_component>
      <object_component id="oc-25">
         <name>.cinit</name>
         <load_address>0xf6d4</load_address>
         <run_address>0xf6d4</run_address>
         <size>0x58</size>
         <input_file_ref idref="fl-4"/>
      </object_component>
      <object_component id="oc-14e">
         <name>.cinit</name>
         <load_address>0xf72c</load_address>
         <run_address>0xf72c</run_address>
         <size>0x54</size>
         <input_file_ref idref="fl-47"/>
      </object_component>
      <object_component id="oc-19b">
         <name>.cinit</name>
         <load_address>0xf780</load_address>
         <run_address>0xf780</run_address>
         <size>0x4a</size>
         <input_file_ref idref="fl-5a"/>
      </object_component>
      <object_component id="oc-1b9">
         <name>.cinit</name>
         <load_address>0xf7ca</load_address>
         <run_address>0xf7ca</run_address>
         <size>0x46</size>
         <input_file_ref idref="fl-76"/>
      </object_component>
      <object_component id="oc-43">
         <name>.cinit</name>
         <load_address>0xf810</load_address>
         <run_address>0xf810</run_address>
         <size>0x18</size>
         <input_file_ref idref="fl-9"/>
      </object_component>
      <object_component id="oc-71">
         <name>.cinit</name>
         <load_address>0xf828</load_address>
         <run_address>0xf828</run_address>
         <size>0x16</size>
         <input_file_ref idref="fl-16"/>
      </object_component>
      <object_component id="oc-fe">
         <name>.cinit</name>
         <load_address>0xf83e</load_address>
         <run_address>0xf83e</run_address>
         <size>0x16</size>
         <input_file_ref idref="fl-35"/>
      </object_component>
      <object_component id="oc-135">
         <name>.cinit</name>
         <load_address>0xf854</load_address>
         <run_address>0xf854</run_address>
         <size>0x14</size>
         <input_file_ref idref="fl-41"/>
      </object_component>
      <object_component id="oc-7c">
         <name>.cinit</name>
         <load_address>0xf868</load_address>
         <run_address>0xf868</run_address>
         <size>0x14</size>
         <input_file_ref idref="fl-18"/>
      </object_component>
      <object_component id="oc-1e">
         <name>.cinit</name>
         <load_address>0xf87c</load_address>
         <run_address>0xf87c</run_address>
         <size>0x10</size>
         <input_file_ref idref="fl-3"/>
      </object_component>
      <object_component id="oc-ad">
         <name>.cinit</name>
         <load_address>0xf88c</load_address>
         <run_address>0xf88c</run_address>
         <size>0x8</size>
         <input_file_ref idref="fl-23"/>
      </object_component>
      <object_component id="oc-cd">
         <name>.cinit</name>
         <load_address>0xf894</load_address>
         <run_address>0xf894</run_address>
         <size>0x8</size>
         <input_file_ref idref="fl-2a"/>
      </object_component>
      <object_component id="oc-119">
         <name>.cio</name>
         <load_address>0xfb20</load_address>
         <run_address>0xfb20</run_address>
         <size>0x240</size>
         <input_file_ref idref="fl-3b"/>
      </object_component>
      <object_component id="oc-49">
         <name>.vectors</name>
         <load_address>0xfe00</load_address>
         <run_address>0xfe00</run_address>
         <size>0x100</size>
         <input_file_ref idref="fl-a"/>
      </object_component>
      <object_component id="oc-35">
         <name>dmaMem</name>
         <load_address>0xeb00</load_address>
         <run_address>0xeb00</run_address>
         <size>0x800</size>
         <input_file_ref idref="fl-7"/>
      </object_component>
      <object_component id="oc-17">
         <name>.debug_info</name>
         <load_address>0x0</load_address>
         <run_address>0x0</run_address>
         <size>0xaad</size>
         <input_file_ref idref="fl-2"/>
      </object_component>
      <object_component id="oc-1d">
         <name>.debug_info</name>
         <load_address>0xaad</load_address>
         <run_address>0xaad</run_address>
         <size>0x7ca</size>
         <input_file_ref idref="fl-3"/>
      </object_component>
      <object_component id="oc-24">
         <name>.debug_info</name>
         <load_address>0x1277</load_address>
         <run_address>0x1277</run_address>
         <size>0x1206</size>
         <input_file_ref idref="fl-4"/>
      </object_component>
      <object_component id="oc-2b">
         <name>.debug_info</name>
         <load_address>0x247d</load_address>
         <run_address>0x247d</run_address>
         <size>0x754</size>
         <input_file_ref idref="fl-5"/>
      </object_component>
      <object_component id="oc-2f">
         <name>.debug_info</name>
         <load_address>0x2bd1</load_address>
         <run_address>0x2bd1</run_address>
         <size>0xb2e</size>
         <input_file_ref idref="fl-6"/>
      </object_component>
      <object_component id="oc-34">
         <name>.debug_info</name>
         <load_address>0x36ff</load_address>
         <run_address>0x36ff</run_address>
         <size>0x16c5</size>
         <input_file_ref idref="fl-7"/>
      </object_component>
      <object_component id="oc-3c">
         <name>.debug_info</name>
         <load_address>0x4dc4</load_address>
         <run_address>0x4dc4</run_address>
         <size>0xd5b</size>
         <input_file_ref idref="fl-8"/>
      </object_component>
      <object_component id="oc-42">
         <name>.debug_info</name>
         <load_address>0x5b1f</load_address>
         <run_address>0x5b1f</run_address>
         <size>0xf2b</size>
         <input_file_ref idref="fl-9"/>
      </object_component>
      <object_component id="oc-4a">
         <name>.debug_info</name>
         <load_address>0x6a4a</load_address>
         <run_address>0x6a4a</run_address>
         <size>0x111</size>
         <input_file_ref idref="fl-a"/>
      </object_component>
      <object_component id="oc-4f">
         <name>.debug_info</name>
         <load_address>0x6b5b</load_address>
         <run_address>0x6b5b</run_address>
         <size>0xc20</size>
         <input_file_ref idref="fl-b"/>
      </object_component>
      <object_component id="oc-56">
         <name>.debug_info</name>
         <load_address>0x777b</load_address>
         <run_address>0x777b</run_address>
         <size>0xcf8</size>
         <input_file_ref idref="fl-c"/>
      </object_component>
      <object_component id="oc-5d">
         <name>.debug_info</name>
         <load_address>0x8473</load_address>
         <run_address>0x8473</run_address>
         <size>0x2e57</size>
         <input_file_ref idref="fl-d"/>
      </object_component>
      <object_component id="oc-63">
         <name>.debug_info</name>
         <load_address>0xb2ca</load_address>
         <run_address>0xb2ca</run_address>
         <size>0x5ab</size>
         <input_file_ref idref="fl-13"/>
      </object_component>
      <object_component id="oc-67">
         <name>.debug_info</name>
         <load_address>0xb875</load_address>
         <run_address>0xb875</run_address>
         <size>0xe8</size>
         <input_file_ref idref="fl-14"/>
      </object_component>
      <object_component id="oc-6b">
         <name>.debug_info</name>
         <load_address>0xb95d</load_address>
         <run_address>0xb95d</run_address>
         <size>0x81f</size>
         <input_file_ref idref="fl-15"/>
      </object_component>
      <object_component id="oc-70">
         <name>.debug_info</name>
         <load_address>0xc17c</load_address>
         <run_address>0xc17c</run_address>
         <size>0x716</size>
         <input_file_ref idref="fl-16"/>
      </object_component>
      <object_component id="oc-76">
         <name>.debug_info</name>
         <load_address>0xc892</load_address>
         <run_address>0xc892</run_address>
         <size>0x7e8</size>
         <input_file_ref idref="fl-17"/>
      </object_component>
      <object_component id="oc-7b">
         <name>.debug_info</name>
         <load_address>0xd07a</load_address>
         <run_address>0xd07a</run_address>
         <size>0x5fb</size>
         <input_file_ref idref="fl-18"/>
      </object_component>
      <object_component id="oc-81">
         <name>.debug_info</name>
         <load_address>0xd675</load_address>
         <run_address>0xd675</run_address>
         <size>0x64f</size>
         <input_file_ref idref="fl-19"/>
      </object_component>
      <object_component id="oc-85">
         <name>.debug_info</name>
[...]
      <symbol id="sm-466">
         <name>_memset</name>
         <value>0x85e4</value>
         <object_component_ref idref="oc-d1"/>
      </symbol>
      <symbol id="sm-472">
         <name>_modf</name>
         <value>0x7291</value>
         <object_component_ref idref="oc-d5"/>
      </symbol>
      <symbol id="sm-47c">
         <name>__mpyd</name>
         <value>0x689f</value>
         <object_component_ref idref="oc-da"/>
      </symbol>
      <symbol id="sm-486">
         <name>__negd</name>
         <value>0x8606</value>
         <object_component_ref idref="oc-de"/>
      </symbol>
      <symbol id="sm-490">
         <name>_printf</name>
         <value>0x8131</value>
         <object_component_ref idref="oc-e2"/>
      </symbol>
      <symbol id="sm-49a">
         <name>__remli</name>
         <value>0x826b</value>
         <object_component_ref idref="oc-e6"/>
      </symbol>
      <symbol id="sm-4a4">
         <name>_remove</name>
         <value>0x8688</value>
         <object_component_ref idref="oc-ea"/>
      </symbol>
      <symbol id="sm-4af">
         <name>__remul</name>
         <value>0x7bd6</value>
         <object_component_ref idref="oc-ee"/>
      </symbol>
      <symbol id="sm-4b9">
         <name>_rewind</name>
         <value>0x8645</value>
         <object_component_ref idref="oc-f2"/>
      </symbol>
      <symbol id="sm-4c5">
         <name>__nround</name>
         <value>0x801b</value>
         <object_component_ref idref="oc-f6"/>
      </symbol>
      <symbol id="sm-4d6">
         <name>_sin</name>
         <value>0x5489</value>
         <object_component_ref idref="oc-fb"/>
      </symbol>
      <symbol id="sm-4e0">
         <name>_snprintf</name>
         <value>0x74c4</value>
         <object_component_ref idref="oc-102"/>
      </symbol>
      <symbol id="sm-4ea">
         <name>_sprintf</name>
         <value>0x7c48</value>
         <object_component_ref idref="oc-106"/>
      </symbol>
      <symbol id="sm-4f4">
         <name>_strlen</name>
         <value>0x85f5</value>
         <object_component_ref idref="oc-10a"/>
      </symbol>
      <symbol id="sm-4fe">
         <name>__subd</name>
         <value>0x8598</value>
         <object_component_ref idref="oc-10e"/>
      </symbol>
      <symbol id="sm-50a">
         <name>_HOSTopen</name>
         <value>0x32c6</value>
         <object_component_ref idref="oc-112"/>
      </symbol>
      <symbol id="sm-50b">
         <name>_HOSTread</name>
         <value>0x3239</value>
         <object_component_ref idref="oc-112"/>
      </symbol>
      <symbol id="sm-50c">
         <name>_HOSTtime</name>
         <value>0x312d</value>
         <object_component_ref idref="oc-112"/>
      </symbol>
      <symbol id="sm-50d">
         <name>_getenv</name>
         <value>0x2fbb</value>
         <object_component_ref idref="oc-112"/>
      </symbol>
      <symbol id="sm-50e">
         <name>_HOSTrename</name>
         <value>0x318b</value>
         <object_component_ref idref="oc-112"/>
      </symbol>
      <symbol id="sm-50f">
         <name>_HOSTclock</name>
         <value>0x3485</value>
         <object_component_ref idref="oc-112"/>
      </symbol>
      <symbol id="sm-510">
         <name>_HOSTwrite</name>
         <value>0x3036</value>
         <object_component_ref idref="oc-112"/>
      </symbol>
      <symbol id="sm-511">
         <name>_HOSTlseek</name>
         <value>0x3365</value>
         <object_component_ref idref="oc-112"/>
      </symbol>
      <symbol id="sm-512">
         <name>_HOSTunlink</name>
         <value>0x30c3</value>
         <object_component_ref idref="oc-112"/>
      </symbol>
      <symbol id="sm-513">
         <name>_HOSTclose</name>
         <value>0x341a</value>
         <object_component_ref idref="oc-112"/>
      </symbol>
      <symbol id="sm-525">
         <name>C$$IO$$</name>
         <value>0x7405</value>
         <object_component_ref idref="oc-11a"/>
      </symbol>
      <symbol id="sm-526">
         <name>__CIOBUF_</name>
         <value>0xfb20</value>
         <object_component_ref idref="oc-119"/>
      </symbol>
      <symbol id="sm-527">
         <name>_readmsg</name>
         <value>0x7e72</value>
         <object_component_ref idref="oc-117"/>
      </symbol>
      <symbol id="sm-528">
         <name>_writemsg</name>
         <value>0x7350</value>
         <object_component_ref idref="oc-11a"/>
      </symbol>
      <symbol id="sm-534">
         <name>__trunc</name>
         <value>0x82fe</value>
         <object_component_ref idref="oc-11d"/>
      </symbol>
      <symbol id="sm-53c">
         <name>__remu</name>
         <value>0x84d5</value>
         <object_component_ref idref="oc-122"/>
      </symbol>
      <symbol id="sm-53d">
         <name>__divu</name>
         <value>0x84c0</value>
         <object_component_ref idref="oc-122"/>
      </symbol>
      <symbol id="sm-53e">
         <name>I$$UMOD</name>
         <value>0x84d5</value>
         <object_component_ref idref="oc-122"/>
      </symbol>
      <symbol id="sm-53f">
         <name>I$$UDIV</name>
         <value>0x84c0</value>
         <object_component_ref idref="oc-122"/>
      </symbol>
      <symbol id="sm-549">
         <name>_Reset</name>
         <value>0xc0</value>
         <object_component_ref idref="oc-15"/>
      </symbol>
      <symbol id="sm-553">
         <name>__buff_read</name>
         <value>0x757b</value>
         <object_component_ref idref="oc-12a"/>
      </symbol>
      <symbol id="sm-55d">
         <name>__rd_ok</name>
         <value>0x70a4</value>
         <object_component_ref idref="oc-12e"/>
      </symbol>
      <symbol id="sm-55e">
         <name>__wrt_ok</name>
         <value>0x7024</value>
         <object_component_ref idref="oc-12e"/>
      </symbol>
      <symbol id="sm-56c">
         <name>__unlock</name>
         <value>0xe1a8</value>
         <object_component_ref idref="oc-133"/>
      </symbol>
      <symbol id="sm-56d">
         <name>__lock</name>
         <value>0xe1a4</value>
         <object_component_ref idref="oc-133"/>
      </symbol>
      <symbol id="sm-56e">
         <name>__register_lock</name>
         <value>0x85da</value>
         <object_component_ref idref="oc-132"/>
      </symbol>
      <symbol id="sm-56f">
         <name>__nop</name>
         <value>0x85e2</value>
         <object_component_ref idref="oc-132"/>
      </symbol>
      <symbol id="sm-570">
         <name>__register_unlock</name>
         <value>0x85d2</value>
         <object_component_ref idref="oc-132"/>
      </symbol>
      <symbol id="sm-582">
         <name>__printfi</name>
         <value>0x1662</value>
         <object_component_ref idref="oc-138"/>
      </symbol>
      <symbol id="sm-58c">
         <name>__args_main</name>
         <value>0x8220</value>
         <object_component_ref idref="oc-13e"/>
      </symbol>
      <symbol id="sm-58d">
         <name>__TI_args_main</name>
         <value>0x1</value>
      </symbol>
      <symbol id="sm-597">
         <name>_atoi</name>
         <value>0x807a</value>
         <object_component_ref idref="oc-142"/>
      </symbol>
      <symbol id="sm-59f">
         <name>_auto_init</name>
         <value>0x81d3</value>
         <object_component_ref idref="oc-146"/>
      </symbol>
      <symbol id="sm-5a7">
         <name>__ctypes_</name>
         <value>0xe1c0</value>
         <object_component_ref idref="oc-1d8"/>
      </symbol>
      <symbol id="sm-5b1">
         <name>__tmpnams</name>
         <value>0xdb58</value>
         <object_component_ref idref="oc-14c"/>
      </symbol>
      <symbol id="sm-5b2">
         <name>__ft_end</name>
         <value>0xdc98</value>
         <object_component_ref idref="oc-14c"/>
      </symbol>
      <symbol id="sm-5b3">
         <name>__ftable</name>
         <value>0xda68</value>
         <object_component_ref idref="oc-14c"/>
      </symbol>
      <symbol id="sm-5be">
         <name>__divul</name>
         <value>0x76cf</value>
         <object_component_ref idref="oc-150"/>
      </symbol>
      <symbol id="sm-5c8">
         <name>_putchar</name>
         <value>0x76c0</value>
         <object_component_ref idref="oc-154"/>
      </symbol>
      <symbol id="sm-5c9">
         <name>_putc</name>
         <value>0x7629</value>
         <object_component_ref idref="oc-154"/>
      </symbol>
      <symbol id="sm-5ca">
         <name>_fputc</name>
         <value>0x7629</value>
         <object_component_ref idref="oc-154"/>
      </symbol>
      <symbol id="sm-5d8">
         <name>_puts</name>
         <value>0x65c6</value>
         <object_component_ref idref="oc-158"/>
      </symbol>
      <symbol id="sm-5d9">
         <name>_fputs</name>
         <value>0x6491</value>
         <object_component_ref idref="oc-158"/>
      </symbol>
      <symbol id="sm-5e3">
         <name>__frcmpyd</name>
         <value>0x7a79</value>
         <object_component_ref idref="oc-15d"/>
      </symbol>
      <symbol id="sm-5ed">
         <name>_fseek</name>
         <value>0x7edf</value>
         <object_component_ref idref="oc-161"/>
      </symbol>
      <symbol id="sm-5f7">
         <name>___isinf</name>
         <value>0x856a</value>
         <object_component_ref idref="oc-165"/>
      </symbol>
      <symbol id="sm-601">
         <name>__divull</name>
         <value>0x4ce2</value>
         <object_component_ref idref="oc-169"/>
      </symbol>
      <symbol id="sm-602">
         <name>__mpylli</name>
         <value>0x4c2a</value>
         <object_component_ref idref="oc-169"/>
      </symbol>
      <symbol id="sm-603">
         <name>__remlli</name>
         <value>0x4bfb</value>
         <object_component_ref idref="oc-169"/>
      </symbol>
      <symbol id="sm-604">
         <name>__divlli</name>
         <value>0x4dd6</value>
         <object_component_ref idref="oc-169"/>
      </symbol>
      <symbol id="sm-605">
         <name>__remull</name>
         <value>0x4bad</value>
         <object_component_ref idref="oc-169"/>
      </symbol>
      <symbol id="sm-60f">
         <name>_ltoa</name>
         <value>0x790a</value>
         <object_component_ref idref="oc-16d"/>
      </symbol>
      <symbol id="sm-61a">
         <name>_memccpy</name>
         <value>0x84ea</value>
         <object_component_ref idref="oc-171"/>
      </symbol>
      <symbol id="sm-624">
         <name>_setvbuf</name>
         <value>0x6f3e</value>
         <object_component_ref idref="oc-175"/>
      </symbol>
      <symbol id="sm-62e">
         <name>__divli</name>
         <value>0x82b6</value>
         <object_component_ref idref="oc-179"/>
      </symbol>
      <symbol id="sm-647">
         <name>_EZDSP5502_MCBSP_close</name>
         <value>0x744e</value>
         <object_component_ref idref="oc-17d"/>
      </symbol>
      <symbol id="sm-648">
         <name>_EZDSP5502_MCBSP_write</name>
         <value>0x7460</value>
         <object_component_ref idref="oc-17d"/>
      </symbol>
      <symbol id="sm-649">
         <name>_EZDSP5502_MCBSP_init</name>
         <value>0x740a</value>
         <object_component_ref idref="oc-17d"/>
      </symbol>
      <symbol id="sm-64a">
         <name>_EZDSP5502_MCBSP_read</name>
         <value>0x7490</value>
         <object_component_ref idref="oc-17d"/>
      </symbol>
      <symbol id="sm-64b">
         <name>_aicMcbsp</name>
         <value>0xe1b8</value>
         <object_component_ref idref="oc-17e"/>
      </symbol>
      <symbol id="sm-65b">
         <name>_EZDSP5502_I2CGPIO_readLine</name>
         <value>0x67a4</value>
         <object_component_ref idref="oc-183"/>
      </symbol>
      <symbol id="sm-65c">
         <name>_EZDSP5502_I2CGPIO_write</name>
         <value>0x6875</value>
         <object_component_ref idref="oc-183"/>
      </symbol>
      <symbol id="sm-65d">
         <name>_EZDSP5502_I2CGPIO_configLine</name>
         <value>0x6751</value>
         <object_component_ref idref="oc-183"/>
      </symbol>
      <symbol id="sm-65e">
         <name>_EZDSP5502_I2CGPIO_writeLine</name>
         <value>0x67d5</value>
         <object_component_ref idref="oc-183"/>
      </symbol>
      <symbol id="sm-65f">
         <name>_EZDSP5502_I2CGPIO_read</name>
         <value>0x6828</value>
         <object_component_ref idref="oc-183"/>
      </symbol>
      <symbol id="sm-670">
         <name>_EZDSP5502_I2C_read</name>
         <value>0x7e4e</value>
         <object_component_ref idref="oc-188"/>
      </symbol>
      <symbol id="sm-671">
         <name>_EZDSP5502_I2C_reset</name>
         <value>0x7e22</value>
         <object_component_ref idref="oc-188"/>
      </symbol>
      <symbol id="sm-672">
         <name>_EZDSP5502_I2C_init</name>
         <value>0x7e05</value>
         <object_component_ref idref="oc-188"/>
      </symbol>
      <symbol id="sm-673">
         <name>_EZDSP5502_I2C_write</name>
         <value>0x7e2c</value>
         <object_component_ref idref="oc-188"/>
      </symbol>
      <symbol id="sm-697">
         <name>_EZDSP5502_GPIO_setOutput</name>
         <value>0x5391</value>
         <object_component_ref idref="oc-18d"/>
      </symbol>
      <symbol id="sm-698">
         <name>_EZDSP5502_GPIO_setDirection</name>
         <value>0x5314</value>
         <object_component_ref idref="oc-18d"/>
      </symbol>
      <symbol id="sm-699">
         <name>_EZDSP5502_GPIO_getInput</name>
         <value>0x540e</value>
         <object_component_ref idref="oc-18d"/>
      </symbol>
      <symbol id="sm-69a">
         <name>_EZDSP5502_GPIO_init</name>
         <value>0x527d</value>
         <object_component_ref idref="oc-18d"/>
      </symbol>
      <symbol id="sm-69b">
         <name>_hGPIO_group0</name>
         <value>0xe168</value>
         <object_component_ref idref="oc-18e"/>
      </symbol>
      <symbol id="sm-69c">
         <name>_hGPIO_group1</name>
         <value>0xe16c</value>
         <object_component_ref idref="oc-18e"/>
      </symbol>
      <symbol id="sm-69d">
         <name>_hGPIO_group2</name>
         <value>0xe170</value>
         <object_component_ref idref="oc-18e"/>
      </symbol>
      <symbol id="sm-69e">
         <name>_hGPIO_group3</name>
         <value>0xe174</value>
         <object_component_ref idref="oc-18e"/>
      </symbol>
      <symbol id="sm-6ad">
         <name>_EZDSP5502_wait</name>
         <value>0x7d37</value>
         <object_component_ref idref="oc-193"/>
      </symbol>
      <symbol id="sm-6ae">
         <name>_EZDSP5502_waitusec</name>
         <value>0x7d6b</value>
         <object_component_ref idref="oc-193"/>
      </symbol>
      <symbol id="sm-6af">
         <name>_EZDSP5502_init</name>
         <value>0x7d7d</value>
         <object_component_ref idref="oc-193"/>
      </symbol>
      <symbol id="sm-6b3">
         <name>__CSL_init</name>
         <value>0x8654</value>
         <object_component_ref idref="oc-198"/>
      </symbol>
      <symbol id="sm-6b9">
         <name>_CSL5502_LIB_</name>
         <value>0x86ac</value>
         <object_component_ref idref="oc-199"/>
      </symbol>
      <symbol id="sm-6ba">
         <name>_CSL_init</name>
         <value>0x8664</value>
         <object_component_ref idref="oc-19a"/>
      </symbol>
      <symbol id="sm-6c0">
         <name>_CSL_SysData</name>
         <value>0xfa88</value>
         <object_component_ref idref="oc-19c"/>
      </symbol>
      <symbol id="sm-6c4">
         <name>_DMA_config</name>
         <value>0x6d40</value>
         <object_component_ref idref="oc-19d"/>
      </symbol>
      <symbol id="sm-6c9">
         <name>_DMA_open</name>
         <value>0x7104</value>
         <object_component_ref idref="oc-19e"/>
      </symbol>
      <symbol id="sm-6cd">
         <name>_DMA_reset</name>
         <value>0x5e08</value>
         <object_component_ref idref="oc-19f"/>
      </symbol>
      <symbol id="sm-6d1">
         <name>_GPIO_pinDirection</name>
         <value>0x8510</value>
         <object_component_ref idref="oc-1a0"/>
      </symbol>
      <symbol id="sm-6d5">
         <name>_GPIO_pinEnable</name>
         <value>0x85ac</value>
         <object_component_ref idref="oc-1a1"/>
      </symbol>
      <symbol id="sm-6d9">
         <name>_GPIO_open</name>
         <value>0x8184</value>
         <object_component_ref idref="oc-1a2"/>
      </symbol>
      <symbol id="sm-6dd">
         <name>_GPIO_pinRead</name>
         <value>0x8584</value>
         <object_component_ref idref="oc-1a3"/>
      </symbol>
      <symbol id="sm-6e1">
         <name>_GPIO_pinWrite</name>
         <value>0x8530</value>
         <object_component_ref idref="oc-1a4"/>
      </symbol>
      <symbol id="sm-6e5">
         <name>_I2C_config</name>
         <value>0x7b64</value>
         <object_component_ref idref="oc-1a5"/>
      </symbol>
      <symbol id="sm-6ed">
         <name>_I2C_read</name>
         <value>0x65f4</value>
         <object_component_ref idref="oc-1a6"/>
      </symbol>
      <symbol id="sm-6f7">
         <name>_I2C_write</name>
         <value>0x6178</value>
         <object_component_ref idref="oc-1a7"/>
      </symbol>
      <symbol id="sm-6fb">
         <name>_IRQ_clear</name>
         <value>0x83bc</value>
         <object_component_ref idref="oc-1a8"/>
      </symbol>
      <symbol id="sm-6ff">
         <name>_IRQ_disable</name>
         <value>0x7cb8</value>
         <object_component_ref idref="oc-1a9"/>
      </symbol>
      <symbol id="sm-703">
         <name>_IRQ_enable</name>
         <value>0x7f4c</value>
         <object_component_ref idref="oc-1aa"/>
      </symbol>
      <symbol id="sm-707">
         <name>_IRQ_globalDisable</name>
         <value>0x8618</value>
         <object_component_ref idref="oc-1ab"/>
      </symbol>
      <symbol id="sm-70b">
         <name>_IRQ_globalEnable</name>
         <value>0x8628</value>
         <object_component_ref idref="oc-1ac"/>
      </symbol>
      <symbol id="sm-70f">
         <name>_IRQ_globalRestore</name>
         <value>0x8670</value>
         <object_component_ref idref="oc-1ad"/>
      </symbol>
      <symbol id="sm-713">
         <name>_IRQ_plug</name>
         <value>0x77fe</value>
         <object_component_ref idref="oc-1ae"/>
      </symbol>
      <symbol id="sm-717">
         <name>_IRQ_setVecs</name>
         <value>0x83f4</value>
         <object_component_ref idref="oc-1af"/>
      </symbol>
      <symbol id="sm-71b">
         <name>_MCBSP_config</name>
         <value>0x69ec</value>
         <object_component_ref idref="oc-1b0"/>
      </symbol>
      <symbol id="sm-71f">
         <name>_MCBSP_close</name>
         <value>0x842c</value>
         <object_component_ref idref="oc-1b1"/>
      </symbol>
      <symbol id="sm-724">
         <name>_MCBSP_open</name>
         <value>0x6e50</value>
         <object_component_ref idref="oc-1b2"/>
      </symbol>
      <symbol id="sm-728">
         <name>_MCBSP_read16</name>
         <value>0x869c</value>
         <object_component_ref idref="oc-1b3"/>
      </symbol>
      <symbol id="sm-72c">
         <name>_MCBSP_reset</name>
         <value>0x494c</value>
         <object_component_ref idref="oc-1b4"/>
      </symbol>
      <symbol id="sm-730">
         <name>_MCBSP_start</name>
         <value>0x7888</value>
         <object_component_ref idref="oc-1b5"/>
      </symbol>
      <symbol id="sm-734">
         <name>_MCBSP_write16</name>
         <value>0x86a4</value>
         <object_component_ref idref="oc-1b6"/>
      </symbol>
      <symbol id="sm-73a">
         <name>_CSL_DmaData</name>
         <value>0xf8c0</value>
         <object_component_ref idref="oc-1b8"/>
      </symbol>
      <symbol id="sm-740">
         <name>_CSL_GpioData</name>
         <value>0xfacc</value>
         <object_component_ref idref="oc-1ba"/>
      </symbol>
      <symbol id="sm-746">
         <name>_CSL_McbspData</name>
         <value>0xf9bc</value>
         <object_component_ref idref="oc-1bc"/>
      </symbol>
   </symbol_table>
</link_info>
