******************************************************************************
              TMS320C55x Linker PC v4.4.1                      
******************************************************************************
>> Linked Thu Dec 12 14:11:56 2024

OUTPUT FILE NAME:   <DSP_EffectSuite.out>
ENTRY POINT SYMBOL: "_c_int00"  address: 00004956


MEMORY CONFIGURATION

         name            origin    length      used     unused   attr    fill
                        (bytes)   (bytes)    (bytes)   (bytes)
----------------------  --------  ---------  --------  --------  ----  --------
PAGE 0:
  MMR                   00000000   000000c0  00000000  000000c0  RWIX
  BTRSVD                000000c0   00000240  00000100  00000140  RWIX
  DARAM                 00000300   0000fb00  00008bca  00006f36  RWIX
  VECS                  0000fe00   00000200  00000100  00000100  RWIX
  CE0                   00010000   003f0000  00000000  003f0000  RWIX
  CE1                   00400000   00400000  00000000  00400000  RWIX
  CE2                   00800000   00400000  00000000  00400000  RWIX
  CE3                   00c00000   003f8000  00000000  003f8000  RWIX
  PDROM                 00ff8000   00008000  00000000  00008000  R IX

PAGE 2:
  IOPORT                00000000   00020000  00000000  00020000  RWI 


SECTION ALLOCATION MAP
(Addresses surrounded by []'s are displayed for convenience only!)

output                                                          attributes/
section   page  orgn(bytes) orgn(words) len(bytes) len(words)   input sections
--------  ----  ----------- ----------- ---------- ----------   --------------
vectors      0     000000c0  [ 00000060 ] 00000100          *   NOLOAD SECTION
                   000000c0  [ 00000060 ] 00000100          *   rts55x.lib : vectors.obj (vectors)

.text        0     00000300  [ 00000180 ] 00004848          *   
                   00000300  [ 00000180 ] 000015a4          *   rts55x.lib : _printfi.obj (.text)
                   000018a4  [ 00000c52 ] 000003cc          *              : divd.obj (.text)
                   00001c70  [ 00000e38 ] 00000284          *   state_machine.obj (.text)
                   00001ef4  [ 00000f7a ] 00000261          *   csl5502x.lib : mcbsp_rst.obj (.text:MCBSP_reset)
                   00002155  [ 000010aa+] 0000025e          *   rts55x.lib : llmpy.obj (.text)
                   000023b3  [ 000011d9+] 0000025a          *              : addd.obj (.text)
                   0000260d  [ 00001306+] 0000020c          *   ezdsp5502bsl.lib : ezdsp5502_gpio.obj (.text)
                   00002819  [ 0000140c+] 000001ea          *   rts55x.lib : cmpd.obj (.text)
                   00002a03  [ 00001501+] 000001e1          *   aic3204.obj (.text)
                   00002be4  [ 000015f2 ] 000001d1          *   oled.obj (.text)
                   00002db5  [ 000016da+] 00000002          *   rts55x.lib : vectors.obj (.text)
                   00002db7  [ 000016db ] 00000001          *   --HOLE-- [fill = 20]
                   00002db8  [ 000016dc ] 000001ca          *   csl5502x.lib : dma_reset.obj (.text:DMA_reset)
                   00002f82  [ 000017c1 ] 000001a3          *   dma.obj (.text)
                   00003125  [ 00001892+] 00000002          *   vectors_dma.obj (.text)
                   00003127  [ 00001893 ] 00000001          *   --HOLE-- [fill = 20]
                   00003128  [ 00001894 ] 0000018e          *   csl5502x.lib : i2c_write.obj (.text:I2C_write)
                   000032b6  [ 0000195b ] 0000018b          *   lcd.obj (.text)
                   00003441  [ 00001a20 ] 00000003          *   --HOLE-- [fill = 20]
                   00003444  [ 00001a22 ] 0000015d          *   csl5502x.lib : i2c_read.obj (.text:I2C_read)
                   000035a1  [ 00001ad0+] 0000014e          *   ezdsp5502bsl.lib : ezdsp5502_i2cgpio.obj (.text)
                   000036ef  [ 00001b77+] 0000014c          *   rts55x.lib : mpyd.obj (.text)
                   0000383b  [ 00001c1d ] 00000001          *   --HOLE-- [fill = 20]
                   0000383c  [ 00001c1e ] 00000130          *   csl5502x.lib : mcbsp_cfg.obj (.text:MCBSP_config)
                   0000396c  [ 00001cb6 ] 00000112          *   dma.obj (.text:retain)
                   00003a7e  [ 00001d3f ] 00000002          *   --HOLE-- [fill = 20]
                   00003a80  [ 00001d40 ] 0000010e          *   csl5502x.lib : dma_cfg.obj (.text:DMA_config)
                   00003b8e  [ 00001dc7 ] 00000002          *   --HOLE-- [fill = 20]
                   00003b90  [ 00001dc8 ] 000000ee          *                : mcbsp_open.obj (.text:MCBSP_open)
                   00003c7e  [ 00001e3f ] 000000d4          *   main.obj (.text)
                   00003d52  [ 00001ea9 ] 00000002          *   --HOLE-- [fill = 20]
                   00003d54  [ 00001eaa ] 000000cb          *   csl5502x.lib : dma_open.obj (.text:DMA_open)
                   00003e1f  [ 00001f0f+] 000000ba          *   ezdsp5502bsl.lib : ezdsp5502_mcbsp.obj (.text)
                   00003ed9  [ 00001f6c+] 000000a1          *   rts55x.lib : divul.obj (.text)
                   00003f7a  [ 00001fbd ] 0000008e          *   buttons.obj (.text)
                   00004008  [ 00002004 ] 00000089          *   csl5502x.lib : irq_pluga.obj (.text)
                   00004091  [ 00002048 ] 00000003          *   --HOLE-- [fill = 20]
                   00004094  [ 0000204a ] 00000082          *                : mcbsp_start.obj (.text:MCBSP_start)
                   00004116  [ 0000208b ] 0000007d          *   rts55x.lib : ltoa.obj (.text)
                   00004193  [ 000020c9+] 00000076          *              : frcmpyd.obj (.text)
                   00004209  [ 00002104+] 00000073          *              : frcmpyd_div.obj (.text)
                   0000427c  [ 0000213e ] 00000072          *   csl5502x.lib : i2c_cfg.obj (.text:I2C_config)
                   000042ee  [ 00002177 ] 00000072          *   rts55x.lib : remul.obj (.text)
                   00004360  [ 000021b0 ] 00000070          *              : sprintf.obj (.text)
                   000043d0  [ 000021e8 ] 0000006f          *   csl5502x.lib : irq_disa.obj (.text:IRQ_disable)
                   0000443f  [ 0000221f+] 0000006f          *   ezdsp5502bsl.lib : ezdsp5502.obj (.text)
                   000044ae  [ 00002257 ] 0000006f          *   rts55x.lib : fixdli.obj (.text)
                   0000451d  [ 0000228e+] 0000006d          *   ezdsp5502bsl.lib : ezdsp5502_i2c.obj (.text)
                   0000458a  [ 000022c5 ] 00000002          *   --HOLE-- [fill = 20]
                   0000458c  [ 000022c6 ] 00000068          *   csl5502x.lib : irq_enab.obj (.text:IRQ_enable)
                   000045f4  [ 000022fa ] 00000067          *   rts55x.lib : fltlid.obj (.text)
                   0000465b  [ 0000232d+] 0000005c          *              : atoi.obj (.text)
                   000046b7  [ 0000235b ] 00000001          *   --HOLE-- [fill = 20]
                   000046b8  [ 0000235c ] 0000004f          *   csl5502x.lib : gpio_open.obj (.text:GPIO_open)
                   00004707  [ 00002383+] 0000004d          *   rts55x.lib : autoinit.obj (.text)
                   00004754  [ 000023aa ] 0000004b          *              : args_main.obj (.text)
                   0000479f  [ 000023cf+] 0000004b          *              : remli.obj (.text)
                   000047ea  [ 000023f5 ] 00000048          *              : divli.obj (.text)
                   00004832  [ 00002419 ] 0000003f          *              : memcpy.obj (.text)
                   00004871  [ 00002438+] 0000003e          *              : exit.obj (.text)
                   000048af  [ 00002457 ] 00000001          *   --HOLE-- [fill = 20]
                   000048b0  [ 00002458 ] 00000037          *   csl5502x.lib : irq_clear.obj (.text:IRQ_clear)
                   000048e7  [ 00002473 ] 00000001          *   --HOLE-- [fill = 20]
                   000048e8  [ 00002474 ] 00000037          *                : irq_setvecs.obj (.text:IRQ_setVecs)
                   0000491f  [ 0000248f ] 00000001          *   --HOLE-- [fill = 20]
                   00004920  [ 00002490 ] 00000036          *                : mcbsp_cls.obj (.text:MCBSP_close)
                   00004956  [ 000024ab ] 00000034          *   rts55x.lib : boot.obj (.text)
                   0000498a  [ 000024c5 ] 0000002a          *              : fixdi.obj (.text)
                   000049b4  [ 000024da ] 0000002a          *              : udiv.obj (.text)
                   000049de  [ 000024ef ] 00000023          *              : memccpy.obj (.text)
                   00004a01  [ 00002500 ] 00000003          *   --HOLE-- [fill = 20]
                   00004a04  [ 00002502 ] 0000001f          *   csl5502x.lib : gpio_dir.obj (.text:GPIO_pinDirection)
                   00004a23  [ 00002511 ] 00000001          *   --HOLE-- [fill = 20]
                   00004a24  [ 00002512 ] 0000001f          *                : gpio_write.obj (.text:GPIO_pinWrite)
                   00004a43  [ 00002521+] 0000001a          *   rts55x.lib : isinf.obj (.text)
                   00004a5d  [ 0000252e ] 00000003          *   --HOLE-- [fill = 20]
                   00004a60  [ 00002530 ] 00000014          *   csl5502x.lib : gpio_read.obj (.text:GPIO_pinRead)
                   00004a74  [ 0000253a ] 00000014          *   rts55x.lib : subd.obj (.text)
                   00004a88  [ 00002544 ] 00000013          *   csl5502x.lib : gpio_enab.obj (.text:GPIO_pinEnable)
                   00004a9b  [ 0000254d+] 00000013          *   rts55x.lib : lmpy.obj (.text)
                   00004aae  [ 00002557 ] 00000012          *              : _lock.obj (.text)
                   00004ac0  [ 00002560 ] 00000011          *              : strlen.obj (.text)
                   00004ad1  [ 00002568+] 00000010          *              : negd.obj (.text)
                   00004ae1  [ 00002570 ] 00000003          *   --HOLE-- [fill = 20]
                   00004ae4  [ 00002572 ] 0000000f          *   csl5502x.lib : irq_gdisab.obj (.text:IRQ_globalDisable)
                   00004af3  [ 00002579 ] 00000001          *   --HOLE-- [fill = 20]
                   00004af4  [ 0000257a ] 0000000f          *                : irq_genab.obj (.text:IRQ_globalEnable)
                   00004b03  [ 00002581 ] 00000001          *   --HOLE-- [fill = 20]
                   00004b04  [ 00002582 ] 0000000d          *                : _csl_init.obj (.text:_CSL_init)
                   00004b11  [ 00002588 ] 00000003          *   --HOLE-- [fill = 20]
                   00004b14  [ 0000258a ] 0000000c          *                : csl.obj (.text:CSL_init)
                   00004b20  [ 00002590 ] 0000000c          *                : irq_grest.obj (.text:IRQ_globalRestore)
                   00004b2c  [ 00002596 ] 00000007          *   rts55x.lib : exit.obj (.text:CIO_breakpoint)
                   00004b33  [ 00002599 ] 00000001          *   --HOLE-- [fill = 20]
                   00004b34  [ 0000259a ] 00000007          *   csl5502x.lib : mcbsp_r16.obj (.text:MCBSP_read16)
                   00004b3b  [ 0000259d ] 00000001          *   --HOLE-- [fill = 20]
                   00004b3c  [ 0000259e ] 00000007          *                : mcbsp_w16.obj (.text:MCBSP_write16)
                   00004b43  [ 000025a1 ] 00000001          *   --HOLE-- [fill = 20]
                   00004b44  [ 000025a2 ] 00000002          *                : csl.obj (.text)
                   00004b46  [ 000025a3 ] 00000002          *   --HOLE-- [fill = 20]

.data        0   [ 00000300 ]  00000180          *   00000000   

.pinit       0   [ 00000300 ]  00000180          *   00000000   

.stack       0   [ 00004b60 ]  000025b0          *   00001000   
                 [ 00004b60 ]  000025b0          *   00001000   --HOLE-- [fill = 00]

.sysstack 
*            0   [ 00006b60 ]  000035b0          *   00000800   
                 [ 00006b60 ]  000035b0          *   00000800   --HOLE-- [fill = 00]

dmaMem       0   [ 00007b80 ]  00003dc0          *   00000400   
                 [ 00007b80 ]  00003dc0          *   00000400   main.obj (dmaMem) [fill = 00]

.const       0   [ 00008380 ]  000041c0          *   000002c4   
                 [ 00008380 ]  000041c0          *   00000101   rts55x.lib : ctype.obj (.const:__ctypes_)
                 [ 00008582 ]  000042c1          *   000000c8   oled.obj (.const:_glyphs)
                 [ 00008712 ]  00004389          *   00000001   --HOLE-- [fill = 00]
                 [ 00008714 ]  0000438a          *   0000009a   state_machine.obj (.const:.string)
                 [ 00008848 ]  00004424          *   00000024   rts55x.lib : _printfi.obj (.const:.string)
                 [ 00008890 ]  00004448          *   0000001b   ezdsp5502bsl.lib : ezdsp5502_mcbsp.obj (.const:_$P$T0$1)
                 [ 000088c6 ]  00004463          *   00000001   --HOLE-- [fill = 00]
                 [ 000088c8 ]  00004464          *   0000000c   rts55x.lib : _printfi.obj (.const)
                 [ 000088e0 ]  00004470          *   0000000a   ezdsp5502bsl.lib : ezdsp5502_i2c.obj (.const:_$P$T0$1)
                 [ 000088f4 ]  0000447a          *   00000008   rts55x.lib : divd.obj (.const:_initial_approx$1)
                 [ 00008904 ]  00004482          *   00000002              : fltlid.obj (.const)

.cinit       0   [ 00008908 ]  00004484          *   00000187   
                 [ 00008908 ]  00004484          *   00000081   csl5502x.lib : csl_dmadat.obj (.cinit)
                 [ 00008a0a ]  00004505          *   00000069                : csl_mcbspdat.obj (.cinit)
                 [ 00008adc ]  0000456e          *   0000002c   dma.obj (.cinit)
                 [ 00008b34 ]  0000459a          *   00000025   csl5502x.lib : csl_csldat.obj (.cinit)
                 [ 00008b7e ]  000045bf          *   00000023                : csl_gpiodat.obj (.cinit)
                 [ 00008bc4 ]  000045e2          *   0000000c   state_machine.obj (.cinit)
                 [ 00008bdc ]  000045ee          *   0000000a   rts55x.lib : _lock.obj (.cinit)
                 [ 00008bf0 ]  000045f8          *   0000000a              : exit.obj (.cinit)
                 [ 00008c04 ]  00004602          *   00000008   buttons.obj (.cinit)
                 [ 00008c14 ]  0000460a          *   00000001   --HOLE-- [fill = 0]

.csldata     0   [ 00008c40 ]  00004620          *   00000126   
                 [ 00008c40 ]  00004620          *   0000007e   csl5502x.lib : csl_dmadat.obj (.csldata:DMA_data) [fill = 00]
                 [ 00008d3c ]  0000469e          *   00000066                : csl_mcbspdat.obj (.csldata:MCBSP_data) [fill = 00]
                 [ 00008e08 ]  00004704          *   00000022                : csl_csldat.obj (.csldata:SYS_data) [fill = 00]
                 [ 00008e4c ]  00004726          *   00000020                : csl_gpiodat.obj (.csldata:GPIO_data) [fill = 00]

.bss         0   [ 00008ea0 ]  00004750          *   00000050   
                 [ 00008ea0 ]  00004750          *   0000002e   dma.obj (.bss) [fill = 00]
                 [ 00008efc ]  0000477e          *   0000000d   state_machine.obj (.bss) [fill = 00]
                 [ 00008f16 ]  0000478b          *   00000001   --HOLE-- [fill = 00]
                 [ 00008f18 ]  0000478c          *   00000008   ezdsp5502bsl.lib : ezdsp5502_gpio.obj (.bss) [fill = 00]
                 [ 00008f28 ]  00004794          *   00000004   rts55x.lib : _lock.obj (.bss) [fill = 00]
                 [ 00008f30 ]  00004798          *   00000004              : exit.obj (.bss) [fill = 00]
                 [ 00008f38 ]  0000479c          *   00000002   buttons.obj (.bss) [fill = 00]
                 [ 00008f3c ]  0000479e          *   00000002   ezdsp5502bsl.lib : ezdsp5502_mcbsp.obj (.bss) [fill = 00]

.vectors     0     0000fe00  [ 00007f00 ] 00000100          *   
                   0000fe00  [ 00007f00 ] 00000100          *   vectors_dma.obj (.vectors)


GLOBAL SYMBOLS: SORTED ALPHABETICALLY BY Name 

abs. value/
byte addr   word addr   name
---------   ---------   ----
00000002                $TI_capability$C5500$CallingConvention
00000002                $TI_capability$C5500$MemoryModel
00000001                $TI_capability_requires_rev2
            00004750    .bss
            00000180    .data
00000300                .text
00004b2d                C$$EXIT
00004a9b                I$$LMPY
000049b4                I$$UDIV
000049c9                I$$UMOD
00002a03                _AIC3204_rset
00004b44                _CSL5502_LIB_
            00004620    _CSL_DmaData
            00004726    _CSL_GpioData
            0000469e    _CSL_McbspData
            00004704    _CSL_SysData
00004b14                _CSL_init
00003a80                _DMA_config
00003d54                _DMA_open
00002db8                _DMA_reset
0000279e                _EZDSP5502_GPIO_getInput
0000260d                _EZDSP5502_GPIO_init
000026a4                _EZDSP5502_GPIO_setDirection
00002721                _EZDSP5502_GPIO_setOutput
000035a1                _EZDSP5502_I2CGPIO_configLine
00003678                _EZDSP5502_I2CGPIO_read
000035f4                _EZDSP5502_I2CGPIO_readLine
000036c5                _EZDSP5502_I2CGPIO_write
00003625                _EZDSP5502_I2CGPIO_writeLine
0000451d                _EZDSP5502_I2C_init
00004566                _EZDSP5502_I2C_read
0000453a                _EZDSP5502_I2C_reset
00004544                _EZDSP5502_I2C_write
00003e63                _EZDSP5502_MCBSP_close
00003e1f                _EZDSP5502_MCBSP_init
00003ea5                _EZDSP5502_MCBSP_read
00003e75                _EZDSP5502_MCBSP_write
00004495                _EZDSP5502_init
0000444f                _EZDSP5502_wait
00004483                _EZDSP5502_waitusec
000046b8                _GPIO_open
00004a04                _GPIO_pinDirection
00004a88                _GPIO_pinEnable
00004a60                _GPIO_pinRead
00004a24                _GPIO_pinWrite
0000427c                _I2C_config
00003444                _I2C_read
00003128                _I2C_write
000048b0                _IRQ_clear
000043d0                _IRQ_disable
0000458c                _IRQ_enable
00004ae4                _IRQ_globalDisable
00004af4                _IRQ_globalEnable
00004b20                _IRQ_globalRestore
00004008                _IRQ_plug
000048e8                _IRQ_setVecs
00002a2d                _Init_AIC3204
00004920                _MCBSP_close
0000383c                _MCBSP_config
00003b90                _MCBSP_open
00004b34                _MCBSP_read16
00001ef4                _MCBSP_reset
00004094                _MCBSP_start
00004b3c                _MCBSP_write16
000000c0                _Reset
0000fe00                _VECSTART
00004b04                __CSL_init
            000035b0    __STACK_END
00002000                __STACK_SIZE
00001000                __SYSSTACK_SIZE
00000001                __TI_args_main
ffffffff                ___binit__
            00004750    ___bss__
ffffffff                ___c_args__
            00004484    ___cinit__
            00000180    ___data__
            00000180    ___edata__
            000047a0    ___end__
00004b48                ___etext__
00004a43                ___isinf
ffffffff                ___pinit__
00000300                ___text__
000023b3                __addd
00004754                __args_main
            00004798    __cleanup_ptr
000029ab                __cmpd
            000041c0    __ctypes_
000018a4                __divd
000047ea                __divli
0000237e                __divlli
000049b4                __divu
00003ed9                __divul
0000228a                __divull
            0000479a    __dtors_ptr
00002977                __eqld
0000498a                __fixdi
000044ae                __fixdli
000045f4                __fltlid
00004193                __frcmpyd
00004209                __frcmpyd_div
0000292d                __geqd
000028e2                __gtrd
00002895                __leqd
            00004794    __lock
0000284d                __lssd
000036ef                __mpyd
00004a9b                __mpyli
000021d2                __mpylli
00004ad1                __negd
00002819                __neqd
00004abe                __nop
00001662                __printfi
00004ab6                __register_lock
00004aae                __register_unlock
0000479f                __remli
000021a3                __remlli
000049c9                __remu
000042ee                __remul
00002155                __remull
            000025b0    __stack
00004a74                __subd
            000035b0    __sysstack
            00004796    __unlock
00004b2c                _abort
            0000479e    _aicMcbsp
0000465b                _atoi
00004707                _auto_init
            00003dc0    _buffReceive
            00003fc0    _buffTransmit
00004956                _c_int00
00003fd0                _changeButtonState
00003f90                _checkButtons
00003ce0                _cleanBuffers
0000300d                _configAudioDma
            00004750    _dmaInterruptFlag
0000396c                _dmaRcvIsr
            00004756    _dmaReceive
            00004758    _dmaTransmit
00003d17                _dsp_process
00003116                _enableInterrupt
00004871                _exit
00003fee                _getButtonState
00002c83                _getGlyphForChar
            0000478c    _hGPIO_group0
            0000478e    _hGPIO_group1
            00004790    _hGPIO_group2
            00004792    _hGPIO_group3
00003f7a                _initI2CButtons
00004116                _ltoa
00003c7e                _main
000049de                _memccpy
00004832                _memcpy
            00004781    _message
            0000475a    _myconfig_receive
            0000476c    _myconfig_transmit
            00004754    _old_intm
00002c56                _oled_addSpace
00002c20                _oled_fillPage
00002bfa                _oled_setPage
00002be4                _oled_start
00002ce4                _oled_writeText
000032b6                _osd9616_init
000033b6                _osd9616_multiSend
00003396                _osd9616_send
00003404                _printLetter
            00004752    _rcvEventId
00004360                _sprintf
000030dd                _startAudioDma
00001d98                _stateMachineInit
00001dc5                _stateMachineRun
000030fe                _stopAudioDma
00004ac0                _strlen
            00004751    _xmtEventId
ffffffff                binit
            00004484    cinit
            00000180    edata
            000047a0    end
00004b48                etext
0000fe10                int0
0000fe18                int1
0000fe60                int10
0000fe68                int11
0000fe70                int12
0000fe78                int13
0000fe80                int14
0000fe88                int15
0000fe90                int16
0000fe98                int17
0000fea0                int18
0000fea8                int19
0000fe20                int2
0000feb0                int20
0000feb8                int21
0000fec0                int22
0000fec8                int23
0000fed0                int24
0000fed8                int25
0000fee0                int26
0000fee8                int27
0000fef0                int28
0000fef8                int29
0000fe28                int3
0000fe30                int4
0000fe38                int5
0000fe40                int6
0000fe48                int7
0000fe50                int8
0000fe58                int9
0000fe08                nmi
00003125                no_isr
ffffffff                pinit


GLOBAL SYMBOLS: SORTED BY Symbol Address 

abs. value/
byte addr   word addr   name
---------   ---------   ----
00000001                $TI_capability_requires_rev2
00000001                __TI_args_main
00000002                $TI_capability$C5500$CallingConvention
00000002                $TI_capability$C5500$MemoryModel
000000c0                _Reset
            00000180    .data
00000300                .text
            00000180    ___data__
            00000180    ___edata__
00000300                ___text__
            00000180    edata
00001000                __SYSSTACK_SIZE
00001662                __printfi
000018a4                __divd
00001d98                _stateMachineInit
00001dc5                _stateMachineRun
00001ef4                _MCBSP_reset
00002000                __STACK_SIZE
00002155                __remull
000021a3                __remlli
000021d2                __mpylli
0000228a                __divull
0000237e                __divlli
000023b3                __addd
0000260d                _EZDSP5502_GPIO_init
000026a4                _EZDSP5502_GPIO_setDirection
00002721                _EZDSP5502_GPIO_setOutput
0000279e                _EZDSP5502_GPIO_getInput
00002819                __neqd
0000284d                __lssd
00002895                __leqd
000028e2                __gtrd
0000292d                __geqd
00002977                __eqld
000029ab                __cmpd
00002a03                _AIC3204_rset
00002a2d                _Init_AIC3204
00002be4                _oled_start
00002bfa                _oled_setPage
00002c20                _oled_fillPage
00002c56                _oled_addSpace
00002c83                _getGlyphForChar
00002ce4                _oled_writeText
00002db8                _DMA_reset
0000300d                _configAudioDma
000030dd                _startAudioDma
000030fe                _stopAudioDma
00003116                _enableInterrupt
00003125                no_isr
00003128                _I2C_write
000032b6                _osd9616_init
00003396                _osd9616_send
000033b6                _osd9616_multiSend
00003404                _printLetter
00003444                _I2C_read
000035a1                _EZDSP5502_I2CGPIO_configLine
000035f4                _EZDSP5502_I2CGPIO_readLine
00003625                _EZDSP5502_I2CGPIO_writeLine
00003678                _EZDSP5502_I2CGPIO_read
000036c5                _EZDSP5502_I2CGPIO_write
000036ef                __mpyd
0000383c                _MCBSP_config
0000396c                _dmaRcvIsr
00003a80                _DMA_config
00003b90                _MCBSP_open
00003c7e                _main
00003ce0                _cleanBuffers
00003d17                _dsp_process
00003d54                _DMA_open
00003e1f                _EZDSP5502_MCBSP_init
00003e63                _EZDSP5502_MCBSP_close
00003e75                _EZDSP5502_MCBSP_write
00003ea5                _EZDSP5502_MCBSP_read
00003ed9                __divul
00003f7a                _initI2CButtons
00003f90                _checkButtons
00003fd0                _changeButtonState
00003fee                _getButtonState
00004008                _IRQ_plug
00004094                _MCBSP_start
00004116                _ltoa
00004193                __frcmpyd
00004209                __frcmpyd_div
0000427c                _I2C_config
000042ee                __remul
00004360                _sprintf
000043d0                _IRQ_disable
0000444f                _EZDSP5502_wait
00004483                _EZDSP5502_waitusec
00004495                _EZDSP5502_init
000044ae                __fixdli
0000451d                _EZDSP5502_I2C_init
0000453a                _EZDSP5502_I2C_reset
00004544                _EZDSP5502_I2C_write
00004566                _EZDSP5502_I2C_read
0000458c                _IRQ_enable
000045f4                __fltlid
0000465b                _atoi
000046b8                _GPIO_open
00004707                _auto_init
00004754                __args_main
0000479f                __remli
000047ea                __divli
00004832                _memcpy
00004871                _exit
000048b0                _IRQ_clear
000048e8                _IRQ_setVecs
00004920                _MCBSP_close
00004956                _c_int00
0000498a                __fixdi
000049b4                I$$UDIV
000049b4                __divu
000049c9                I$$UMOD
000049c9                __remu
000049de                _memccpy
00004a04                _GPIO_pinDirection
00004a24                _GPIO_pinWrite
00004a43                ___isinf
00004a60                _GPIO_pinRead
00004a74                __subd
00004a88                _GPIO_pinEnable
00004a9b                I$$LMPY
00004a9b                __mpyli
00004aae                __register_unlock
00004ab6                __register_lock
00004abe                __nop
00004ac0                _strlen
00004ad1                __negd
00004ae4                _IRQ_globalDisable
00004af4                _IRQ_globalEnable
00004b04                __CSL_init
00004b14                _CSL_init
00004b20                _IRQ_globalRestore
00004b2c                _abort
00004b2d                C$$EXIT
00004b34                _MCBSP_read16
00004b3c                _MCBSP_write16
00004b44                _CSL5502_LIB_
00004b48                ___etext__
00004b48                etext
            000025b0    __stack
            000035b0    __STACK_END
            000035b0    __sysstack
            00003dc0    _buffReceive
            00003fc0    _buffTransmit
            000041c0    __ctypes_
            00004484    ___cinit__
            00004484    cinit
            00004620    _CSL_DmaData
            0000469e    _CSL_McbspData
            00004704    _CSL_SysData
            00004726    _CSL_GpioData
            00004750    .bss
            00004750    ___bss__
            00004750    _dmaInterruptFlag
            00004751    _xmtEventId
            00004752    _rcvEventId
            00004754    _old_intm
            00004756    _dmaReceive
            00004758    _dmaTransmit
            0000475a    _myconfig_receive
            0000476c    _myconfig_transmit
            00004781    _message
            0000478c    _hGPIO_group0
            0000478e    _hGPIO_group1
            00004790    _hGPIO_group2
            00004792    _hGPIO_group3
            00004794    __lock
            00004796    __unlock
            00004798    __cleanup_ptr
            0000479a    __dtors_ptr
            0000479e    _aicMcbsp
            000047a0    ___end__
            000047a0    end
0000fe00                _VECSTART
0000fe08                nmi
0000fe10                int0
0000fe18                int1
0000fe20                int2
0000fe28                int3
0000fe30                int4
0000fe38                int5
0000fe40                int6
0000fe48                int7
0000fe50                int8
0000fe58                int9
0000fe60                int10
0000fe68                int11
0000fe70                int12
0000fe78                int13
0000fe80                int14
0000fe88                int15
0000fe90                int16
0000fe98                int17
0000fea0                int18
0000fea8                int19
0000feb0                int20
0000feb8                int21
0000fec0                int22
0000fec8                int23
0000fed0                int24
0000fed8                int25
0000fee0                int26
0000fee8                int27
0000fef0                int28
0000fef8                int29
ffffffff                ___binit__
ffffffff                ___c_args__
ffffffff                ___pinit__
ffffffff                binit
ffffffff                pinit

[211 symbols]
