******************************************************************************
              TMS320C55x Linker PC v4.4.1                      
******************************************************************************
>> Linked Sun Feb 02 18:14:48 2025

OUTPUT FILE NAME:   <DSP_EffectSuite.out>
ENTRY POINT SYMBOL: "_c_int00"  address: 00008462


MEMORY CONFIGURATION

         name            origin    length      used     unused   attr    fill
                        (bytes)   (bytes)    (bytes)   (bytes)
----------------------  --------  ---------  --------  --------  ----  --------
PAGE 0:
  MMR                   00000000   000000c0  00000000  000000c0  RWIX
  BTRSVD                000000c0   00000240  00000100  00000140  RWIX
  DARAM                 00000300   0000fb00  0000f9f6  0000010a  RWIX
  VECS                  0000fe00   00000200  00000100  00000100  RWIX
  CE0                   00010000   003f0000  00000000  003f0000  RWIX
  CE1                   00400000   00400000  00000000  00400000  RWIX
  CE2                   00800000   00400000  00000000  00400000  RWIX
  CE3                   00c00000   003f8000  00000000  003f8000  RWIX
  PDROM                 00ff8000   00008000  00000000  00008000  R IX

PAGE 2:
  IOPORT                00000000   00020000  00000000  00020000  RWI 


SECTION ALLOCATION MAP
(Addresses surrounded by []'s are displayed for convenience only!)

output                                                          attributes/
section   page  orgn(bytes) orgn(words) len(bytes) len(words)   input sections
--------  ----  ----------- ----------- ---------- ----------   --------------
vectors      0     000000c0  [ 00000060 ] 00000100          *   NOLOAD SECTION
                   000000c0  [ 00000060 ] 00000100          *   rts55x.lib : vectors.obj (vectors)

.text        0     00000300  [ 00000180 ] 000083b0          *   
                   00000300  [ 00000180 ] 000015a4          *   rts55x.lib : _printfi.obj (.text)
                   000018a4  [ 00000c52 ] 00000c1d          *   reverbs.obj (.text)
                   000024c1  [ 00001260+] 000005b7          *   main.obj (.text)
                   00002a78  [ 0000153c ] 00000543          *   rts55x.lib : lowlev.obj (.text)
                   00002fbb  [ 000017dd+] 00000528          *              : trgdrv.obj (.text)
                   000034e3  [ 00001a71+] 000004b5          *              : memory.obj (.text)
                   00003998  [ 00001ccc ] 00000423          *   state_machine.obj (.text)
                   00003dbb  [ 00001edd+] 000003cc          *   rts55x.lib : divd.obj (.text)
                   00004187  [ 000020c3+] 000002d4          *   phaser.obj (.text)
                   0000445b  [ 0000222d+] 0000027f          *   rts55x.lib : fopen.obj (.text)
                   000046da  [ 0000236d ] 00000272          *   autowah.obj (.text)
                   0000494c  [ 000024a6 ] 00000261          *   csl5502x.lib : mcbsp_rst.obj (.text:MCBSP_reset)
                   00004bad  [ 000025d6+] 0000025e          *   rts55x.lib : llmpy.obj (.text)
                   00004e0b  [ 00002705+] 0000025a          *              : addd.obj (.text)
                   00005065  [ 00002832+] 00000218          *              : cos.obj (.text)
                   0000527d  [ 0000293e+] 0000020c          *   ezdsp5502bsl.lib : ezdsp5502_gpio.obj (.text)
                   00005489  [ 00002a44+] 000001f2          *   rts55x.lib : sin.obj (.text)
                   0000567b  [ 00002b3d+] 000001ee          *              : fwrite.obj (.text)
                   00005869  [ 00002c34+] 000001ea          *              : cmpd.obj (.text)
                   00005a53  [ 00002d29+] 000001e1          *   aic3204.obj (.text)
                   00005c34  [ 00002e1a ] 000001d1          *   oled.obj (.text)
                   00005e05  [ 00002f02+] 00000002          *   rts55x.lib : vectors.obj (.text)
                   00005e07  [ 00002f03 ] 00000001          *   --HOLE-- [fill = 20]
                   00005e08  [ 00002f04 ] 000001ca          *   csl5502x.lib : dma_reset.obj (.text:DMA_reset)
                   00005fd2  [ 00002fe9 ] 000001a3          *   dma.obj (.text)
                   00006175  [ 000030ba+] 00000002          *   vectors_dma.obj (.text)
                   00006177  [ 000030bb ] 00000001          *   --HOLE-- [fill = 20]
                   00006178  [ 000030bc ] 0000018e          *   csl5502x.lib : i2c_write.obj (.text:I2C_write)
                   00006306  [ 00003183 ] 0000018b          *   lcd.obj (.text)
                   00006491  [ 00003248+] 00000163          *   rts55x.lib : fputs.obj (.text)
                   000065f4  [ 000032fa ] 0000015d          *   csl5502x.lib : i2c_read.obj (.text:I2C_read)
                   00006751  [ 000033a8+] 0000014e          *   ezdsp5502bsl.lib : ezdsp5502_i2cgpio.obj (.text)
                   0000689f  [ 0000344f+] 0000014c          *   rts55x.lib : mpyd.obj (.text)
                   000069eb  [ 000034f5 ] 00000001          *   --HOLE-- [fill = 20]
                   000069ec  [ 000034f6 ] 00000130          *   csl5502x.lib : mcbsp_cfg.obj (.text:MCBSP_config)
                   00006b1c  [ 0000358e ] 00000112          *   dma.obj (.text:retain)
                   00006c2e  [ 00003617 ] 0000010f          *   rts55x.lib : fread.obj (.text)
                   00006d3d  [ 0000369e ] 00000003          *   --HOLE-- [fill = 20]
                   00006d40  [ 000036a0 ] 0000010e          *   csl5502x.lib : dma_cfg.obj (.text:DMA_config)
                   00006e4e  [ 00003727 ] 00000002          *   --HOLE-- [fill = 20]
                   00006e50  [ 00003728 ] 000000ee          *                : mcbsp_open.obj (.text:MCBSP_open)
                   00006f3e  [ 0000379f ] 000000e6          *   rts55x.lib : setvbuf.obj (.text)
                   00007024  [ 00003812 ] 000000dd          *              : _io_perm.obj (.text)
                   00007101  [ 00003880 ] 00000003          *   --HOLE-- [fill = 20]
                   00007104  [ 00003882 ] 000000cb          *   csl5502x.lib : dma_open.obj (.text:DMA_open)
                   000071cf  [ 000038e7+] 000000c2          *   rts55x.lib : fflush.obj (.text)
                   00007291  [ 00003948+] 000000bf          *              : modf.obj (.text)
                   00007350  [ 000039a8 ] 000000ba          *              : trgmsg.obj (.text:CIO_breakpoint)
                   0000740a  [ 00003a05 ] 000000ba          *   ezdsp5502bsl.lib : ezdsp5502_mcbsp.obj (.text)
                   000074c4  [ 00003a62 ] 000000b7          *   rts55x.lib : snprintf.obj (.text)
                   0000757b  [ 00003abd+] 000000ae          *              : _bufread.obj (.text)
                   00007629  [ 00003b14+] 000000a6          *              : fputc.obj (.text)
                   000076cf  [ 00003b67+] 000000a1          *              : divul.obj (.text)
                   00007770  [ 00003bb8 ] 0000008e          *   buttons.obj (.text)
                   000077fe  [ 00003bff ] 00000089          *   csl5502x.lib : irq_pluga.obj (.text)
                   00007887  [ 00003c43 ] 00000001          *   --HOLE-- [fill = 20]
                   00007888  [ 00003c44 ] 00000082          *                : mcbsp_start.obj (.text:MCBSP_start)
                   0000790a  [ 00003c85 ] 0000007d          *   rts55x.lib : ltoa.obj (.text)
                   00007987  [ 00003cc3+] 0000007b          *              : fclose.obj (.text)
                   00007a02  [ 00003d01 ] 00000077          *              : fixdul.obj (.text)
                   00007a79  [ 00003d3c+] 00000076          *              : frcmpyd.obj (.text)
                   00007aef  [ 00003d77+] 00000073          *              : frcmpyd_div.obj (.text)
                   00007b62  [ 00003db1 ] 00000002          *   --HOLE-- [fill = 20]
                   00007b64  [ 00003db2 ] 00000072          *   csl5502x.lib : i2c_cfg.obj (.text:I2C_config)
                   00007bd6  [ 00003deb ] 00000072          *   rts55x.lib : remul.obj (.text)
                   00007c48  [ 00003e24 ] 00000070          *              : sprintf.obj (.text)
                   00007cb8  [ 00003e5c ] 0000006f          *   csl5502x.lib : irq_disa.obj (.text:IRQ_disable)
                   00007d27  [ 00003e93+] 0000006f          *   ezdsp5502bsl.lib : ezdsp5502.obj (.text)
                   00007d96  [ 00003ecb ] 0000006f          *   rts55x.lib : fixdli.obj (.text)
                   00007e05  [ 00003f02+] 0000006d          *   ezdsp5502bsl.lib : ezdsp5502_i2c.obj (.text)
                   00007e72  [ 00003f39 ] 0000006d          *   rts55x.lib : trgmsg.obj (.text)
                   00007edf  [ 00003f6f+] 0000006b          *              : fseek.obj (.text)
                   00007f4a  [ 00003fa5 ] 00000002          *   --HOLE-- [fill = 20]
                   00007f4c  [ 00003fa6 ] 00000068          *   csl5502x.lib : irq_enab.obj (.text:IRQ_enable)
                   00007fb4  [ 00003fda ] 00000067          *   rts55x.lib : fltlid.obj (.text)
                   0000801b  [ 0000400d+] 0000005f          *              : round.obj (.text)
                   0000807a  [ 0000403d ] 0000005c          *              : atoi.obj (.text)
                   000080d6  [ 0000406b ] 0000005b          *              : fltuld.obj (.text)
                   00008131  [ 00004098+] 00000050          *              : printf.obj (.text)
                   00008181  [ 000040c0 ] 00000003          *   --HOLE-- [fill = 20]
                   00008184  [ 000040c2 ] 0000004f          *   csl5502x.lib : gpio_open.obj (.text:GPIO_open)
                   000081d3  [ 000040e9+] 0000004d          *   rts55x.lib : autoinit.obj (.text)
                   00008220  [ 00004110 ] 0000004b          *              : args_main.obj (.text)
                   0000826b  [ 00004135+] 0000004b          *              : remli.obj (.text)
                   000082b6  [ 0000415b ] 00000048          *              : divli.obj (.text)
                   000082fe  [ 0000417f ] 00000041          *              : trunc.obj (.text)
                   0000833f  [ 0000419f+] 0000003f          *              : memcpy.obj (.text)
                   0000837e  [ 000041bf ] 0000003e          *              : exit.obj (.text)
                   000083bc  [ 000041de ] 00000037          *   csl5502x.lib : irq_clear.obj (.text:IRQ_clear)
                   000083f3  [ 000041f9 ] 00000001          *   --HOLE-- [fill = 20]
                   000083f4  [ 000041fa ] 00000037          *                : irq_setvecs.obj (.text:IRQ_setVecs)
                   0000842b  [ 00004215 ] 00000001          *   --HOLE-- [fill = 20]
                   0000842c  [ 00004216 ] 00000036          *                : mcbsp_cls.obj (.text:MCBSP_close)
                   00008462  [ 00004231 ] 00000034          *   rts55x.lib : boot.obj (.text)
                   00008496  [ 0000424b ] 0000002a          *              : fixdi.obj (.text)
                   000084c0  [ 00004260 ] 0000002a          *              : udiv.obj (.text)
                   000084ea  [ 00004275 ] 00000023          *              : memccpy.obj (.text)
                   0000850d  [ 00004286 ] 00000003          *   --HOLE-- [fill = 20]
                   00008510  [ 00004288 ] 0000001f          *   csl5502x.lib : gpio_dir.obj (.text:GPIO_pinDirection)
                   0000852f  [ 00004297 ] 00000001          *   --HOLE-- [fill = 20]
                   00008530  [ 00004298 ] 0000001f          *                : gpio_write.obj (.text:GPIO_pinWrite)
                   0000854f  [ 000042a7+] 0000001b          *   rts55x.lib : fixdu.obj (.text)
                   0000856a  [ 000042b5 ] 0000001a          *              : isinf.obj (.text)
                   00008584  [ 000042c2 ] 00000014          *   csl5502x.lib : gpio_read.obj (.text:GPIO_pinRead)
                   00008598  [ 000042cc ] 00000014          *   rts55x.lib : subd.obj (.text)
                   000085ac  [ 000042d6 ] 00000013          *   csl5502x.lib : gpio_enab.obj (.text:GPIO_pinEnable)
                   000085bf  [ 000042df+] 00000013          *   rts55x.lib : lmpy.obj (.text)
                   000085d2  [ 000042e9 ] 00000012          *              : _lock.obj (.text)
                   000085e4  [ 000042f2 ] 00000011          *              : memset.obj (.text)
                   000085f5  [ 000042fa+] 00000011          *              : strlen.obj (.text)
                   00008606  [ 00004303 ] 00000010          *              : negd.obj (.text)
                   00008616  [ 0000430b ] 00000002          *   --HOLE-- [fill = 20]
                   00008618  [ 0000430c ] 0000000f          *   csl5502x.lib : irq_gdisab.obj (.text:IRQ_globalDisable)
                   00008627  [ 00004313 ] 00000001          *   --HOLE-- [fill = 20]
                   00008628  [ 00004314 ] 0000000f          *                : irq_genab.obj (.text:IRQ_globalEnable)
                   00008637  [ 0000431b+] 0000000e          *   rts55x.lib : fltud.obj (.text)
                   00008645  [ 00004322+] 0000000e          *              : rewind.obj (.text)
                   00008653  [ 00004329 ] 00000001          *   --HOLE-- [fill = 20]
                   00008654  [ 0000432a ] 0000000d          *   csl5502x.lib : _csl_init.obj (.text:_CSL_init)
                   00008661  [ 00004330 ] 00000003          *   --HOLE-- [fill = 20]
                   00008664  [ 00004332 ] 0000000c          *                : csl.obj (.text:CSL_init)
                   00008670  [ 00004338 ] 0000000c          *                : irq_grest.obj (.text:IRQ_globalRestore)
                   0000867c  [ 0000433e ] 0000000c          *   rts55x.lib : fltid.obj (.text)
                   00008688  [ 00004344 ] 0000000a          *              : remove.obj (.text)
                   00008692  [ 00004349 ] 00000007          *              : exit.obj (.text:CIO_breakpoint)
                   00008699  [ 0000434c ] 00000003          *   --HOLE-- [fill = 20]
                   0000869c  [ 0000434e ] 00000007          *   csl5502x.lib : mcbsp_r16.obj (.text:MCBSP_read16)
                   000086a3  [ 00004351 ] 00000001          *   --HOLE-- [fill = 20]
                   000086a4  [ 00004352 ] 00000007          *                : mcbsp_w16.obj (.text:MCBSP_write16)
                   000086ab  [ 00004355 ] 00000001          *   --HOLE-- [fill = 20]
                   000086ac  [ 00004356 ] 00000002          *                : csl.obj (.text)
                   000086ae  [ 00004357 ] 00000002          *   --HOLE-- [fill = 20]

.data        0   [ 00000300 ]  00000180          *   00000000   

.pinit       0   [ 00000300 ]  00000180          *   00000000   

.stack       0   [ 000086c0 ]  00004360          *   00001000   
                 [ 000086c0 ]  00004360          *   00001000   --HOLE-- [fill = 00]

.sysmem      0   [ 0000a6c0 ]  00005360          *   00001000   UNINITIALIZED
                 [ 0000a6c0 ]  00005360          *   00001000   --HOLE--

.sysstack 
*            0   [ 0000c6c0 ]  00006360          *   00000800   
                 [ 0000c6c0 ]  00006360          *   00000800   --HOLE-- [fill = 00]

.bss         0   [ 0000d6c0 ]  00006b60          *   0000057e   
                 [ 0000d6c0 ]  00006b60          *   000001d4   reverbs.obj (.bss) [fill = 00]
                 [ 0000da68 ]  00006d34          *   00000119   rts55x.lib : defs.obj (.bss) [fill = 00]
                 [ 0000dc9a ]  00006e4d          *   00000001              : fopen.obj (.bss) [fill = 00]
                 [ 0000dc9c ]  00006e4e          *   000000d0   dsp_effects.obj (.bss) [fill = 00]
                 [ 0000de3c ]  00006f1e          *   000000d0   rts55x.lib : trgdrv.obj (.bss) [fill = 00]
                 [ 0000dfdc ]  00006fee          *   00000071              : lowlev.obj (.bss) [fill = 00]
                 [ 0000e0be ]  0000705f          *   00000001   --HOLE-- [fill = 00]
                 [ 0000e0c0 ]  00007060          *   0000002e   dma.obj (.bss) [fill = 00]
                 [ 0000e11c ]  0000708e          *   0000000d   state_machine.obj (.bss) [fill = 00]
                 [ 0000e136 ]  0000709b          *   00000001   --HOLE-- [fill = 00]
                 [ 0000e138 ]  0000709c          *   0000000c   autowah.obj (.bss) [fill = 00]
                 [ 0000e150 ]  000070a8          *   0000000c   phaser.obj (.bss) [fill = 00]
                 [ 0000e168 ]  000070b4          *   00000008   ezdsp5502bsl.lib : ezdsp5502_gpio.obj (.bss) [fill = 00]
                 [ 0000e178 ]  000070bc          *   00000008   rts55x.lib : cos.obj (.bss) [fill = 00]
                 [ 0000e188 ]  000070c4          *   00000008              : sin.obj (.bss) [fill = 00]
                 [ 0000e198 ]  000070cc          *   00000006              : memory.obj (.bss) [fill = 00]
                 [ 0000e1a4 ]  000070d2          *   00000004              : _lock.obj (.bss) [fill = 00]
                 [ 0000e1ac ]  000070d6          *   00000004              : exit.obj (.bss) [fill = 00]
                 [ 0000e1b4 ]  000070da          *   00000002   buttons.obj (.bss) [fill = 00]
                 [ 0000e1b8 ]  000070dc          *   00000002   ezdsp5502bsl.lib : ezdsp5502_mcbsp.obj (.bss) [fill = 00]

.const       0   [ 0000e1c0 ]  000070e0          *   00000490   
                 [ 0000e1c0 ]  000070e0          *   00000101   rts55x.lib : ctype.obj (.const:__ctypes_)
                 [ 0000e3c2 ]  000071e1          *   000000cd   oled.obj (.const:_glyphs)
                 [ 0000e55c ]  000072ae          *   000000cb   main.obj (.const:.string)
                 [ 0000e6f2 ]  00007379          *   00000001   --HOLE-- [fill = 00]
                 [ 0000e6f4 ]  0000737a          *   00000090   state_machine.obj (.const:.string)
                 [ 0000e814 ]  0000740a          *   00000024   rts55x.lib : _printfi.obj (.const:.string)
                 [ 0000e85c ]  0000742e          *   0000001b   ezdsp5502bsl.lib : ezdsp5502_mcbsp.obj (.const:_$P$T0$1)
                 [ 0000e892 ]  00007449          *   00000001   --HOLE-- [fill = 00]
                 [ 0000e894 ]  0000744a          *   0000001a   autowah.obj (.const)
                 [ 0000e8c8 ]  00007464          *   00000016   rts55x.lib : cos.obj (.const)
                 [ 0000e8f4 ]  0000747a          *   00000014              : sin.obj (.const)
                 [ 0000e91c ]  0000748e          *   0000000e   reverbs.obj (.const)
                 [ 0000e938 ]  0000749c          *   0000000c   phaser.obj (.const)
                 [ 0000e950 ]  000074a8          *   0000000c   rts55x.lib : _printfi.obj (.const)
                 [ 0000e968 ]  000074b4          *   0000000a   ezdsp5502bsl.lib : ezdsp5502_i2c.obj (.const:_$P$T0$1)
                 [ 0000e97c ]  000074be          *   00000008   reverbs.obj (.const:_$P$T0$3)
                 [ 0000e98c ]  000074c6          *   00000008   reverbs.obj (.const:_$P$T1$4)
                 [ 0000e99c ]  000074ce          *   00000008   reverbs.obj (.const:_$P$T12$21)
                 [ 0000e9ac ]  000074d6          *   00000008   reverbs.obj (.const:_$P$T13$22)
                 [ 0000e9bc ]  000074de          *   00000008   reverbs.obj (.const:_$P$T16$27)
                 [ 0000e9cc ]  000074e6          *   00000008   reverbs.obj (.const:_$P$T17$28)
                 [ 0000e9dc ]  000074ee          *   00000008   reverbs.obj (.const:_$P$T20$33)
                 [ 0000e9ec ]  000074f6          *   00000008   reverbs.obj (.const:_$P$T21$34)
                 [ 0000e9fc ]  000074fe          *   00000008   reverbs.obj (.const:_$P$T4$9)
                 [ 0000ea0c ]  00007506          *   00000008   reverbs.obj (.const:_$P$T5$10)
                 [ 0000ea1c ]  0000750e          *   00000008   reverbs.obj (.const:_$P$T8$15)
                 [ 0000ea2c ]  00007516          *   00000008   reverbs.obj (.const:_$P$T9$16)
                 [ 0000ea3c ]  0000751e          *   00000008   rts55x.lib : divd.obj (.const:_initial_approx$1)
                 [ 0000ea4c ]  00007526          *   00000008              : round.obj (.const)
                 [ 0000ea5c ]  0000752e          *   00000006              : modf.obj (.const)
                 [ 0000ea68 ]  00007534          *   00000004   reverbs.obj (.const:_$P$T10$17)
                 [ 0000ea70 ]  00007538          *   00000004   reverbs.obj (.const:_$P$T11$18)
                 [ 0000ea78 ]  0000753c          *   00000004   reverbs.obj (.const:_$P$T14$23)
                 [ 0000ea80 ]  00007540          *   00000004   reverbs.obj (.const:_$P$T15$24)
                 [ 0000ea88 ]  00007544          *   00000004   reverbs.obj (.const:_$P$T18$29)
                 [ 0000ea90 ]  00007548          *   00000004   reverbs.obj (.const:_$P$T19$30)
                 [ 0000ea98 ]  0000754c          *   00000004   reverbs.obj (.const:_$P$T2$5)
                 [ 0000eaa0 ]  00007550          *   00000004   reverbs.obj (.const:_$P$T22$35)
                 [ 0000eaa8 ]  00007554          *   00000004   reverbs.obj (.const:_$P$T23$36)
                 [ 0000eab0 ]  00007558          *   00000004   reverbs.obj (.const:_$P$T3$6)
                 [ 0000eab8 ]  0000755c          *   00000004   reverbs.obj (.const:_$P$T6$11)
                 [ 0000eac0 ]  00007560          *   00000004   reverbs.obj (.const:_$P$T7$12)
                 [ 0000eac8 ]  00007564          *   00000004   rts55x.lib : trunc.obj (.const)
                 [ 0000ead0 ]  00007568          *   00000002              : fputs.obj (.const:.string)
                 [ 0000ead4 ]  0000756a          *   00000002   main.obj (.const)
                 [ 0000ead8 ]  0000756c          *   00000002   rts55x.lib : fltlid.obj (.const)
                 [ 0000eadc ]  0000756e          *   00000002              : fltuld.obj (.const)

dmaMem       0   [ 0000eb00 ]  00007580          *   00000400   
                 [ 0000eb00 ]  00007580          *   00000400   main.obj (dmaMem) [fill = 00]

.cinit       0   [ 0000f300 ]  00007980          *   000002cf   
                 [ 0000f300 ]  00007980          *   000000d3   dsp_effects.obj (.cinit)
                 [ 0000f4a6 ]  00007a53          *   00000081   csl5502x.lib : csl_dmadat.obj (.cinit)
                 [ 0000f5a8 ]  00007ad4          *   00000069                : csl_mcbspdat.obj (.cinit)
                 [ 0000f67a ]  00007b3d          *   0000002d   rts55x.lib : lowlev.obj (.cinit)
                 [ 0000f6d4 ]  00007b6a          *   0000002c   dma.obj (.cinit)
                 [ 0000f72c ]  00007b96          *   0000002a   rts55x.lib : defs.obj (.cinit)
                 [ 0000f780 ]  00007bc0          *   00000025   csl5502x.lib : csl_csldat.obj (.cinit)
                 [ 0000f7ca ]  00007be5          *   00000023                : csl_gpiodat.obj (.cinit)
                 [ 0000f810 ]  00007c08          *   0000000c   state_machine.obj (.cinit)
                 [ 0000f828 ]  00007c14          *   0000000b   rts55x.lib : cos.obj (.cinit)
                 [ 0000f83e ]  00007c1f          *   0000000b              : sin.obj (.cinit)
                 [ 0000f854 ]  00007c2a          *   0000000a              : _lock.obj (.cinit)
                 [ 0000f868 ]  00007c34          *   0000000a              : exit.obj (.cinit)
                 [ 0000f87c ]  00007c3e          *   00000008   buttons.obj (.cinit)
                 [ 0000f88c ]  00007c46          *   00000004   rts55x.lib : fopen.obj (.cinit)
                 [ 0000f894 ]  00007c4a          *   00000004              : memory.obj (.cinit)
                 [ 0000f89c ]  00007c4e          *   00000001   --HOLE-- [fill = 0]

.csldata     0   [ 0000f8c0 ]  00007c60          *   00000126   
                 [ 0000f8c0 ]  00007c60          *   0000007e   csl5502x.lib : csl_dmadat.obj (.csldata:DMA_data) [fill = 00]
                 [ 0000f9bc ]  00007cde          *   00000066                : csl_mcbspdat.obj (.csldata:MCBSP_data) [fill = 00]
                 [ 0000fa88 ]  00007d44          *   00000022                : csl_csldat.obj (.csldata:SYS_data) [fill = 00]
                 [ 0000facc ]  00007d66          *   00000020                : csl_gpiodat.obj (.csldata:GPIO_data) [fill = 00]

.cio         0   [ 0000fb20 ]  00007d90          *   00000120   
                 [ 0000fb20 ]  00007d90          *   00000120   rts55x.lib : trgmsg.obj (.cio) [fill = 00]

.vectors     0     0000fe00  [ 00007f00 ] 00000100          *   
                   0000fe00  [ 00007f00 ] 00000100          *   vectors_dma.obj (.vectors)


GLOBAL SYMBOLS: SORTED ALPHABETICALLY BY Name 

abs. value/
byte addr   word addr   name
---------   ---------   ----
00000002                $TI_capability$C5500$CallingConvention
00000002                $TI_capability$C5500$MemoryModel
00000001                $TI_capability_requires_rev2
            00006b60    .bss
            00000180    .data
00000300                .text
00008693                C$$EXIT
00007405                C$$IO$$
000085bf                I$$LMPY
000084c0                I$$UDIV
000084d5                I$$UMOD
00005a53                _AIC3204_rset
000086ac                _CSL5502_LIB_
            00007c60    _CSL_DmaData
            00007d66    _CSL_GpioData
            00007cde    _CSL_McbspData
            00007d44    _CSL_SysData
00008664                _CSL_init
00006d40                _DMA_config
00007104                _DMA_open
00005e08                _DMA_reset
0000540e                _EZDSP5502_GPIO_getInput
0000527d                _EZDSP5502_GPIO_init
00005314                _EZDSP5502_GPIO_setDirection
00005391                _EZDSP5502_GPIO_setOutput
00006751                _EZDSP5502_I2CGPIO_configLine
00006828                _EZDSP5502_I2CGPIO_read
000067a4                _EZDSP5502_I2CGPIO_readLine
00006875                _EZDSP5502_I2CGPIO_write
000067d5                _EZDSP5502_I2CGPIO_writeLine
00007e05                _EZDSP5502_I2C_init
00007e4e                _EZDSP5502_I2C_read
00007e22                _EZDSP5502_I2C_reset
00007e2c                _EZDSP5502_I2C_write
0000744e                _EZDSP5502_MCBSP_close
0000740a                _EZDSP5502_MCBSP_init
00007490                _EZDSP5502_MCBSP_read
00007460                _EZDSP5502_MCBSP_write
00007d7d                _EZDSP5502_init
00007d37                _EZDSP5502_wait
00007d6b                _EZDSP5502_waitusec
00008184                _GPIO_open
00008510                _GPIO_pinDirection
000085ac                _GPIO_pinEnable
00008584                _GPIO_pinRead
00008530                _GPIO_pinWrite
00003485                _HOSTclock
0000341a                _HOSTclose
00003365                _HOSTlseek
000032c6                _HOSTopen
00003239                _HOSTread
0000318b                _HOSTrename
0000312d                _HOSTtime
000030c3                _HOSTunlink
00003036                _HOSTwrite
00007b64                _I2C_config
000065f4                _I2C_read
00006178                _I2C_write
000083bc                _IRQ_clear
00007cb8                _IRQ_disable
00007f4c                _IRQ_enable
00008618                _IRQ_globalDisable
00008628                _IRQ_globalEnable
00008670                _IRQ_globalRestore
000077fe                _IRQ_plug
000083f4                _IRQ_setVecs
00005a7d                _Init_AIC3204
0000842c                _MCBSP_close
000069ec                _MCBSP_config
00006e50                _MCBSP_open
0000869c                _MCBSP_read16
0000494c                _MCBSP_reset
00007888                _MCBSP_start
000086a4                _MCBSP_write16
000000c0                _Reset
0000fe00                _VECSTART
            00007d90    __CIOBUF_
00008654                __CSL_init
            00005360    __STACK_END
00002000                __STACK_SIZE
00002000                __SYSMEM_SIZE
00001000                __SYSSTACK_SIZE
00000001                __TI_args_main
ffffffff                ___binit__
            00006b60    ___bss__
ffffffff                ___c_args__
            00007980    ___cinit__
            00000180    ___data__
            00000180    ___edata__
            000070de    ___end__
000086b0                ___etext__
0000856a                ___isinf
ffffffff                ___pinit__
00000300                ___text__
00004e0b                __addd
00008220                __args_main
0000757b                __buff_read
0000457c                __cleanup
            000070d6    __cleanup_ptr
000059fb                __cmpd
            000070e0    __ctypes_
00003dbb                __divd
000082b6                __divli
00004dd6                __divlli
000084c0                __divu
000076cf                __divul
00004ce2                __divull
000071cf                __doflush
            000070d8    __dtors_ptr
000059c7                __eqld
00008496                __fixdi
00007d96                __fixdli
0000854f                __fixdu
00007a02                __fixdul
0000867c                __fltid
00007fb4                __fltlid
00008637                __fltud
000080d6                __fltuld
00007a79                __frcmpyd
00007aef                __frcmpyd_div
            00006e4c    __ft_end
            00006d34    __ftable
0000597d                __geqd
00005932                __gtrd
000058e5                __leqd
            000070d2    __lock
0000589d                __lssd
0000689f                __mpyd
000085bf                __mpyli
00004c2a                __mpylli
00008606                __negd
00005869                __neqd
000085e2                __nop
0000801b                __nround
00001662                __printfi
000070a4                __rd_ok
000085da                __register_lock
000085d2                __register_unlock
0000826b                __remli
00004bfb                __remlli
000084d5                __remu
00007bd6                __remul
00004bad                __remull
            00004360    __stack
00008598                __subd
            00005360    __sys_memory
            00006360    __sysstack
            00006dac    __tmpnams
000082fe                __trunc
            000070d4    __unlock
00007024                __wrt_ok
00008692                _abort
00002ecb                _add_device
            000070dc    _aicMcbsp
0000807a                _atoi
000081d3                _auto_init
0000471e                _bandPassFilter
            00007580    _buffReceive
            00007780    _buffTransmit
00008462                _c_int00
00003972                _calloc
000077c6                _changeButtonState
00007786                _checkButtons
0000396a                _chkheap
00002604                _cleanBuffers
00002e58                _close
0000605d                _configAudioDma
00005065                _cos
            00007060    _dmaInterruptFlag
00006b1c                _dmaRcvIsr
            00007066    _dmaReceive
            00007068    _dmaTransmit
            00006e4e    _effects
00006166                _enableInterrupt
0000837e                _exit
00007987                _fclose
00007238                _fflush
00002e4f                _find_registered_device
0000469f                _fopen
00007629                _fputc
00006491                _fputs
00006c2e                _fread
000034e3                _free
00001e15                _freeReverbBuffers
00003914                _free_memory
000045d6                _freopen
00007edf                _fseek
0000567b                _fwrite
000077e4                _getButtonState
00003da6                _getCurrentState
00005cd3                _getGlyphForChar
00003dad                _getSelectedEffectIndex
00003db4                _getSelectedMode
00002fbb                _getenv
            000070b4    _hGPIO_group0
            000070b6    _hGPIO_group1
            000070b8    _hGPIO_group2
            000070ba    _hGPIO_group3
000046da                _initAutoWah
00007770                _initI2CButtons
000042c4                _initPhaser
00001cd9                _initReverbHall2
00001e95                _initReverbStageA
00001fd1                _initReverbStageBb
0000210d                _initReverbStageDb
00002249                _initReverbStageFb
00002385                _initReverbStageGTHT
00002de9                _lseek
0000790a                _ltoa
000024c1                _main
00003614                _malloc
000038ba                _max_free
000084ea                _memccpy
0000833f                _memcpy
000085e4                _memset
            00007091    _message
000035af                _minit
00007291                _modf
            0000706a    _myconfig_receive
            0000707c    _myconfig_transmit
            00007064    _old_intm
00005ca6                _oled_addSpace
00005c70                _oled_fillPage
00005c4a                _oled_setPage
00005c34                _oled_start
00005d34                _oled_writeText
00002d2a                _open
00006306                _osd9616_init
00006406                _osd9616_multiSend
000063e6                _osd9616_send
00006454                _printLetter
00008131                _printf
0000484d                _processAutoWah
000027fe                _processFile
00004368                _processPhaser
0000263b                _processRealtime
00001b52                _processReverbBlock
00007629                _putc
000076c0                _putchar
000065c6                _puts
            00007062    _rcvEventId
00002c7c                _read
00007e72                _readmsg
00003709                _realloc
00008688                _remove
00002c46                _remove_device
00002bed                _rename
00008645                _rewind
00006f3e                _setvbuf
00005489                _sin
000074c4                _snprintf
00007c48                _sprintf
0000612d                _startAudioDma
00003bc8                _stateMachineInit
00003d92                _stateMachineNotifyFileComplete
00003bf5                _stateMachineRun
0000614e                _stopAudioDma
000085f5                _strlen
00002bba                _unlink
0000266e                _wHeader
00002a78                _write
00007350                _writemsg
            00007061    _xmtEventId
ffffffff                binit
            00007980    cinit
            00000180    edata
            000070de    end
000086b0                etext
0000fe10                int0
0000fe18                int1
0000fe60                int10
0000fe68                int11
0000fe70                int12
0000fe78                int13
0000fe80                int14
0000fe88                int15
0000fe90                int16
0000fe98                int17
0000fea0                int18
0000fea8                int19
0000fe20                int2
0000feb0                int20
0000feb8                int21
0000fec0                int22
0000fec8                int23
0000fed0                int24
0000fed8                int25
0000fee0                int26
0000fee8                int27
0000fef0                int28
0000fef8                int29
0000fe28                int3
0000fe30                int4
0000fe38                int5
0000fe40                int6
0000fe48                int7
0000fe50                int8
0000fe58                int9
0000fe08                nmi
00006175                no_isr
ffffffff                pinit


GLOBAL SYMBOLS: SORTED BY Symbol Address 

abs. value/
byte addr   word addr   name
---------   ---------   ----
00000001                $TI_capability_requires_rev2
00000001                __TI_args_main
00000002                $TI_capability$C5500$CallingConvention
00000002                $TI_capability$C5500$MemoryModel
000000c0                _Reset
            00000180    .data
00000300                .text
            00000180    ___data__
            00000180    ___edata__
00000300                ___text__
            00000180    edata
00001000                __SYSSTACK_SIZE
00001662                __printfi
00001b52                _processReverbBlock
00001cd9                _initReverbHall2
00001e15                _freeReverbBuffers
00001e95                _initReverbStageA
00001fd1                _initReverbStageBb
00002000                __STACK_SIZE
00002000                __SYSMEM_SIZE
0000210d                _initReverbStageDb
00002249                _initReverbStageFb
00002385                _initReverbStageGTHT
000024c1                _main
00002604                _cleanBuffers
0000263b                _processRealtime
0000266e                _wHeader
000027fe                _processFile
00002a78                _write
00002bba                _unlink
00002bed                _rename
00002c46                _remove_device
00002c7c                _read
00002d2a                _open
00002de9                _lseek
00002e4f                _find_registered_device
00002e58                _close
00002ecb                _add_device
00002fbb                _getenv
00003036                _HOSTwrite
000030c3                _HOSTunlink
0000312d                _HOSTtime
0000318b                _HOSTrename
00003239                _HOSTread
000032c6                _HOSTopen
00003365                _HOSTlseek
0000341a                _HOSTclose
00003485                _HOSTclock
000034e3                _free
000035af                _minit
00003614                _malloc
00003709                _realloc
000038ba                _max_free
00003914                _free_memory
0000396a                _chkheap
00003972                _calloc
00003bc8                _stateMachineInit
00003bf5                _stateMachineRun
00003d92                _stateMachineNotifyFileComplete
00003da6                _getCurrentState
00003dad                _getSelectedEffectIndex
00003db4                _getSelectedMode
00003dbb                __divd
000042c4                _initPhaser
00004368                _processPhaser
0000457c                __cleanup
000045d6                _freopen
0000469f                _fopen
000046da                _initAutoWah
0000471e                _bandPassFilter
0000484d                _processAutoWah
0000494c                _MCBSP_reset
00004bad                __remull
00004bfb                __remlli
00004c2a                __mpylli
00004ce2                __divull
00004dd6                __divlli
00004e0b                __addd
00005065                _cos
0000527d                _EZDSP5502_GPIO_init
00005314                _EZDSP5502_GPIO_setDirection
00005391                _EZDSP5502_GPIO_setOutput
0000540e                _EZDSP5502_GPIO_getInput
00005489                _sin
0000567b                _fwrite
00005869                __neqd
0000589d                __lssd
000058e5                __leqd
00005932                __gtrd
0000597d                __geqd
000059c7                __eqld
000059fb                __cmpd
00005a53                _AIC3204_rset
00005a7d                _Init_AIC3204
00005c34                _oled_start
00005c4a                _oled_setPage
00005c70                _oled_fillPage
00005ca6                _oled_addSpace
00005cd3                _getGlyphForChar
00005d34                _oled_writeText
00005e08                _DMA_reset
0000605d                _configAudioDma
0000612d                _startAudioDma
0000614e                _stopAudioDma
00006166                _enableInterrupt
00006175                no_isr
00006178                _I2C_write
00006306                _osd9616_init
000063e6                _osd9616_send
00006406                _osd9616_multiSend
00006454                _printLetter
00006491                _fputs
000065c6                _puts
000065f4                _I2C_read
00006751                _EZDSP5502_I2CGPIO_configLine
000067a4                _EZDSP5502_I2CGPIO_readLine
000067d5                _EZDSP5502_I2CGPIO_writeLine
00006828                _EZDSP5502_I2CGPIO_read
00006875                _EZDSP5502_I2CGPIO_write
0000689f                __mpyd
000069ec                _MCBSP_config
00006b1c                _dmaRcvIsr
00006c2e                _fread
00006d40                _DMA_config
00006e50                _MCBSP_open
00006f3e                _setvbuf
00007024                __wrt_ok
000070a4                __rd_ok
00007104                _DMA_open
000071cf                __doflush
00007238                _fflush
00007291                _modf
00007350                _writemsg
00007405                C$$IO$$
0000740a                _EZDSP5502_MCBSP_init
0000744e                _EZDSP5502_MCBSP_close
00007460                _EZDSP5502_MCBSP_write
00007490                _EZDSP5502_MCBSP_read
000074c4                _snprintf
0000757b                __buff_read
00007629                _fputc
00007629                _putc
000076c0                _putchar
000076cf                __divul
00007770                _initI2CButtons
00007786                _checkButtons
000077c6                _changeButtonState
000077e4                _getButtonState
000077fe                _IRQ_plug
00007888                _MCBSP_start
0000790a                _ltoa
00007987                _fclose
00007a02                __fixdul
00007a79                __frcmpyd
00007aef                __frcmpyd_div
00007b64                _I2C_config
00007bd6                __remul
00007c48                _sprintf
00007cb8                _IRQ_disable
00007d37                _EZDSP5502_wait
00007d6b                _EZDSP5502_waitusec
00007d7d                _EZDSP5502_init
00007d96                __fixdli
00007e05                _EZDSP5502_I2C_init
00007e22                _EZDSP5502_I2C_reset
00007e2c                _EZDSP5502_I2C_write
00007e4e                _EZDSP5502_I2C_read
00007e72                _readmsg
00007edf                _fseek
00007f4c                _IRQ_enable
00007fb4                __fltlid
0000801b                __nround
0000807a                _atoi
000080d6                __fltuld
00008131                _printf
00008184                _GPIO_open
000081d3                _auto_init
00008220                __args_main
0000826b                __remli
000082b6                __divli
000082fe                __trunc
0000833f                _memcpy
0000837e                _exit
000083bc                _IRQ_clear
000083f4                _IRQ_setVecs
0000842c                _MCBSP_close
00008462                _c_int00
00008496                __fixdi
000084c0                I$$UDIV
000084c0                __divu
000084d5                I$$UMOD
000084d5                __remu
000084ea                _memccpy
00008510                _GPIO_pinDirection
00008530                _GPIO_pinWrite
0000854f                __fixdu
0000856a                ___isinf
00008584                _GPIO_pinRead
00008598                __subd
000085ac                _GPIO_pinEnable
000085bf                I$$LMPY
000085bf                __mpyli
000085d2                __register_unlock
000085da                __register_lock
000085e2                __nop
000085e4                _memset
000085f5                _strlen
00008606                __negd
00008618                _IRQ_globalDisable
00008628                _IRQ_globalEnable
00008637                __fltud
00008645                _rewind
00008654                __CSL_init
00008664                _CSL_init
00008670                _IRQ_globalRestore
0000867c                __fltid
00008688                _remove
00008692                _abort
00008693                C$$EXIT
0000869c                _MCBSP_read16
000086a4                _MCBSP_write16
000086ac                _CSL5502_LIB_
000086b0                ___etext__
000086b0                etext
            00004360    __stack
            00005360    __STACK_END
            00005360    __sys_memory
            00006360    __sysstack
            00006b60    .bss
            00006b60    ___bss__
            00006d34    __ftable
            00006dac    __tmpnams
            00006e4c    __ft_end
            00006e4e    _effects
            00007060    _dmaInterruptFlag
            00007061    _xmtEventId
            00007062    _rcvEventId
            00007064    _old_intm
            00007066    _dmaReceive
            00007068    _dmaTransmit
            0000706a    _myconfig_receive
            0000707c    _myconfig_transmit
            00007091    _message
            000070b4    _hGPIO_group0
            000070b6    _hGPIO_group1
            000070b8    _hGPIO_group2
            000070ba    _hGPIO_group3
            000070d2    __lock
            000070d4    __unlock
            000070d6    __cleanup_ptr
            000070d8    __dtors_ptr
            000070dc    _aicMcbsp
            000070de    ___end__
            000070de    end
            000070e0    __ctypes_
            00007580    _buffReceive
            00007780    _buffTransmit
            00007980    ___cinit__
            00007980    cinit
            00007c60    _CSL_DmaData
            00007cde    _CSL_McbspData
            00007d44    _CSL_SysData
            00007d66    _CSL_GpioData
            00007d90    __CIOBUF_
0000fe00                _VECSTART
0000fe08                nmi
0000fe10                int0
0000fe18                int1
0000fe20                int2
0000fe28                int3
0000fe30                int4
0000fe38                int5
0000fe40                int6
0000fe48                int7
0000fe50                int8
0000fe58                int9
0000fe60                int10
0000fe68                int11
0000fe70                int12
0000fe78                int13
0000fe80                int14
0000fe88                int15
0000fe90                int16
0000fe98                int17
0000fea0                int18
0000fea8                int19
0000feb0                int20
0000feb8                int21
0000fec0                int22
0000fec8                int23
0000fed0                int24
0000fed8                int25
0000fee0                int26
0000fee8                int27
0000fef0                int28
0000fef8                int29
ffffffff                ___binit__
ffffffff                ___c_args__
ffffffff                ___pinit__
ffffffff                binit
ffffffff                pinit

[301 symbols]
