******************************************************************************
              TMS320C55x Linker PC v4.4.1                      
******************************************************************************
>> Linked Sat Dec 07 18:36:42 2024

OUTPUT FILE NAME:   <DSP_EffectSuite.out>
ENTRY POINT SYMBOL: "_c_int00"  address: 000342fe


MEMORY CONFIGURATION

         name            origin    length      used     unused   attr    fill
                        (bytes)   (bytes)    (bytes)   (bytes)
----------------------  --------  ---------  --------  --------  ----  --------
  MMR                   00000000   000000c0  00000000  000000c0  RW  
  DARAM                 000000c0   0000ff40  00003df2  0000c14e  RW  
  SARAM                 00030000   0001e000  000044e0  00019b20  RW  
  EMIF_CS0              00050000   007b0000  00000000  007b0000  RW  
  EMIF_CS2              00800000   00400000  00000000  00400000  RW  
  EMIF_CS3              00c00000   00200000  00000000  00200000  RW  
  EMIF_CS4              00e00000   00100000  00000000  00100000  RW  
  EMIF_CS5              00f00000   000e0000  00000000  000e0000  RW  
  SAROM_0               00fe0000   00008000  00000000  00008000  R  X
  SAROM_1               00fe8000   00008000  00000000  00008000  R  X
  SAROM_2               00ff0000   00008000  00000000  00008000  R  X
  SAROM_3               00ff8000   00008000  00000000  00008000  R  X


SECTION ALLOCATION MAP
(Addresses surrounded by []'s are displayed for convenience only!)

output                                                          attributes/
section   page  orgn(bytes) orgn(words) len(bytes) len(words)   input sections
--------  ----  ----------- ----------- ---------- ----------   --------------
.stack       0   [ 000000c0 ]  00000060          *   00001000   UNINITIALIZED
                 [ 000000c0 ]  00000060          *   00001000   --HOLE--

.data        0   [ 000000c0 ]  00000060          *   00000000   UNINITIALIZED

.sysstack 
*            0   [ 000020c0 ]  00001060          *   00000800   UNINITIALIZED
                 [ 000020c0 ]  00001060          *   00000800   --HOLE--

.const       0   [ 000030c0 ]  00001860          *   000002c6   
                 [ 000030c0 ]  00001860          *   00000101   rts55x.lib : ctype.obj (.const:__ctypes_)
                 [ 000032c2 ]  00001961          *   000000c8   oled.obj (.const:_glyphs)
                 [ 00003452 ]  00001a29          *   00000001   --HOLE-- [fill = 0]
                 [ 00003454 ]  00001a2a          *   0000009c   state_machine.obj (.const:.string)
                 [ 0000358c ]  00001ac6          *   00000024   rts55x.lib : _printfi.obj (.const:.string)
                 [ 000035d4 ]  00001aea          *   0000001b   ezdsp5502bsl.lib : ezdsp5502_mcbsp.obj (.const:_$P$T0$1)
                 [ 0000360a ]  00001b05          *   00000001   --HOLE-- [fill = 0]
                 [ 0000360c ]  00001b06          *   0000000c   rts55x.lib : _printfi.obj (.const)
                 [ 00003624 ]  00001b12          *   0000000a   ezdsp5502bsl.lib : ezdsp5502_i2c.obj (.const:_$P$T0$1)
                 [ 00003638 ]  00001b1c          *   00000008   rts55x.lib : divd.obj (.const:_initial_approx$1)
                 [ 00003648 ]  00001b24          *   00000002              : fltlid.obj (.const)

.cinit       0   [ 0000364c ]  00001b26          *   00000183   
                 [ 0000364c ]  00001b26          *   00000081   csl5502x.lib : csl_dmadat.obj (.cinit)
                 [ 0000374e ]  00001ba7          *   00000069                : csl_mcbspdat.obj (.cinit)
                 [ 00003820 ]  00001c10          *   00000028   dma.obj (.cinit)
                 [ 00003870 ]  00001c38          *   00000025   csl5502x.lib : csl_csldat.obj (.cinit)
                 [ 000038ba ]  00001c5d          *   00000023                : csl_gpiodat.obj (.cinit)
                 [ 00003900 ]  00001c80          *   0000000c   state_machine.obj (.cinit)
                 [ 00003918 ]  00001c8c          *   0000000a   rts55x.lib : _lock.obj (.cinit)
                 [ 0000392c ]  00001c96          *   0000000a              : exit.obj (.cinit)
                 [ 00003940 ]  00001ca0          *   00000008   buttons.obj (.cinit)
                 [ 00003950 ]  00001ca8          *   00000001   --HOLE-- [fill = 0]

.csldata     0   [ 00003954 ]  00001caa          *   00000126   UNINITIALIZED
                 [ 00003954 ]  00001caa          *   0000007e   csl5502x.lib : csl_dmadat.obj (.csldata:DMA_data)
                 [ 00003a50 ]  00001d28          *   00000066                : csl_mcbspdat.obj (.csldata:MCBSP_data)
                 [ 00003b1c ]  00001d8e          *   00000022                : csl_csldat.obj (.csldata:SYS_data)
                 [ 00003b60 ]  00001db0          *   00000020                : csl_gpiodat.obj (.csldata:GPIO_data)

dmaMem       0   [ 00003ba0 ]  00001dd0          *   000000c0   UNINITIALIZED
                 [ 00003ba0 ]  00001dd0          *   000000c0   main.obj (dmaMem)

.bss         0   [ 00003d20 ]  00001e90          *   0000004a   UNINITIALIZED
                 [ 00003d20 ]  00001e90          *   00000028   dma.obj (.bss)
                 [ 00003d70 ]  00001eb8          *   0000000d   state_machine.obj (.bss)
                 [ 00003d8a ]  00001ec5          *   00000001   --HOLE--
                 [ 00003d8c ]  00001ec6          *   00000008   ezdsp5502bsl.lib : ezdsp5502_gpio.obj (.bss)
                 [ 00003d9c ]  00001ece          *   00000004   rts55x.lib : _lock.obj (.bss)
                 [ 00003da4 ]  00001ed2          *   00000004              : exit.obj (.bss)
                 [ 00003dac ]  00001ed6          *   00000002   buttons.obj (.bss)
                 [ 00003db0 ]  00001ed8          *   00000002   ezdsp5502bsl.lib : ezdsp5502_mcbsp.obj (.bss)

vectors      0     00003db8  [ 00001edc ] 00000100          *   NOLOAD SECTION
                   00003db8  [ 00001edc ] 00000100          *   rts55x.lib : vectors.obj (vectors)

.text        0     00030000  [ 00018000 ] 000044e0          *   
                   00030000  [ 00018000 ] 000015a4          *   rts55x.lib : _printfi.obj (.text)
                   000315a4  [ 00018ad2 ] 000003cc          *              : divd.obj (.text)
                   00031970  [ 00018cb8 ] 00000284          *   state_machine.obj (.text)
                   00031bf4  [ 00018dfa ] 00000261          *   csl5502x.lib : mcbsp_rst.obj (.text:MCBSP_reset)
                   00031e55  [ 00018f2a+] 0000025e          *   rts55x.lib : llmpy.obj (.text)
                   000320b3  [ 00019059+] 0000025a          *              : addd.obj (.text)
                   0003230d  [ 00019186+] 0000021a          *   aic3204.obj (.text)
                   00032527  [ 00019293+] 0000020c          *   ezdsp5502bsl.lib : ezdsp5502_gpio.obj (.text)
                   00032733  [ 00019399+] 000001ea          *   rts55x.lib : cmpd.obj (.text)
                   0003291d  [ 0001948e+] 000001d1          *   oled.obj (.text)
                   00032aee  [ 00019577 ] 00000002          *   rts55x.lib : vectors.obj (.text)
                   00032af0  [ 00019578 ] 000001ca          *   csl5502x.lib : dma_reset.obj (.text:DMA_reset)
                   00032cba  [ 0001965d ] 00000002          *   --HOLE-- [fill = 20]
                   00032cbc  [ 0001965e ] 0000018e          *                : i2c_write.obj (.text:I2C_write)
                   00032e4a  [ 00019725 ] 0000018b          *   lcd.obj (.text)
                   00032fd5  [ 000197ea ] 00000003          *   --HOLE-- [fill = 20]
                   00032fd8  [ 000197ec ] 0000015d          *   csl5502x.lib : i2c_read.obj (.text:I2C_read)
                   00033135  [ 0001989a+] 0000014e          *   ezdsp5502bsl.lib : ezdsp5502_i2cgpio.obj (.text)
                   00033283  [ 00019941+] 0000014c          *   rts55x.lib : mpyd.obj (.text)
                   000333cf  [ 000199e7 ] 00000001          *   --HOLE-- [fill = 20]
                   000333d0  [ 000199e8 ] 00000130          *   csl5502x.lib : mcbsp_cfg.obj (.text:MCBSP_config)
                   00033500  [ 00019a80 ] 0000010e          *                : dma_cfg.obj (.text:DMA_config)
                   0003360e  [ 00019b07 ] 0000010d          *   dma.obj (.text)
                   0003371b  [ 00019b8d ] 00000001          *   --HOLE-- [fill = 20]
                   0003371c  [ 00019b8e ] 000000ee          *   csl5502x.lib : mcbsp_open.obj (.text:MCBSP_open)
                   0003380a  [ 00019c05 ] 00000002          *   --HOLE-- [fill = 20]
                   0003380c  [ 00019c06 ] 000000cb          *                : dma_open.obj (.text:DMA_open)
                   000338d7  [ 00019c6b+] 000000c3          *   main.obj (.text)
                   0003399a  [ 00019ccd ] 000000ba          *   ezdsp5502bsl.lib : ezdsp5502_mcbsp.obj (.text)
                   00033a54  [ 00019d2a ] 000000a1          *   rts55x.lib : divul.obj (.text)
                   00033af5  [ 00019d7a+] 0000008e          *   buttons.obj (.text)
                   00033b83  [ 00019dc1 ] 00000001          *   --HOLE-- [fill = 20]
                   00033b84  [ 00019dc2 ] 00000082          *   csl5502x.lib : mcbsp_start.obj (.text:MCBSP_start)
                   00033c06  [ 00019e03 ] 0000007d          *   rts55x.lib : ltoa.obj (.text)
                   00033c83  [ 00019e41+] 00000076          *              : frcmpyd.obj (.text)
                   00033cf9  [ 00019e7c+] 00000073          *              : frcmpyd_div.obj (.text)
                   00033d6c  [ 00019eb6 ] 00000072          *   csl5502x.lib : i2c_cfg.obj (.text:I2C_config)
                   00033dde  [ 00019eef ] 00000072          *   rts55x.lib : remul.obj (.text)
                   00033e50  [ 00019f28 ] 00000070          *              : sprintf.obj (.text)
                   00033ec0  [ 00019f60 ] 0000006f          *   ezdsp5502bsl.lib : ezdsp5502.obj (.text)
                   00033f2f  [ 00019f97+] 0000006f          *   rts55x.lib : fixdli.obj (.text)
                   00033f9e  [ 00019fcf ] 0000006d          *   ezdsp5502bsl.lib : ezdsp5502_i2c.obj (.text)
                   0003400b  [ 0001a005+] 00000067          *   rts55x.lib : fltlid.obj (.text)
                   00034072  [ 0001a039 ] 0000005c          *              : atoi.obj (.text)
                   000340ce  [ 0001a067 ] 00000002          *   --HOLE-- [fill = 20]
                   000340d0  [ 0001a068 ] 0000004f          *   csl5502x.lib : gpio_open.obj (.text:GPIO_open)
                   0003411f  [ 0001a08f+] 0000004d          *   rts55x.lib : autoinit.obj (.text)
                   0003416c  [ 0001a0b6 ] 0000004b          *              : args_main.obj (.text)
                   000341b7  [ 0001a0db+] 0000004b          *              : remli.obj (.text)
                   00034202  [ 0001a101 ] 00000048          *              : divli.obj (.text)
                   0003424a  [ 0001a125 ] 0000003f          *              : memcpy.obj (.text)
                   00034289  [ 0001a144+] 0000003e          *              : exit.obj (.text)
                   000342c7  [ 0001a163 ] 00000001          *   --HOLE-- [fill = 20]
                   000342c8  [ 0001a164 ] 00000036          *   csl5502x.lib : mcbsp_cls.obj (.text:MCBSP_close)
                   000342fe  [ 0001a17f ] 00000034          *   rts55x.lib : boot.obj (.text)
                   00034332  [ 0001a199 ] 0000002a          *              : fixdi.obj (.text)
                   0003435c  [ 0001a1ae ] 0000002a          *              : udiv.obj (.text)
                   00034386  [ 0001a1c3 ] 00000023          *              : memccpy.obj (.text)
                   000343a9  [ 0001a1d4 ] 00000003          *   --HOLE-- [fill = 20]
                   000343ac  [ 0001a1d6 ] 0000001f          *   csl5502x.lib : gpio_dir.obj (.text:GPIO_pinDirection)
                   000343cb  [ 0001a1e5 ] 00000001          *   --HOLE-- [fill = 20]
                   000343cc  [ 0001a1e6 ] 0000001f          *                : gpio_write.obj (.text:GPIO_pinWrite)
                   000343eb  [ 0001a1f5+] 0000001a          *   rts55x.lib : isinf.obj (.text)
                   00034405  [ 0001a202 ] 00000003          *   --HOLE-- [fill = 20]
                   00034408  [ 0001a204 ] 00000014          *   csl5502x.lib : gpio_read.obj (.text:GPIO_pinRead)
                   0003441c  [ 0001a20e ] 00000014          *   rts55x.lib : subd.obj (.text)
                   00034430  [ 0001a218 ] 00000013          *   csl5502x.lib : gpio_enab.obj (.text:GPIO_pinEnable)
                   00034443  [ 0001a221+] 00000013          *   rts55x.lib : lmpy.obj (.text)
                   00034456  [ 0001a22b ] 00000012          *              : _lock.obj (.text)
                   00034468  [ 0001a234 ] 00000011          *              : strlen.obj (.text)
                   00034479  [ 0001a23c+] 00000010          *              : negd.obj (.text)
                   00034489  [ 0001a244 ] 00000003          *   --HOLE-- [fill = 20]
                   0003448c  [ 0001a246 ] 0000000f          *   csl5502x.lib : irq_gdisab.obj (.text:IRQ_globalDisable)
                   0003449b  [ 0001a24d ] 00000001          *   --HOLE-- [fill = 20]
                   0003449c  [ 0001a24e ] 0000000d          *                : _csl_init.obj (.text:_CSL_init)
                   000344a9  [ 0001a254 ] 00000003          *   --HOLE-- [fill = 20]
                   000344ac  [ 0001a256 ] 0000000c          *                : csl.obj (.text:CSL_init)
                   000344b8  [ 0001a25c ] 0000000c          *                : irq_grest.obj (.text:IRQ_globalRestore)
                   000344c4  [ 0001a262 ] 00000007          *   rts55x.lib : exit.obj (.text:CIO_breakpoint)
                   000344cb  [ 0001a265 ] 00000001          *   --HOLE-- [fill = 20]
                   000344cc  [ 0001a266 ] 00000007          *   csl5502x.lib : mcbsp_r16.obj (.text:MCBSP_read16)
                   000344d3  [ 0001a269 ] 00000001          *   --HOLE-- [fill = 20]
                   000344d4  [ 0001a26a ] 00000007          *                : mcbsp_w16.obj (.text:MCBSP_write16)
                   000344db  [ 0001a26d ] 00000001          *   --HOLE-- [fill = 20]
                   000344dc  [ 0001a26e ] 00000002          *                : csl.obj (.text)
                   000344de  [ 0001a26f ] 00000002          *   --HOLE-- [fill = 20]


GLOBAL SYMBOLS: SORTED ALPHABETICALLY BY Name 

abs. value/
byte addr   word addr   name
---------   ---------   ----
00000002                $TI_capability$C5500$CallingConvention
00000002                $TI_capability$C5500$MemoryModel
00000001                $TI_capability_requires_rev2
            00001e90    .bss
            00000060    .data
00030000                .text
000344c5                C$$EXIT
00034443                I$$LMPY
0003435c                I$$UDIV
00034371                I$$UMOD
0003230d                _AIC3204_rset
000344dc                _CSL5502_LIB_
            00001caa    _CSL_DmaData
            00001db0    _CSL_GpioData
            00001d28    _CSL_McbspData
            00001d8e    _CSL_SysData
000344ac                _CSL_init
00033500                _DMA_config
0003380c                _DMA_open
00032af0                _DMA_reset
000326b8                _EZDSP5502_GPIO_getInput
00032527                _EZDSP5502_GPIO_init
000325be                _EZDSP5502_GPIO_setDirection
0003263b                _EZDSP5502_GPIO_setOutput
00033135                _EZDSP5502_I2CGPIO_configLine
0003320c                _EZDSP5502_I2CGPIO_read
00033188                _EZDSP5502_I2CGPIO_readLine
00033259                _EZDSP5502_I2CGPIO_write
000331b9                _EZDSP5502_I2CGPIO_writeLine
00033f9e                _EZDSP5502_I2C_init
00033fe7                _EZDSP5502_I2C_read
00033fbb                _EZDSP5502_I2C_reset
00033fc5                _EZDSP5502_I2C_write
000339de                _EZDSP5502_MCBSP_close
0003399a                _EZDSP5502_MCBSP_init
00033a20                _EZDSP5502_MCBSP_read
000339f0                _EZDSP5502_MCBSP_write
00033f16                _EZDSP5502_init
00033ed0                _EZDSP5502_wait
00033f04                _EZDSP5502_waitusec
000340d0                _GPIO_open
000343ac                _GPIO_pinDirection
00034430                _GPIO_pinEnable
00034408                _GPIO_pinRead
000343cc                _GPIO_pinWrite
00033d6c                _I2C_config
00032fd8                _I2C_read
00032cbc                _I2C_write
0003448c                _IRQ_globalDisable
000344b8                _IRQ_globalRestore
00032337                _Init_AIC3204
000342c8                _MCBSP_close
000333d0                _MCBSP_config
0003371c                _MCBSP_open
000344cc                _MCBSP_read16
00031bf4                _MCBSP_reset
00033b84                _MCBSP_start
000344d4                _MCBSP_write16
00003db8                _Reset
0003449c                __CSL_init
            00001060    __STACK_END
00002000                __STACK_SIZE
00001000                __SYSSTACK_SIZE
00000001                __TI_args_main
ffffffff                ___binit__
            00001e90    ___bss__
ffffffff                ___c_args__
            00001b26    ___cinit__
            00000060    ___data__
            00000060    ___edata__
            00001eda    ___end__
000344e0                ___etext__
000343eb                ___isinf
ffffffff                ___pinit__
00030000                ___text__
000320b3                __addd
0003416c                __args_main
            00001ed2    __cleanup_ptr
000328c5                __cmpd
            00001860    __ctypes_
000315a4                __divd
00034202                __divli
0003207e                __divlli
0003435c                __divu
00033a54                __divul
00031f8a                __divull
            00001ed4    __dtors_ptr
00032891                __eqld
00034332                __fixdi
00033f2f                __fixdli
0003400b                __fltlid
00033c83                __frcmpyd
00033cf9                __frcmpyd_div
00032847                __geqd
000327fc                __gtrd
000327af                __leqd
            00001ece    __lock
00032767                __lssd
00033283                __mpyd
00034443                __mpyli
00031ed2                __mpylli
00034479                __negd
00032733                __neqd
00034466                __nop
00031362                __printfi
0003445e                __register_lock
00034456                __register_unlock
000341b7                __remli
00031ea3                __remlli
00034371                __remu
00033dde                __remul
00031e55                __remull
            00000060    __stack
0003441c                __subd
            00001060    __sysstack
            00001ed0    __unlock
000344c4                _abort
            00001ed8    _aicMcbsp
00034072                _atoi
0003411f                _auto_init
            00001dd0    _buffReceive
            00001e30    _buffTransmit
000342fe                _c_int00
00033b4b                _changeButtonState
00033b0b                _checkButtons
00033689                _configAudioDma
            00001e90    _dmaReceive
            00001e92    _dmaTransmit
0003395f                _dsp_process
00034289                _exit
00033b69                _getButtonState
000329bc                _getGlyphForChar
            00001ec6    _hGPIO_group0
            00001ec8    _hGPIO_group1
            00001eca    _hGPIO_group2
            00001ecc    _hGPIO_group3
00033af5                _initI2CButtons
00033c06                _ltoa
000338d7                _main
00034386                _memccpy
0003424a                _memcpy
            00001ebb    _message
            00001e94    _myconfig_receive
            00001ea6    _myconfig_transmit
0003298f                _oled_addSpace
00032959                _oled_fillPage
00032933                _oled_setPage
0003291d                _oled_start
00032a1d                _oled_writeText
00032e4a                _osd9616_init
00032f4a                _osd9616_multiSend
00032f2a                _osd9616_send
00032f98                _printLetter
00033e50                _sprintf
000336eb                _startAudioDma
00031a98                _stateMachineInit
00031ac5                _stateMachineRun
00033703                _stopAudioDma
00034468                _strlen
ffffffff                binit
            00001b26    cinit
            00000060    edata
            00001eda    end
000344e0                etext
ffffffff                pinit


GLOBAL SYMBOLS: SORTED BY Symbol Address 

abs. value/
byte addr   word addr   name
---------   ---------   ----
00000001                $TI_capability_requires_rev2
00000001                __TI_args_main
00000002                $TI_capability$C5500$CallingConvention
00000002                $TI_capability$C5500$MemoryModel
            00000060    .data
            00000060    ___data__
            00000060    ___edata__
            00000060    __stack
            00000060    edata
00001000                __SYSSTACK_SIZE
00002000                __STACK_SIZE
            00001060    __STACK_END
            00001060    __sysstack
            00001860    __ctypes_
            00001b26    ___cinit__
            00001b26    cinit
            00001caa    _CSL_DmaData
            00001d28    _CSL_McbspData
            00001d8e    _CSL_SysData
            00001db0    _CSL_GpioData
            00001dd0    _buffReceive
            00001e30    _buffTransmit
            00001e90    .bss
            00001e90    ___bss__
            00001e90    _dmaReceive
            00001e92    _dmaTransmit
            00001e94    _myconfig_receive
            00001ea6    _myconfig_transmit
            00001ebb    _message
            00001ec6    _hGPIO_group0
            00001ec8    _hGPIO_group1
            00001eca    _hGPIO_group2
            00001ecc    _hGPIO_group3
            00001ece    __lock
            00001ed0    __unlock
            00001ed2    __cleanup_ptr
            00001ed4    __dtors_ptr
            00001ed8    _aicMcbsp
            00001eda    ___end__
            00001eda    end
00003db8                _Reset
00030000                .text
00030000                ___text__
00031362                __printfi
000315a4                __divd
00031a98                _stateMachineInit
00031ac5                _stateMachineRun
00031bf4                _MCBSP_reset
00031e55                __remull
00031ea3                __remlli
00031ed2                __mpylli
00031f8a                __divull
0003207e                __divlli
000320b3                __addd
0003230d                _AIC3204_rset
00032337                _Init_AIC3204
00032527                _EZDSP5502_GPIO_init
000325be                _EZDSP5502_GPIO_setDirection
0003263b                _EZDSP5502_GPIO_setOutput
000326b8                _EZDSP5502_GPIO_getInput
00032733                __neqd
00032767                __lssd
000327af                __leqd
000327fc                __gtrd
00032847                __geqd
00032891                __eqld
000328c5                __cmpd
0003291d                _oled_start
00032933                _oled_setPage
00032959                _oled_fillPage
0003298f                _oled_addSpace
000329bc                _getGlyphForChar
00032a1d                _oled_writeText
00032af0                _DMA_reset
00032cbc                _I2C_write
00032e4a                _osd9616_init
00032f2a                _osd9616_send
00032f4a                _osd9616_multiSend
00032f98                _printLetter
00032fd8                _I2C_read
00033135                _EZDSP5502_I2CGPIO_configLine
00033188                _EZDSP5502_I2CGPIO_readLine
000331b9                _EZDSP5502_I2CGPIO_writeLine
0003320c                _EZDSP5502_I2CGPIO_read
00033259                _EZDSP5502_I2CGPIO_write
00033283                __mpyd
000333d0                _MCBSP_config
00033500                _DMA_config
00033689                _configAudioDma
000336eb                _startAudioDma
00033703                _stopAudioDma
0003371c                _MCBSP_open
0003380c                _DMA_open
000338d7                _main
0003395f                _dsp_process
0003399a                _EZDSP5502_MCBSP_init
000339de                _EZDSP5502_MCBSP_close
000339f0                _EZDSP5502_MCBSP_write
00033a20                _EZDSP5502_MCBSP_read
00033a54                __divul
00033af5                _initI2CButtons
00033b0b                _checkButtons
00033b4b                _changeButtonState
00033b69                _getButtonState
00033b84                _MCBSP_start
00033c06                _ltoa
00033c83                __frcmpyd
00033cf9                __frcmpyd_div
00033d6c                _I2C_config
00033dde                __remul
00033e50                _sprintf
00033ed0                _EZDSP5502_wait
00033f04                _EZDSP5502_waitusec
00033f16                _EZDSP5502_init
00033f2f                __fixdli
00033f9e                _EZDSP5502_I2C_init
00033fbb                _EZDSP5502_I2C_reset
00033fc5                _EZDSP5502_I2C_write
00033fe7                _EZDSP5502_I2C_read
0003400b                __fltlid
00034072                _atoi
000340d0                _GPIO_open
0003411f                _auto_init
0003416c                __args_main
000341b7                __remli
00034202                __divli
0003424a                _memcpy
00034289                _exit
000342c8                _MCBSP_close
000342fe                _c_int00
00034332                __fixdi
0003435c                I$$UDIV
0003435c                __divu
00034371                I$$UMOD
00034371                __remu
00034386                _memccpy
000343ac                _GPIO_pinDirection
000343cc                _GPIO_pinWrite
000343eb                ___isinf
00034408                _GPIO_pinRead
0003441c                __subd
00034430                _GPIO_pinEnable
00034443                I$$LMPY
00034443                __mpyli
00034456                __register_unlock
0003445e                __register_lock
00034466                __nop
00034468                _strlen
00034479                __negd
0003448c                _IRQ_globalDisable
0003449c                __CSL_init
000344ac                _CSL_init
000344b8                _IRQ_globalRestore
000344c4                _abort
000344c5                C$$EXIT
000344cc                _MCBSP_read16
000344d4                _MCBSP_write16
000344dc                _CSL5502_LIB_
000344e0                ___etext__
000344e0                etext
ffffffff                ___binit__
ffffffff                ___c_args__
ffffffff                ___pinit__
ffffffff                binit
ffffffff                pinit

[165 symbols]
