******************************************************************************
              TMS320C55x Linker PC v4.4.1                      
******************************************************************************
>> Linked Thu Dec 05 12:53:54 2024

OUTPUT FILE NAME:   <DSP_EffectSuite.out>
ENTRY POINT SYMBOL: "_c_int00"  address: 000319ca


MEMORY CONFIGURATION

         name            origin    length      used     unused   attr    fill
                        (bytes)   (bytes)    (bytes)   (bytes)
----------------------  --------  ---------  --------  --------  ----  --------
  MMR                   00000000   000000c0  00000000  000000c0  RW  
  DARAM                 000000c0   0000ff40  0000399a  0000c5a6  RW  
  SARAM                 00030000   0001e000  00001af8  0001c508  RW  
  EMIF_CS0              00050000   007b0000  00000000  007b0000  RW  
  EMIF_CS2              00800000   00400000  00000000  00400000  RW  
  EMIF_CS3              00c00000   00200000  00000000  00200000  RW  
  EMIF_CS4              00e00000   00100000  00000000  00100000  RW  
  EMIF_CS5              00f00000   000e0000  00000000  000e0000  RW  
  SAROM_0               00fe0000   00008000  00000000  00008000  R  X
  SAROM_1               00fe8000   00008000  00000000  00008000  R  X
  SAROM_2               00ff0000   00008000  00000000  00008000  R  X
  SAROM_3               00ff8000   00008000  00000000  00008000  R  X


SECTION ALLOCATION MAP
(Addresses surrounded by []'s are displayed for convenience only!)

output                                                          attributes/
section   page  orgn(bytes) orgn(words) len(bytes) len(words)   input sections
--------  ----  ----------- ----------- ---------- ----------   --------------
.stack       0   [ 000000c0 ]  00000060          *   00001000   UNINITIALIZED
                 [ 000000c0 ]  00000060          *   00001000   --HOLE--

.data        0   [ 000000c0 ]  00000060          *   00000000   UNINITIALIZED

.sysstack 
*            0   [ 000020c0 ]  00001060          *   00000800   UNINITIALIZED
                 [ 000020c0 ]  00001060          *   00000800   --HOLE--

.cinit       0   [ 000030c0 ]  00001860          *   0000016f   
                 [ 000030c0 ]  00001860          *   00000081   csl5502x.lib : csl_dmadat.obj (.cinit)
                 [ 000031c2 ]  000018e1          *   00000069                : csl_mcbspdat.obj (.cinit)
                 [ 00003294 ]  0000194a          *   00000028   dma.obj (.cinit)
                 [ 000032e4 ]  00001972          *   00000025   csl5502x.lib : csl_csldat.obj (.cinit)
                 [ 0000332e ]  00001997          *   00000023                : csl_gpiodat.obj (.cinit)
                 [ 00003374 ]  000019ba          *   0000000a   rts55x.lib : _lock.obj (.cinit)
                 [ 00003388 ]  000019c4          *   0000000a              : exit.obj (.cinit)
                 [ 0000339c ]  000019ce          *   00000001   --HOLE-- [fill = 0]

.csldata     0   [ 000033a0 ]  000019d0          *   00000126   UNINITIALIZED
                 [ 000033a0 ]  000019d0          *   0000007e   csl5502x.lib : csl_dmadat.obj (.csldata:DMA_data)
                 [ 0000349c ]  00001a4e          *   00000066                : csl_mcbspdat.obj (.csldata:MCBSP_data)
                 [ 00003568 ]  00001ab4          *   00000022                : csl_csldat.obj (.csldata:SYS_data)
                 [ 000035ac ]  00001ad6          *   00000020                : csl_gpiodat.obj (.csldata:GPIO_data)

dmaMem       0   [ 000035ec ]  00001af6          *   000000c0   UNINITIALIZED
                 [ 000035ec ]  00001af6          *   000000c0   main.obj (dmaMem)

.const       0   [ 0000376c ]  00001bb6          *   000000be   
                 [ 0000376c ]  00001bb6          *   00000082   oled.obj (.const:_glyphs)
                 [ 00003870 ]  00001c38          *   0000001b   ezdsp5502bsl.lib : ezdsp5502_mcbsp.obj (.const:_$P$T0$1)
                 [ 000038a6 ]  00001c53          *   00000001   --HOLE-- [fill = 0]
                 [ 000038a8 ]  00001c54          *   00000016   oled.obj (.const:.string)
                 [ 000038d4 ]  00001c6a          *   0000000a   ezdsp5502bsl.lib : ezdsp5502_i2c.obj (.const:_$P$T0$1)

.bss         0   [ 000038e8 ]  00001c74          *   0000003a   UNINITIALIZED
                 [ 000038e8 ]  00001c74          *   00000028   dma.obj (.bss)
                 [ 00003938 ]  00001c9c          *   00000008   ezdsp5502bsl.lib : ezdsp5502_gpio.obj (.bss)
                 [ 00003948 ]  00001ca4          *   00000004   rts55x.lib : _lock.obj (.bss)
                 [ 00003950 ]  00001ca8          *   00000004              : exit.obj (.bss)
                 [ 00003958 ]  00001cac          *   00000002   ezdsp5502bsl.lib : ezdsp5502_mcbsp.obj (.bss)

vectors      0     00003960  [ 00001cb0 ] 00000100          *   NOLOAD SECTION
                   00003960  [ 00001cb0 ] 00000100          *   rts55x.lib : vectors.obj (vectors)

.text        0     00030000  [ 00018000 ] 00001af8          *   
                   00030000  [ 00018000 ] 00000261          *   csl5502x.lib : mcbsp_rst.obj (.text:MCBSP_reset)
                   00030261  [ 00018130+] 0000021a          *   aic3204.obj (.text)
                   0003047b  [ 0001823d+] 0000020c          *   ezdsp5502bsl.lib : ezdsp5502_gpio.obj (.text)
                   00030687  [ 00018343+] 000001fe          *   oled.obj (.text)
                   00030885  [ 00018442+] 00000002          *   rts55x.lib : vectors.obj (.text)
                   00030887  [ 00018443 ] 00000001          *   --HOLE-- [fill = 20]
                   00030888  [ 00018444 ] 000001ca          *   csl5502x.lib : dma_reset.obj (.text:DMA_reset)
                   00030a52  [ 00018529 ] 00000002          *   --HOLE-- [fill = 20]
                   00030a54  [ 0001852a ] 0000018e          *                : i2c_write.obj (.text:I2C_write)
                   00030be2  [ 000185f1 ] 0000018b          *   lcd.obj (.text)
                   00030d6d  [ 000186b6 ] 00000003          *   --HOLE-- [fill = 20]
                   00030d70  [ 000186b8 ] 0000015d          *   csl5502x.lib : i2c_read.obj (.text:I2C_read)
                   00030ecd  [ 00018766+] 0000014e          *   ezdsp5502bsl.lib : ezdsp5502_i2cgpio.obj (.text)
                   0003101b  [ 0001880d ] 00000001          *   --HOLE-- [fill = 20]
                   0003101c  [ 0001880e ] 00000130          *   csl5502x.lib : mcbsp_cfg.obj (.text:MCBSP_config)
                   0003114c  [ 000188a6 ] 0000010e          *                : dma_cfg.obj (.text:DMA_config)
                   0003125a  [ 0001892d ] 0000010d          *   dma.obj (.text)
                   00031367  [ 000189b3 ] 00000001          *   --HOLE-- [fill = 20]
                   00031368  [ 000189b4 ] 000000ee          *   csl5502x.lib : mcbsp_open.obj (.text:MCBSP_open)
                   00031456  [ 00018a2b ] 00000002          *   --HOLE-- [fill = 20]
                   00031458  [ 00018a2c ] 000000cb          *                : dma_open.obj (.text:DMA_open)
                   00031523  [ 00018a91+] 000000bb          *   main.obj (.text)
                   000315de  [ 00018aef ] 000000ba          *   ezdsp5502bsl.lib : ezdsp5502_mcbsp.obj (.text)
                   00031698  [ 00018b4c ] 00000082          *   csl5502x.lib : mcbsp_start.obj (.text:MCBSP_start)
                   0003171a  [ 00018b8d ] 00000002          *   --HOLE-- [fill = 20]
                   0003171c  [ 00018b8e ] 00000072          *                : i2c_cfg.obj (.text:I2C_config)
                   0003178e  [ 00018bc7 ] 0000006f          *   ezdsp5502bsl.lib : ezdsp5502.obj (.text)
                   000317fd  [ 00018bfe+] 0000006d          *                    : ezdsp5502_i2c.obj (.text)
                   0003186a  [ 00018c35 ] 00000002          *   --HOLE-- [fill = 20]
                   0003186c  [ 00018c36 ] 0000004f          *   csl5502x.lib : gpio_open.obj (.text:GPIO_open)
                   000318bb  [ 00018c5d+] 0000004d          *   rts55x.lib : autoinit.obj (.text)
                   00031908  [ 00018c84 ] 0000004b          *              : args_main.obj (.text)
                   00031953  [ 00018ca9+] 0000003e          *              : exit.obj (.text)
                   00031991  [ 00018cc8 ] 00000003          *   --HOLE-- [fill = 20]
                   00031994  [ 00018cca ] 00000036          *   csl5502x.lib : mcbsp_cls.obj (.text:MCBSP_close)
                   000319ca  [ 00018ce5 ] 00000034          *   rts55x.lib : boot.obj (.text)
                   000319fe  [ 00018cff ] 00000002          *   --HOLE-- [fill = 20]
                   00031a00  [ 00018d00 ] 0000001f          *   csl5502x.lib : gpio_dir.obj (.text:GPIO_pinDirection)
                   00031a1f  [ 00018d0f ] 00000001          *   --HOLE-- [fill = 20]
                   00031a20  [ 00018d10 ] 0000001f          *                : gpio_write.obj (.text:GPIO_pinWrite)
                   00031a3f  [ 00018d1f+] 00000016          *   i2cgpio.obj (.text)
                   00031a55  [ 00018d2a ] 00000003          *   --HOLE-- [fill = 20]
                   00031a58  [ 00018d2c ] 00000014          *   csl5502x.lib : gpio_read.obj (.text:GPIO_pinRead)
                   00031a6c  [ 00018d36 ] 00000013          *                : gpio_enab.obj (.text:GPIO_pinEnable)
                   00031a7f  [ 00018d3f+] 00000012          *   rts55x.lib : _lock.obj (.text)
                   00031a91  [ 00018d48+] 00000011          *              : strlen.obj (.text)
                   00031aa2  [ 00018d51 ] 00000002          *   --HOLE-- [fill = 20]
                   00031aa4  [ 00018d52 ] 0000000f          *   csl5502x.lib : irq_gdisab.obj (.text:IRQ_globalDisable)
                   00031ab3  [ 00018d59 ] 00000001          *   --HOLE-- [fill = 20]
                   00031ab4  [ 00018d5a ] 0000000d          *                : _csl_init.obj (.text:_CSL_init)
                   00031ac1  [ 00018d60 ] 00000003          *   --HOLE-- [fill = 20]
                   00031ac4  [ 00018d62 ] 0000000c          *                : csl.obj (.text:CSL_init)
                   00031ad0  [ 00018d68 ] 0000000c          *                : irq_grest.obj (.text:IRQ_globalRestore)
                   00031adc  [ 00018d6e ] 00000007          *   rts55x.lib : exit.obj (.text:CIO_breakpoint)
                   00031ae3  [ 00018d71 ] 00000001          *   --HOLE-- [fill = 20]
                   00031ae4  [ 00018d72 ] 00000007          *   csl5502x.lib : mcbsp_r16.obj (.text:MCBSP_read16)
                   00031aeb  [ 00018d75 ] 00000001          *   --HOLE-- [fill = 20]
                   00031aec  [ 00018d76 ] 00000007          *                : mcbsp_w16.obj (.text:MCBSP_write16)
                   00031af3  [ 00018d79 ] 00000001          *   --HOLE-- [fill = 20]
                   00031af4  [ 00018d7a ] 00000002          *                : csl.obj (.text)
                   00031af6  [ 00018d7b ] 00000002          *   --HOLE-- [fill = 20]


GLOBAL SYMBOLS: SORTED ALPHABETICALLY BY Name 

abs. value/
byte addr   word addr   name
---------   ---------   ----
00000002                $TI_capability$C5500$CallingConvention
00000002                $TI_capability$C5500$MemoryModel
00000001                $TI_capability_requires_rev2
            00001c74    .bss
            00000060    .data
00030000                .text
00031add                C$$EXIT
00030261                _AIC3204_rset
00031af4                _CSL5502_LIB_
            000019d0    _CSL_DmaData
            00001ad6    _CSL_GpioData
            00001a4e    _CSL_McbspData
            00001ab4    _CSL_SysData
00031ac4                _CSL_init
0003114c                _DMA_config
00031458                _DMA_open
00030888                _DMA_reset
0003060c                _EZDSP5502_GPIO_getInput
0003047b                _EZDSP5502_GPIO_init
00030512                _EZDSP5502_GPIO_setDirection
0003058f                _EZDSP5502_GPIO_setOutput
00030ecd                _EZDSP5502_I2CGPIO_configLine
00030fa4                _EZDSP5502_I2CGPIO_read
00030f20                _EZDSP5502_I2CGPIO_readLine
00030ff1                _EZDSP5502_I2CGPIO_write
00030f51                _EZDSP5502_I2CGPIO_writeLine
000317fd                _EZDSP5502_I2C_init
00031846                _EZDSP5502_I2C_read
0003181a                _EZDSP5502_I2C_reset
00031824                _EZDSP5502_I2C_write
00031622                _EZDSP5502_MCBSP_close
000315de                _EZDSP5502_MCBSP_init
00031664                _EZDSP5502_MCBSP_read
00031634                _EZDSP5502_MCBSP_write
000317e4                _EZDSP5502_init
0003179e                _EZDSP5502_wait
000317d2                _EZDSP5502_waitusec
0003186c                _GPIO_open
00031a00                _GPIO_pinDirection
00031a6c                _GPIO_pinEnable
00031a58                _GPIO_pinRead
00031a20                _GPIO_pinWrite
0003171c                _I2C_config
00030d70                _I2C_read
00030a54                _I2C_write
00031aa4                _IRQ_globalDisable
00031ad0                _IRQ_globalRestore
0003028b                _Init_AIC3204
00031994                _MCBSP_close
0003101c                _MCBSP_config
00031368                _MCBSP_open
00031ae4                _MCBSP_read16
00030000                _MCBSP_reset
00031698                _MCBSP_start
00031aec                _MCBSP_write16
00003960                _Reset
00031ab4                __CSL_init
            00001060    __STACK_END
00002000                __STACK_SIZE
00001000                __SYSSTACK_SIZE
00000001                __TI_args_main
ffffffff                ___binit__
            00001c74    ___bss__
ffffffff                ___c_args__
            00001860    ___cinit__
            00000060    ___data__
            00000060    ___edata__
            00001cae    ___end__
00031af8                ___etext__
ffffffff                ___pinit__
00030000                ___text__
00031908                __args_main
            00001ca8    __cleanup_ptr
            00001caa    __dtors_ptr
            00001ca4    __lock
00031a8f                __nop
00031a87                __register_lock
00031a7f                __register_unlock
            00000060    __stack
            00001060    __sysstack
            00001ca6    __unlock
00031adc                _abort
            00001cac    _aicMcbsp
000318bb                _auto_init
            00001af6    _buffReceive
            00001b56    _buffTransmit
000319ca                _c_int00
000312d5                _configAudioDma
            00001c74    _dmaReceive
            00001c76    _dmaTransmit
000315a3                _dsp_process
00031953                _exit
00030753                _getGlyphForChar
            00001c9c    _hGPIO_group0
            00001c9e    _hGPIO_group1
            00001ca0    _hGPIO_group2
            00001ca2    _hGPIO_group3
00031a3f                _initI2C
00031523                _main
            00001c78    _myconfig_receive
            00001c8a    _myconfig_transmit
00030726                _oled_addSpace
000306f0                _oled_fillPage
000306ca                _oled_setPage
00030687                _oled_start
000307b4                _oled_writeText
00030be2                _osd9616_init
00030ce2                _osd9616_multiSend
00030cc2                _osd9616_send
00030d30                _printLetter
00031337                _startAudioDma
0003134f                _stopAudioDma
00031a91                _strlen
ffffffff                binit
            00001860    cinit
            00000060    edata
            00001cae    end
00031af8                etext
ffffffff                pinit


GLOBAL SYMBOLS: SORTED BY Symbol Address 

abs. value/
byte addr   word addr   name
---------   ---------   ----
00000001                $TI_capability_requires_rev2
00000001                __TI_args_main
00000002                $TI_capability$C5500$CallingConvention
00000002                $TI_capability$C5500$MemoryModel
            00000060    .data
            00000060    ___data__
            00000060    ___edata__
            00000060    __stack
            00000060    edata
00001000                __SYSSTACK_SIZE
00002000                __STACK_SIZE
            00001060    __STACK_END
            00001060    __sysstack
            00001860    ___cinit__
            00001860    cinit
            000019d0    _CSL_DmaData
            00001a4e    _CSL_McbspData
            00001ab4    _CSL_SysData
            00001ad6    _CSL_GpioData
            00001af6    _buffReceive
            00001b56    _buffTransmit
            00001c74    .bss
            00001c74    ___bss__
            00001c74    _dmaReceive
            00001c76    _dmaTransmit
            00001c78    _myconfig_receive
            00001c8a    _myconfig_transmit
            00001c9c    _hGPIO_group0
            00001c9e    _hGPIO_group1
            00001ca0    _hGPIO_group2
            00001ca2    _hGPIO_group3
            00001ca4    __lock
            00001ca6    __unlock
            00001ca8    __cleanup_ptr
            00001caa    __dtors_ptr
            00001cac    _aicMcbsp
            00001cae    ___end__
            00001cae    end
00003960                _Reset
00030000                .text
00030000                _MCBSP_reset
00030000                ___text__
00030261                _AIC3204_rset
0003028b                _Init_AIC3204
0003047b                _EZDSP5502_GPIO_init
00030512                _EZDSP5502_GPIO_setDirection
0003058f                _EZDSP5502_GPIO_setOutput
0003060c                _EZDSP5502_GPIO_getInput
00030687                _oled_start
000306ca                _oled_setPage
000306f0                _oled_fillPage
00030726                _oled_addSpace
00030753                _getGlyphForChar
000307b4                _oled_writeText
00030888                _DMA_reset
00030a54                _I2C_write
00030be2                _osd9616_init
00030cc2                _osd9616_send
00030ce2                _osd9616_multiSend
00030d30                _printLetter
00030d70                _I2C_read
00030ecd                _EZDSP5502_I2CGPIO_configLine
00030f20                _EZDSP5502_I2CGPIO_readLine
00030f51                _EZDSP5502_I2CGPIO_writeLine
00030fa4                _EZDSP5502_I2CGPIO_read
00030ff1                _EZDSP5502_I2CGPIO_write
0003101c                _MCBSP_config
0003114c                _DMA_config
000312d5                _configAudioDma
00031337                _startAudioDma
0003134f                _stopAudioDma
00031368                _MCBSP_open
00031458                _DMA_open
00031523                _main
000315a3                _dsp_process
000315de                _EZDSP5502_MCBSP_init
00031622                _EZDSP5502_MCBSP_close
00031634                _EZDSP5502_MCBSP_write
00031664                _EZDSP5502_MCBSP_read
00031698                _MCBSP_start
0003171c                _I2C_config
0003179e                _EZDSP5502_wait
000317d2                _EZDSP5502_waitusec
000317e4                _EZDSP5502_init
000317fd                _EZDSP5502_I2C_init
0003181a                _EZDSP5502_I2C_reset
00031824                _EZDSP5502_I2C_write
00031846                _EZDSP5502_I2C_read
0003186c                _GPIO_open
000318bb                _auto_init
00031908                __args_main
00031953                _exit
00031994                _MCBSP_close
000319ca                _c_int00
00031a00                _GPIO_pinDirection
00031a20                _GPIO_pinWrite
00031a3f                _initI2C
00031a58                _GPIO_pinRead
00031a6c                _GPIO_pinEnable
00031a7f                __register_unlock
00031a87                __register_lock
00031a8f                __nop
00031a91                _strlen
00031aa4                _IRQ_globalDisable
00031ab4                __CSL_init
00031ac4                _CSL_init
00031ad0                _IRQ_globalRestore
00031adc                _abort
00031add                C$$EXIT
00031ae4                _MCBSP_read16
00031aec                _MCBSP_write16
00031af4                _CSL5502_LIB_
00031af8                ___etext__
00031af8                etext
ffffffff                ___binit__
ffffffff                ___c_args__
ffffffff                ___pinit__
ffffffff                binit
ffffffff                pinit

[119 symbols]
