******************************************************************************
              TMS320C55x Linker Unix v4.4.1                    
******************************************************************************
>> Linked Mon Feb  3 17:30:39 2025

OUTPUT FILE NAME:   <DSP_EffectSuite.out>
ENTRY POINT SYMBOL: "_c_int00"  address: 000081fa


MEMORY CONFIGURATION

         name            origin    length      used     unused   attr    fill
                        (bytes)   (bytes)    (bytes)   (bytes)
----------------------  --------  ---------  --------  --------  ----  --------
PAGE 0:
  MMR                   00000000   000000c0  00000000  000000c0  RWIX
  BTRSVD                000000c0   00000240  00000100  00000140  RWIX
  DARAM                 00000300   0000fb00  0000f730  000003d0  RWIX
  VECS                  0000fe00   00000200  00000100  00000100  RWIX
  CE0                   00010000   003f0000  00000000  003f0000  RWIX
  CE1                   00400000   00400000  00000000  00400000  RWIX
  CE2                   00800000   00400000  00000000  00400000  RWIX
  CE3                   00c00000   003f8000  00000000  003f8000  RWIX
  PDROM                 00ff8000   00008000  00000000  00008000  R IX

PAGE 2:
  IOPORT                00000000   00020000  00000000  00020000  RWI 


SECTION ALLOCATION MAP
(Addresses surrounded by []'s are displayed for convenience only!)

output                                                          attributes/
section   page  orgn(bytes) orgn(words) len(bytes) len(words)   input sections
--------  ----  ----------- ----------- ---------- ----------   --------------
vectors      0     000000c0  [ 00000060 ] 00000100          *   NOLOAD SECTION
                   000000c0  [ 00000060 ] 00000100          *   rts55x.lib : vectors.obj (vectors)

.text        0     00000300  [ 00000180 ] 00008138          *   
                   00000300  [ 00000180 ] 000015a4          *   rts55x.lib : _printfi.obj (.text)
                   000018a4  [ 00000c52 ] 00000c1d          *   reverbs.obj (.text)
                   000024c1  [ 00001260+] 000005b7          *   main.obj (.text)
                   00002a78  [ 0000153c ] 00000543          *   rts55x.lib : lowlev.obj (.text)
                   00002fbb  [ 000017dd+] 00000528          *              : trgdrv.obj (.text)
                   000034e3  [ 00001a71+] 000004b5          *              : memory.obj (.text)
                   00003998  [ 00001ccc ] 00000423          *   state_machine.obj (.text)
                   00003dbb  [ 00001edd+] 000003cc          *   rts55x.lib : divd.obj (.text)
                   00004187  [ 000020c3+] 000002d4          *   phaser.obj (.text)
                   0000445b  [ 0000222d+] 0000027f          *   rts55x.lib : fopen.obj (.text)
                   000046da  [ 0000236d ] 00000002          *              : vectors.obj (.text)
                   000046dc  [ 0000236e ] 00000261          *   csl5502x.lib : mcbsp_rst.obj (.text:MCBSP_reset)
                   0000493d  [ 0000249e+] 0000025e          *   rts55x.lib : llmpy.obj (.text)
                   00004b9b  [ 000025cd+] 0000025a          *              : addd.obj (.text)
                   00004df5  [ 000026fa+] 00000223          *   autowah.obj (.text)
                   00005018  [ 0000280c ] 0000020c          *   ezdsp5502bsl.lib : ezdsp5502_gpio.obj (.text)
                   00005224  [ 00002912 ] 000001f2          *   rts55x.lib : sin.obj (.text)
                   00005416  [ 00002a0b ] 000001ee          *              : fwrite.obj (.text)
                   00005604  [ 00002b02 ] 000001ea          *              : cmpd.obj (.text)
                   000057ee  [ 00002bf7 ] 000001e1          *   aic3204.obj (.text)
                   000059cf  [ 00002ce7+] 000001d1          *   oled.obj (.text)
                   00005ba0  [ 00002dd0 ] 000001ca          *   csl5502x.lib : dma_reset.obj (.text:DMA_reset)
                   00005d6a  [ 00002eb5 ] 000001a3          *   dma.obj (.text)
                   00005f0d  [ 00002f86+] 00000002          *   vectors_dma.obj (.text)
                   00005f0f  [ 00002f87 ] 00000001          *   --HOLE-- [fill = 20]
                   00005f10  [ 00002f88 ] 0000018e          *   csl5502x.lib : i2c_write.obj (.text:I2C_write)
                   0000609e  [ 0000304f ] 0000018b          *   lcd.obj (.text)
                   00006229  [ 00003114+] 00000163          *   rts55x.lib : fputs.obj (.text)
                   0000638c  [ 000031c6 ] 0000015d          *   csl5502x.lib : i2c_read.obj (.text:I2C_read)
                   000064e9  [ 00003274+] 0000014e          *   ezdsp5502bsl.lib : ezdsp5502_i2cgpio.obj (.text)
                   00006637  [ 0000331b+] 0000014c          *   rts55x.lib : mpyd.obj (.text)
                   00006783  [ 000033c1 ] 00000001          *   --HOLE-- [fill = 20]
                   00006784  [ 000033c2 ] 00000130          *   csl5502x.lib : mcbsp_cfg.obj (.text:MCBSP_config)
                   000068b4  [ 0000345a ] 00000112          *   dma.obj (.text:retain)
                   000069c6  [ 000034e3 ] 0000010f          *   rts55x.lib : fread.obj (.text)
                   00006ad5  [ 0000356a ] 00000003          *   --HOLE-- [fill = 20]
                   00006ad8  [ 0000356c ] 0000010e          *   csl5502x.lib : dma_cfg.obj (.text:DMA_config)
                   00006be6  [ 000035f3 ] 00000002          *   --HOLE-- [fill = 20]
                   00006be8  [ 000035f4 ] 000000ee          *                : mcbsp_open.obj (.text:MCBSP_open)
                   00006cd6  [ 0000366b ] 000000e6          *   rts55x.lib : setvbuf.obj (.text)
                   00006dbc  [ 000036de ] 000000dd          *              : _io_perm.obj (.text)
                   00006e99  [ 0000374c ] 00000003          *   --HOLE-- [fill = 20]
                   00006e9c  [ 0000374e ] 000000cb          *   csl5502x.lib : dma_open.obj (.text:DMA_open)
                   00006f67  [ 000037b3+] 000000c2          *   rts55x.lib : fflush.obj (.text)
                   00007029  [ 00003814+] 000000bf          *              : modf.obj (.text)
                   000070e8  [ 00003874 ] 000000ba          *              : trgmsg.obj (.text:CIO_breakpoint)
                   000071a2  [ 000038d1 ] 000000ba          *   ezdsp5502bsl.lib : ezdsp5502_mcbsp.obj (.text)
                   0000725c  [ 0000392e ] 000000b7          *   rts55x.lib : snprintf.obj (.text)
                   00007313  [ 00003989+] 000000ae          *              : _bufread.obj (.text)
                   000073c1  [ 000039e0+] 000000a6          *              : fputc.obj (.text)
                   00007467  [ 00003a33+] 000000a1          *              : divul.obj (.text)
                   00007508  [ 00003a84 ] 0000008e          *   buttons.obj (.text)
                   00007596  [ 00003acb ] 00000089          *   csl5502x.lib : irq_pluga.obj (.text)
                   0000761f  [ 00003b0f ] 00000001          *   --HOLE-- [fill = 20]
                   00007620  [ 00003b10 ] 00000082          *                : mcbsp_start.obj (.text:MCBSP_start)
                   000076a2  [ 00003b51 ] 0000007d          *   rts55x.lib : ltoa.obj (.text)
                   0000771f  [ 00003b8f+] 0000007b          *              : fclose.obj (.text)
                   0000779a  [ 00003bcd ] 00000077          *              : fixdul.obj (.text)
                   00007811  [ 00003c08+] 00000076          *              : frcmpyd.obj (.text)
                   00007887  [ 00003c43+] 00000073          *              : frcmpyd_div.obj (.text)
                   000078fa  [ 00003c7d ] 00000002          *   --HOLE-- [fill = 20]
                   000078fc  [ 00003c7e ] 00000072          *   csl5502x.lib : i2c_cfg.obj (.text:I2C_config)
                   0000796e  [ 00003cb7 ] 00000072          *   rts55x.lib : remul.obj (.text)
                   000079e0  [ 00003cf0 ] 00000070          *              : sprintf.obj (.text)
                   00007a50  [ 00003d28 ] 0000006f          *   csl5502x.lib : irq_disa.obj (.text:IRQ_disable)
                   00007abf  [ 00003d5f+] 0000006f          *   ezdsp5502bsl.lib : ezdsp5502.obj (.text)
                   00007b2e  [ 00003d97 ] 0000006f          *   rts55x.lib : fixdli.obj (.text)
                   00007b9d  [ 00003dce+] 0000006d          *   ezdsp5502bsl.lib : ezdsp5502_i2c.obj (.text)
                   00007c0a  [ 00003e05 ] 0000006d          *   rts55x.lib : trgmsg.obj (.text)
                   00007c77  [ 00003e3b+] 0000006b          *              : fseek.obj (.text)
                   00007ce2  [ 00003e71 ] 00000002          *   --HOLE-- [fill = 20]
                   00007ce4  [ 00003e72 ] 00000068          *   csl5502x.lib : irq_enab.obj (.text:IRQ_enable)
                   00007d4c  [ 00003ea6 ] 00000067          *   rts55x.lib : fltlid.obj (.text)
                   00007db3  [ 00003ed9+] 0000005f          *              : round.obj (.text)
                   00007e12  [ 00003f09 ] 0000005c          *              : atoi.obj (.text)
                   00007e6e  [ 00003f37 ] 0000005b          *              : fltuld.obj (.text)
                   00007ec9  [ 00003f64+] 00000050          *              : printf.obj (.text)
                   00007f19  [ 00003f8c ] 00000003          *   --HOLE-- [fill = 20]
                   00007f1c  [ 00003f8e ] 0000004f          *   csl5502x.lib : gpio_open.obj (.text:GPIO_open)
                   00007f6b  [ 00003fb5+] 0000004d          *   rts55x.lib : autoinit.obj (.text)
                   00007fb8  [ 00003fdc ] 0000004b          *              : args_main.obj (.text)
                   00008003  [ 00004001+] 0000004b          *              : remli.obj (.text)
                   0000804e  [ 00004027 ] 00000048          *              : divli.obj (.text)
                   00008096  [ 0000404b ] 00000041          *              : trunc.obj (.text)
                   000080d7  [ 0000406b+] 0000003f          *              : memcpy.obj (.text)
                   00008116  [ 0000408b ] 0000003e          *              : exit.obj (.text)
                   00008154  [ 000040aa ] 00000037          *   csl5502x.lib : irq_clear.obj (.text:IRQ_clear)
                   0000818b  [ 000040c5 ] 00000001          *   --HOLE-- [fill = 20]
                   0000818c  [ 000040c6 ] 00000037          *                : irq_setvecs.obj (.text:IRQ_setVecs)
                   000081c3  [ 000040e1 ] 00000001          *   --HOLE-- [fill = 20]
                   000081c4  [ 000040e2 ] 00000036          *                : mcbsp_cls.obj (.text:MCBSP_close)
                   000081fa  [ 000040fd ] 00000034          *   rts55x.lib : boot.obj (.text)
                   0000822e  [ 00004117 ] 0000002a          *              : fixdi.obj (.text)
                   00008258  [ 0000412c ] 0000002a          *              : udiv.obj (.text)
                   00008282  [ 00004141 ] 00000023          *              : memccpy.obj (.text)
                   000082a5  [ 00004152 ] 00000003          *   --HOLE-- [fill = 20]
                   000082a8  [ 00004154 ] 0000001f          *   csl5502x.lib : gpio_dir.obj (.text:GPIO_pinDirection)
                   000082c7  [ 00004163 ] 00000001          *   --HOLE-- [fill = 20]
                   000082c8  [ 00004164 ] 0000001f          *                : gpio_write.obj (.text:GPIO_pinWrite)
                   000082e7  [ 00004173+] 0000001b          *   rts55x.lib : fixdu.obj (.text)
                   00008302  [ 00004181 ] 0000001a          *              : isinf.obj (.text)
                   0000831c  [ 0000418e ] 00000014          *   csl5502x.lib : gpio_read.obj (.text:GPIO_pinRead)
                   00008330  [ 00004198 ] 00000014          *   rts55x.lib : subd.obj (.text)
                   00008344  [ 000041a2 ] 00000013          *   csl5502x.lib : gpio_enab.obj (.text:GPIO_pinEnable)
                   00008357  [ 000041ab+] 00000013          *   rts55x.lib : lmpy.obj (.text)
                   0000836a  [ 000041b5 ] 00000012          *              : _lock.obj (.text)
                   0000837c  [ 000041be ] 00000011          *              : strlen.obj (.text)
                   0000838d  [ 000041c6+] 00000010          *              : negd.obj (.text)
                   0000839d  [ 000041ce ] 00000003          *   --HOLE-- [fill = 20]
                   000083a0  [ 000041d0 ] 0000000f          *   csl5502x.lib : irq_gdisab.obj (.text:IRQ_globalDisable)
                   000083af  [ 000041d7 ] 00000001          *   --HOLE-- [fill = 20]
                   000083b0  [ 000041d8 ] 0000000f          *                : irq_genab.obj (.text:IRQ_globalEnable)
                   000083bf  [ 000041df+] 0000000e          *   rts55x.lib : fltud.obj (.text)
                   000083cd  [ 000041e6+] 0000000e          *              : rewind.obj (.text)
                   000083db  [ 000041ed ] 00000001          *   --HOLE-- [fill = 20]
                   000083dc  [ 000041ee ] 0000000d          *   csl5502x.lib : _csl_init.obj (.text:_CSL_init)
                   000083e9  [ 000041f4 ] 00000003          *   --HOLE-- [fill = 20]
                   000083ec  [ 000041f6 ] 0000000c          *                : csl.obj (.text:CSL_init)
                   000083f8  [ 000041fc ] 0000000c          *                : irq_grest.obj (.text:IRQ_globalRestore)
                   00008404  [ 00004202 ] 0000000c          *   rts55x.lib : fltid.obj (.text)
                   00008410  [ 00004208 ] 0000000a          *              : remove.obj (.text)
                   0000841a  [ 0000420d ] 00000007          *              : exit.obj (.text:CIO_breakpoint)
                   00008421  [ 00004210 ] 00000003          *   --HOLE-- [fill = 20]
                   00008424  [ 00004212 ] 00000007          *   csl5502x.lib : mcbsp_r16.obj (.text:MCBSP_read16)
                   0000842b  [ 00004215 ] 00000001          *   --HOLE-- [fill = 20]
                   0000842c  [ 00004216 ] 00000007          *                : mcbsp_w16.obj (.text:MCBSP_write16)
                   00008433  [ 00004219 ] 00000001          *   --HOLE-- [fill = 20]
                   00008434  [ 0000421a ] 00000002          *                : csl.obj (.text)
                   00008436  [ 0000421b ] 00000002          *   --HOLE-- [fill = 20]

.data        0   [ 00000300 ]  00000180          *   00000000   

.pinit       0   [ 00000300 ]  00000180          *   00000000   

.stack       0   [ 00008440 ]  00004220          *   00001000   
                 [ 00008440 ]  00004220          *   00001000   --HOLE-- [fill = 00]

.sysmem      0   [ 0000a440 ]  00005220          *   00001000   UNINITIALIZED
                 [ 0000a440 ]  00005220          *   00001000   --HOLE--

.sysstack 
*            0   [ 0000c440 ]  00006220          *   00000800   
                 [ 0000c440 ]  00006220          *   00000800   --HOLE-- [fill = 00]

.bss         0   [ 0000d440 ]  00006a20          *   0000057a   
                 [ 0000d440 ]  00006a20          *   000001d4   reverbs.obj (.bss) [fill = 00]
                 [ 0000d7e8 ]  00006bf4          *   00000119   rts55x.lib : defs.obj (.bss) [fill = 00]
                 [ 0000da1a ]  00006d0d          *   00000001              : fopen.obj (.bss) [fill = 00]
                 [ 0000da1c ]  00006d0e          *   000000d0   dsp_effects.obj (.bss) [fill = 00]
                 [ 0000dbbc ]  00006dde          *   000000d0   rts55x.lib : trgdrv.obj (.bss) [fill = 00]
                 [ 0000dd5c ]  00006eae          *   00000071              : lowlev.obj (.bss) [fill = 00]
                 [ 0000de3e ]  00006f1f          *   00000001   --HOLE-- [fill = 00]
                 [ 0000de40 ]  00006f20          *   0000002e   dma.obj (.bss) [fill = 00]
                 [ 0000de9c ]  00006f4e          *   00000010   autowah.obj (.bss) [fill = 00]
                 [ 0000debc ]  00006f5e          *   0000000d   state_machine.obj (.bss) [fill = 00]
                 [ 0000ded6 ]  00006f6b          *   00000001   --HOLE-- [fill = 00]
                 [ 0000ded8 ]  00006f6c          *   0000000c   phaser.obj (.bss) [fill = 00]
                 [ 0000def0 ]  00006f78          *   00000008   ezdsp5502bsl.lib : ezdsp5502_gpio.obj (.bss) [fill = 00]
                 [ 0000df00 ]  00006f80          *   00000008   rts55x.lib : sin.obj (.bss) [fill = 00]
                 [ 0000df10 ]  00006f88          *   00000006              : memory.obj (.bss) [fill = 00]
                 [ 0000df1c ]  00006f8e          *   00000004              : _lock.obj (.bss) [fill = 00]
                 [ 0000df24 ]  00006f92          *   00000004              : exit.obj (.bss) [fill = 00]
                 [ 0000df2c ]  00006f96          *   00000002   buttons.obj (.bss) [fill = 00]
                 [ 0000df30 ]  00006f98          *   00000002   ezdsp5502bsl.lib : ezdsp5502_mcbsp.obj (.bss) [fill = 00]

.const       0   [ 0000df40 ]  00006fa0          *   00000478   
                 [ 0000df40 ]  00006fa0          *   00000101   rts55x.lib : ctype.obj (.const:__ctypes_)
                 [ 0000e142 ]  000070a1          *   000000cd   oled.obj (.const:_glyphs)
                 [ 0000e2dc ]  0000716e          *   000000cb   main.obj (.const:.string)
                 [ 0000e472 ]  00007239          *   00000001   --HOLE-- [fill = 00]
                 [ 0000e474 ]  0000723a          *   00000090   state_machine.obj (.const:.string)
                 [ 0000e594 ]  000072ca          *   00000024   rts55x.lib : _printfi.obj (.const:.string)
                 [ 0000e5dc ]  000072ee          *   0000001b   ezdsp5502bsl.lib : ezdsp5502_mcbsp.obj (.const:_$P$T0$1)
                 [ 0000e612 ]  00007309          *   00000001   --HOLE-- [fill = 00]
                 [ 0000e614 ]  0000730a          *   00000018   autowah.obj (.const)
                 [ 0000e644 ]  00007322          *   00000014   rts55x.lib : sin.obj (.const)
                 [ 0000e66c ]  00007336          *   0000000e   reverbs.obj (.const)
                 [ 0000e688 ]  00007344          *   0000000c   phaser.obj (.const)
                 [ 0000e6a0 ]  00007350          *   0000000c   rts55x.lib : _printfi.obj (.const)
                 [ 0000e6b8 ]  0000735c          *   0000000a   ezdsp5502bsl.lib : ezdsp5502_i2c.obj (.const:_$P$T0$1)
                 [ 0000e6cc ]  00007366          *   00000008   reverbs.obj (.const:_$P$T0$3)
                 [ 0000e6dc ]  0000736e          *   00000008   reverbs.obj (.const:_$P$T1$4)
                 [ 0000e6ec ]  00007376          *   00000008   reverbs.obj (.const:_$P$T12$21)
                 [ 0000e6fc ]  0000737e          *   00000008   reverbs.obj (.const:_$P$T13$22)
                 [ 0000e70c ]  00007386          *   00000008   reverbs.obj (.const:_$P$T16$27)
                 [ 0000e71c ]  0000738e          *   00000008   reverbs.obj (.const:_$P$T17$28)
                 [ 0000e72c ]  00007396          *   00000008   reverbs.obj (.const:_$P$T20$33)
                 [ 0000e73c ]  0000739e          *   00000008   reverbs.obj (.const:_$P$T21$34)
                 [ 0000e74c ]  000073a6          *   00000008   reverbs.obj (.const:_$P$T4$9)
                 [ 0000e75c ]  000073ae          *   00000008   reverbs.obj (.const:_$P$T5$10)
                 [ 0000e76c ]  000073b6          *   00000008   reverbs.obj (.const:_$P$T8$15)
                 [ 0000e77c ]  000073be          *   00000008   reverbs.obj (.const:_$P$T9$16)
                 [ 0000e78c ]  000073c6          *   00000008   rts55x.lib : divd.obj (.const:_initial_approx$1)
                 [ 0000e79c ]  000073ce          *   00000008              : round.obj (.const)
                 [ 0000e7ac ]  000073d6          *   00000006              : modf.obj (.const)
                 [ 0000e7b8 ]  000073dc          *   00000004   reverbs.obj (.const:_$P$T10$17)
                 [ 0000e7c0 ]  000073e0          *   00000004   reverbs.obj (.const:_$P$T11$18)
                 [ 0000e7c8 ]  000073e4          *   00000004   reverbs.obj (.const:_$P$T14$23)
                 [ 0000e7d0 ]  000073e8          *   00000004   reverbs.obj (.const:_$P$T15$24)
                 [ 0000e7d8 ]  000073ec          *   00000004   reverbs.obj (.const:_$P$T18$29)
                 [ 0000e7e0 ]  000073f0          *   00000004   reverbs.obj (.const:_$P$T19$30)
                 [ 0000e7e8 ]  000073f4          *   00000004   reverbs.obj (.const:_$P$T2$5)
                 [ 0000e7f0 ]  000073f8          *   00000004   reverbs.obj (.const:_$P$T22$35)
                 [ 0000e7f8 ]  000073fc          *   00000004   reverbs.obj (.const:_$P$T23$36)
                 [ 0000e800 ]  00007400          *   00000004   reverbs.obj (.const:_$P$T3$6)
                 [ 0000e808 ]  00007404          *   00000004   reverbs.obj (.const:_$P$T6$11)
                 [ 0000e810 ]  00007408          *   00000004   reverbs.obj (.const:_$P$T7$12)
                 [ 0000e818 ]  0000740c          *   00000004   rts55x.lib : trunc.obj (.const)
                 [ 0000e820 ]  00007410          *   00000002              : fputs.obj (.const:.string)
                 [ 0000e824 ]  00007412          *   00000002   main.obj (.const)
                 [ 0000e828 ]  00007414          *   00000002   rts55x.lib : fltlid.obj (.const)
                 [ 0000e82c ]  00007416          *   00000002              : fltuld.obj (.const)

dmaMem       0   [ 0000e840 ]  00007420          *   00000400   
                 [ 0000e840 ]  00007420          *   00000400   main.obj (dmaMem) [fill = 00]

.cinit       0   [ 0000f040 ]  00007820          *   000002c4   
                 [ 0000f040 ]  00007820          *   000000d3   dsp_effects.obj (.cinit)
                 [ 0000f1e6 ]  000078f3          *   00000081   csl5502x.lib : csl_dmadat.obj (.cinit)
                 [ 0000f2e8 ]  00007974          *   00000069                : csl_mcbspdat.obj (.cinit)
                 [ 0000f3ba ]  000079dd          *   0000002d   rts55x.lib : lowlev.obj (.cinit)
                 [ 0000f414 ]  00007a0a          *   0000002c   dma.obj (.cinit)
                 [ 0000f46c ]  00007a36          *   0000002a   rts55x.lib : defs.obj (.cinit)
                 [ 0000f4c0 ]  00007a60          *   00000025   csl5502x.lib : csl_csldat.obj (.cinit)
                 [ 0000f50a ]  00007a85          *   00000023                : csl_gpiodat.obj (.cinit)
                 [ 0000f550 ]  00007aa8          *   0000000c   state_machine.obj (.cinit)
                 [ 0000f568 ]  00007ab4          *   0000000b   rts55x.lib : sin.obj (.cinit)
                 [ 0000f57e ]  00007abf          *   0000000a              : _lock.obj (.cinit)
                 [ 0000f592 ]  00007ac9          *   0000000a              : exit.obj (.cinit)
                 [ 0000f5a6 ]  00007ad3          *   00000008   buttons.obj (.cinit)
                 [ 0000f5b6 ]  00007adb          *   00000004   rts55x.lib : fopen.obj (.cinit)
                 [ 0000f5be ]  00007adf          *   00000004              : memory.obj (.cinit)
                 [ 0000f5c6 ]  00007ae3          *   00000001   --HOLE-- [fill = 0]

.csldata     0   [ 0000f600 ]  00007b00          *   00000126   
                 [ 0000f600 ]  00007b00          *   0000007e   csl5502x.lib : csl_dmadat.obj (.csldata:DMA_data) [fill = 00]
                 [ 0000f6fc ]  00007b7e          *   00000066                : csl_mcbspdat.obj (.csldata:MCBSP_data) [fill = 00]
                 [ 0000f7c8 ]  00007be4          *   00000022                : csl_csldat.obj (.csldata:SYS_data) [fill = 00]
                 [ 0000f80c ]  00007c06          *   00000020                : csl_gpiodat.obj (.csldata:GPIO_data) [fill = 00]

.cio         0   [ 0000f860 ]  00007c30          *   00000120   
                 [ 0000f860 ]  00007c30          *   00000120   rts55x.lib : trgmsg.obj (.cio) [fill = 00]

.vectors     0     0000fe00  [ 00007f00 ] 00000100          *   
                   0000fe00  [ 00007f00 ] 00000100          *   vectors_dma.obj (.vectors)


GLOBAL SYMBOLS: SORTED ALPHABETICALLY BY Name 

abs. value/
byte addr   word addr   name
---------   ---------   ----
00000002                $TI_capability$C5500$CallingConvention
00000002                $TI_capability$C5500$MemoryModel
00000001                $TI_capability_requires_rev2
            00006a20    .bss
            00000180    .data
00000300                .text
0000841b                C$$EXIT
0000719d                C$$IO$$
00008357                I$$LMPY
00008258                I$$UDIV
0000826d                I$$UMOD
000057ee                _AIC3204_rset
00008434                _CSL5502_LIB_
            00007b00    _CSL_DmaData
            00007c06    _CSL_GpioData
            00007b7e    _CSL_McbspData
            00007be4    _CSL_SysData
000083ec                _CSL_init
00006ad8                _DMA_config
00006e9c                _DMA_open
00005ba0                _DMA_reset
000051a9                _EZDSP5502_GPIO_getInput
00005018                _EZDSP5502_GPIO_init
000050af                _EZDSP5502_GPIO_setDirection
0000512c                _EZDSP5502_GPIO_setOutput
000064e9                _EZDSP5502_I2CGPIO_configLine
000065c0                _EZDSP5502_I2CGPIO_read
0000653c                _EZDSP5502_I2CGPIO_readLine
0000660d                _EZDSP5502_I2CGPIO_write
0000656d                _EZDSP5502_I2CGPIO_writeLine
00007b9d                _EZDSP5502_I2C_init
00007be6                _EZDSP5502_I2C_read
00007bba                _EZDSP5502_I2C_reset
00007bc4                _EZDSP5502_I2C_write
000071e6                _EZDSP5502_MCBSP_close
000071a2                _EZDSP5502_MCBSP_init
00007228                _EZDSP5502_MCBSP_read
000071f8                _EZDSP5502_MCBSP_write
00007b15                _EZDSP5502_init
00007acf                _EZDSP5502_wait
00007b03                _EZDSP5502_waitusec
00007f1c                _GPIO_open
000082a8                _GPIO_pinDirection
00008344                _GPIO_pinEnable
0000831c                _GPIO_pinRead
000082c8                _GPIO_pinWrite
00003485                _HOSTclock
0000341a                _HOSTclose
00003365                _HOSTlseek
000032c6                _HOSTopen
00003239                _HOSTread
0000318b                _HOSTrename
0000312d                _HOSTtime
000030c3                _HOSTunlink
00003036                _HOSTwrite
000078fc                _I2C_config
0000638c                _I2C_read
00005f10                _I2C_write
00008154                _IRQ_clear
00007a50                _IRQ_disable
00007ce4                _IRQ_enable
000083a0                _IRQ_globalDisable
000083b0                _IRQ_globalEnable
000083f8                _IRQ_globalRestore
00007596                _IRQ_plug
0000818c                _IRQ_setVecs
00005818                _Init_AIC3204
000081c4                _MCBSP_close
00006784                _MCBSP_config
00006be8                _MCBSP_open
00008424                _MCBSP_read16
000046dc                _MCBSP_reset
00007620                _MCBSP_start
0000842c                _MCBSP_write16
000000c0                _Reset
0000fe00                _VECSTART
            00007c30    __CIOBUF_
000083dc                __CSL_init
            00005220    __STACK_END
00002000                __STACK_SIZE
00002000                __SYSMEM_SIZE
00001000                __SYSSTACK_SIZE
00000001                __TI_args_main
ffffffff                ___binit__
            00006a20    ___bss__
ffffffff                ___c_args__
            00007820    ___cinit__
            00000180    ___data__
            00000180    ___edata__
            00006f9a    ___end__
00008438                ___etext__
00008302                ___isinf
ffffffff                ___pinit__
00000300                ___text__
00004b9b                __addd
00007fb8                __args_main
00007313                __buff_read
0000457c                __cleanup
            00006f92    __cleanup_ptr
00005796                __cmpd
            00006fa0    __ctypes_
00003dbb                __divd
0000804e                __divli
00004b66                __divlli
00008258                __divu
00007467                __divul
00004a72                __divull
00006f67                __doflush
            00006f94    __dtors_ptr
00005762                __eqld
0000822e                __fixdi
00007b2e                __fixdli
000082e7                __fixdu
0000779a                __fixdul
00008404                __fltid
00007d4c                __fltlid
000083bf                __fltud
00007e6e                __fltuld
00007811                __frcmpyd
00007887                __frcmpyd_div
            00006d0c    __ft_end
            00006bf4    __ftable
00005718                __geqd
000056cd                __gtrd
00005680                __leqd
            00006f8e    __lock
00005638                __lssd
00006637                __mpyd
00008357                __mpyli
000049ba                __mpylli
0000838d                __negd
00005604                __neqd
0000837a                __nop
00007db3                __nround
00001662                __printfi
00006e3c                __rd_ok
00008372                __register_lock
0000836a                __register_unlock
00008003                __remli
0000498b                __remlli
0000826d                __remu
0000796e                __remul
0000493d                __remull
            00004220    __stack
00008330                __subd
            00005220    __sys_memory
            00006220    __sysstack
            00006c6c    __tmpnams
00008096                __trunc
            00006f90    __unlock
00006dbc                __wrt_ok
0000841a                _abort
00002ecb                _add_device
            00006f98    _aicMcbsp
00007e12                _atoi
00007f6b                _auto_init
00004e81                _bandpass_filter
            00007420    _buffReceive
            00007620    _buffTransmit
000081fa                _c_int00
00003972                _calloc
0000755e                _changeButtonState
0000751e                _checkButtons
0000396a                _chkheap
00002604                _cleanBuffers
00002e58                _close
00005df5                _configAudioDma
            00006f20    _dmaInterruptFlag
000068b4                _dmaRcvIsr
            00006f26    _dmaReceive
            00006f28    _dmaTransmit
            00006d0e    _effects
00005efe                _enableInterrupt
00004df5                _envelope_follower
00008116                _exit
0000771f                _fclose
00006fd0                _fflush
00002e4f                _find_registered_device
0000469f                _fopen
000073c1                _fputc
00006229                _fputs
000069c6                _fread
000034e3                _free
00001e15                _freeReverbBuffers
00003914                _free_memory
000045d6                _freopen
00007c77                _fseek
00005416                _fwrite
0000757c                _getButtonState
00003da6                _getCurrentState
00005a6e                _getGlyphForChar
00003dad                _getSelectedEffectIndex
00003db4                _getSelectedMode
00002fbb                _getenv
            00006f78    _hGPIO_group0
            00006f7a    _hGPIO_group1
            00006f7c    _hGPIO_group2
            00006f7e    _hGPIO_group3
00004e31                _initAutoWah
00007508                _initI2CButtons
000042c4                _initPhaser
00001cd9                _initReverbHall2
00001e95                _initReverbStageA
00001fd1                _initReverbStageBb
0000210d                _initReverbStageDb
00002249                _initReverbStageFb
00002385                _initReverbStageGTHT
00002de9                _lseek
000076a2                _ltoa
000024c1                _main
00003614                _malloc
000038ba                _max_free
00008282                _memccpy
000080d7                _memcpy
            00006f61    _message
000035af                _minit
00007029                _modf
            00006f2a    _myconfig_receive
            00006f3c    _myconfig_transmit
            00006f24    _old_intm
00005a41                _oled_addSpace
00005a0b                _oled_fillPage
000059e5                _oled_setPage
000059cf                _oled_start
00005acf                _oled_writeText
00002d2a                _open
0000609e                _osd9616_init
0000619e                _osd9616_multiSend
0000617e                _osd9616_send
000061ec                _printLetter
00007ec9                _printf
00004f1f                _processAutoWah
000027fe                _processFile
00004368                _processPhaser
0000263b                _processRealtime
00001b52                _processReverbBlock
000073c1                _putc
00007458                _putchar
0000635e                _puts
            00006f22    _rcvEventId
00002c7c                _read
00007c0a                _readmsg
00003709                _realloc
00008410                _remove
00002c46                _remove_device
00002bed                _rename
000083cd                _rewind
00006cd6                _setvbuf
00005224                _sin
0000725c                _snprintf
000079e0                _sprintf
00005ec5                _startAudioDma
00003bc8                _stateMachineInit
00003d92                _stateMachineNotifyFileComplete
00003bf5                _stateMachineRun
00005ee6                _stopAudioDma
0000837c                _strlen
00002bba                _unlink
0000266e                _wHeader
00002a78                _write
000070e8                _writemsg
            00006f21    _xmtEventId
ffffffff                binit
            00007820    cinit
            00000180    edata
            00006f9a    end
00008438                etext
0000fe10                int0
0000fe18                int1
0000fe60                int10
0000fe68                int11
0000fe70                int12
0000fe78                int13
0000fe80                int14
0000fe88                int15
0000fe90                int16
0000fe98                int17
0000fea0                int18
0000fea8                int19
0000fe20                int2
0000feb0                int20
0000feb8                int21
0000fec0                int22
0000fec8                int23
0000fed0                int24
0000fed8                int25
0000fee0                int26
0000fee8                int27
0000fef0                int28
0000fef8                int29
0000fe28                int3
0000fe30                int4
0000fe38                int5
0000fe40                int6
0000fe48                int7
0000fe50                int8
0000fe58                int9
0000fe08                nmi
00005f0d                no_isr
ffffffff                pinit


GLOBAL SYMBOLS: SORTED BY Symbol Address 

abs. value/
byte addr   word addr   name
---------   ---------   ----
00000001                $TI_capability_requires_rev2
00000001                __TI_args_main
00000002                $TI_capability$C5500$CallingConvention
00000002                $TI_capability$C5500$MemoryModel
000000c0                _Reset
            00000180    .data
00000300                .text
            00000180    ___data__
            00000180    ___edata__
00000300                ___text__
            00000180    edata
00001000                __SYSSTACK_SIZE
00001662                __printfi
00001b52                _processReverbBlock
00001cd9                _initReverbHall2
00001e15                _freeReverbBuffers
00001e95                _initReverbStageA
00001fd1                _initReverbStageBb
00002000                __STACK_SIZE
00002000                __SYSMEM_SIZE
0000210d                _initReverbStageDb
00002249                _initReverbStageFb
00002385                _initReverbStageGTHT
000024c1                _main
00002604                _cleanBuffers
0000263b                _processRealtime
0000266e                _wHeader
000027fe                _processFile
00002a78                _write
00002bba                _unlink
00002bed                _rename
00002c46                _remove_device
00002c7c                _read
00002d2a                _open
00002de9                _lseek
00002e4f                _find_registered_device
00002e58                _close
00002ecb                _add_device
00002fbb                _getenv
00003036                _HOSTwrite
000030c3                _HOSTunlink
0000312d                _HOSTtime
0000318b                _HOSTrename
00003239                _HOSTread
000032c6                _HOSTopen
00003365                _HOSTlseek
0000341a                _HOSTclose
00003485                _HOSTclock
000034e3                _free
000035af                _minit
00003614                _malloc
00003709                _realloc
000038ba                _max_free
00003914                _free_memory
0000396a                _chkheap
00003972                _calloc
00003bc8                _stateMachineInit
00003bf5                _stateMachineRun
00003d92                _stateMachineNotifyFileComplete
00003da6                _getCurrentState
00003dad                _getSelectedEffectIndex
00003db4                _getSelectedMode
00003dbb                __divd
000042c4                _initPhaser
00004368                _processPhaser
0000457c                __cleanup
000045d6                _freopen
0000469f                _fopen
000046dc                _MCBSP_reset
0000493d                __remull
0000498b                __remlli
000049ba                __mpylli
00004a72                __divull
00004b66                __divlli
00004b9b                __addd
00004df5                _envelope_follower
00004e31                _initAutoWah
00004e81                _bandpass_filter
00004f1f                _processAutoWah
00005018                _EZDSP5502_GPIO_init
000050af                _EZDSP5502_GPIO_setDirection
0000512c                _EZDSP5502_GPIO_setOutput
000051a9                _EZDSP5502_GPIO_getInput
00005224                _sin
00005416                _fwrite
00005604                __neqd
00005638                __lssd
00005680                __leqd
000056cd                __gtrd
00005718                __geqd
00005762                __eqld
00005796                __cmpd
000057ee                _AIC3204_rset
00005818                _Init_AIC3204
000059cf                _oled_start
000059e5                _oled_setPage
00005a0b                _oled_fillPage
00005a41                _oled_addSpace
00005a6e                _getGlyphForChar
00005acf                _oled_writeText
00005ba0                _DMA_reset
00005df5                _configAudioDma
00005ec5                _startAudioDma
00005ee6                _stopAudioDma
00005efe                _enableInterrupt
00005f0d                no_isr
00005f10                _I2C_write
0000609e                _osd9616_init
0000617e                _osd9616_send
0000619e                _osd9616_multiSend
000061ec                _printLetter
00006229                _fputs
0000635e                _puts
0000638c                _I2C_read
000064e9                _EZDSP5502_I2CGPIO_configLine
0000653c                _EZDSP5502_I2CGPIO_readLine
0000656d                _EZDSP5502_I2CGPIO_writeLine
000065c0                _EZDSP5502_I2CGPIO_read
0000660d                _EZDSP5502_I2CGPIO_write
00006637                __mpyd
00006784                _MCBSP_config
000068b4                _dmaRcvIsr
000069c6                _fread
00006ad8                _DMA_config
00006be8                _MCBSP_open
00006cd6                _setvbuf
00006dbc                __wrt_ok
00006e3c                __rd_ok
00006e9c                _DMA_open
00006f67                __doflush
00006fd0                _fflush
00007029                _modf
000070e8                _writemsg
0000719d                C$$IO$$
000071a2                _EZDSP5502_MCBSP_init
000071e6                _EZDSP5502_MCBSP_close
000071f8                _EZDSP5502_MCBSP_write
00007228                _EZDSP5502_MCBSP_read
0000725c                _snprintf
00007313                __buff_read
000073c1                _fputc
000073c1                _putc
00007458                _putchar
00007467                __divul
00007508                _initI2CButtons
0000751e                _checkButtons
0000755e                _changeButtonState
0000757c                _getButtonState
00007596                _IRQ_plug
00007620                _MCBSP_start
000076a2                _ltoa
0000771f                _fclose
0000779a                __fixdul
00007811                __frcmpyd
00007887                __frcmpyd_div
000078fc                _I2C_config
0000796e                __remul
000079e0                _sprintf
00007a50                _IRQ_disable
00007acf                _EZDSP5502_wait
00007b03                _EZDSP5502_waitusec
00007b15                _EZDSP5502_init
00007b2e                __fixdli
00007b9d                _EZDSP5502_I2C_init
00007bba                _EZDSP5502_I2C_reset
00007bc4                _EZDSP5502_I2C_write
00007be6                _EZDSP5502_I2C_read
00007c0a                _readmsg
00007c77                _fseek
00007ce4                _IRQ_enable
00007d4c                __fltlid
00007db3                __nround
00007e12                _atoi
00007e6e                __fltuld
00007ec9                _printf
00007f1c                _GPIO_open
00007f6b                _auto_init
00007fb8                __args_main
00008003                __remli
0000804e                __divli
00008096                __trunc
000080d7                _memcpy
00008116                _exit
00008154                _IRQ_clear
0000818c                _IRQ_setVecs
000081c4                _MCBSP_close
000081fa                _c_int00
0000822e                __fixdi
00008258                I$$UDIV
00008258                __divu
0000826d                I$$UMOD
0000826d                __remu
00008282                _memccpy
000082a8                _GPIO_pinDirection
000082c8                _GPIO_pinWrite
000082e7                __fixdu
00008302                ___isinf
0000831c                _GPIO_pinRead
00008330                __subd
00008344                _GPIO_pinEnable
00008357                I$$LMPY
00008357                __mpyli
0000836a                __register_unlock
00008372                __register_lock
0000837a                __nop
0000837c                _strlen
0000838d                __negd
000083a0                _IRQ_globalDisable
000083b0                _IRQ_globalEnable
000083bf                __fltud
000083cd                _rewind
000083dc                __CSL_init
000083ec                _CSL_init
000083f8                _IRQ_globalRestore
00008404                __fltid
00008410                _remove
0000841a                _abort
0000841b                C$$EXIT
00008424                _MCBSP_read16
0000842c                _MCBSP_write16
00008434                _CSL5502_LIB_
00008438                ___etext__
00008438                etext
            00004220    __stack
            00005220    __STACK_END
            00005220    __sys_memory
            00006220    __sysstack
            00006a20    .bss
            00006a20    ___bss__
            00006bf4    __ftable
            00006c6c    __tmpnams
            00006d0c    __ft_end
            00006d0e    _effects
            00006f20    _dmaInterruptFlag
            00006f21    _xmtEventId
            00006f22    _rcvEventId
            00006f24    _old_intm
            00006f26    _dmaReceive
            00006f28    _dmaTransmit
            00006f2a    _myconfig_receive
            00006f3c    _myconfig_transmit
            00006f61    _message
            00006f78    _hGPIO_group0
            00006f7a    _hGPIO_group1
            00006f7c    _hGPIO_group2
            00006f7e    _hGPIO_group3
            00006f8e    __lock
            00006f90    __unlock
            00006f92    __cleanup_ptr
            00006f94    __dtors_ptr
            00006f98    _aicMcbsp
            00006f9a    ___end__
            00006f9a    end
            00006fa0    __ctypes_
            00007420    _buffReceive
            00007620    _buffTransmit
            00007820    ___cinit__
            00007820    cinit
            00007b00    _CSL_DmaData
            00007b7e    _CSL_McbspData
            00007be4    _CSL_SysData
            00007c06    _CSL_GpioData
            00007c30    __CIOBUF_
0000fe00                _VECSTART
0000fe08                nmi
0000fe10                int0
0000fe18                int1
0000fe20                int2
0000fe28                int3
0000fe30                int4
0000fe38                int5
0000fe40                int6
0000fe48                int7
0000fe50                int8
0000fe58                int9
0000fe60                int10
0000fe68                int11
0000fe70                int12
0000fe78                int13
0000fe80                int14
0000fe88                int15
0000fe90                int16
0000fe98                int17
0000fea0                int18
0000fea8                int19
0000feb0                int20
0000feb8                int21
0000fec0                int22
0000fec8                int23
0000fed0                int24
0000fed8                int25
0000fee0                int26
0000fee8                int27
0000fef0                int28
0000fef8                int29
ffffffff                ___binit__
ffffffff                ___c_args__
ffffffff                ___pinit__
ffffffff                binit
ffffffff                pinit

[300 symbols]
