******************************************************************************
              TMS320C55x Linker Unix v4.4.1                    
******************************************************************************
>> Linked Mon Jan 20 12:43:43 2025

OUTPUT FILE NAME:   <DSP_EffectSuite.out>
ENTRY POINT SYMBOL: "_c_int00"  address: 00006b02


MEMORY CONFIGURATION

         name            origin    length      used     unused   attr    fill
                        (bytes)   (bytes)    (bytes)   (bytes)
----------------------  --------  ---------  --------  --------  ----  --------
PAGE 0:
  MMR                   00000000   000000c0  00000000  000000c0  RWIX
  BTRSVD                000000c0   00000240  00000100  00000140  RWIX
  DARAM                 00000300   0000fb00  0000d952  000021ae  RWIX
  VECS                  0000fe00   00000200  00000100  00000100  RWIX
  CE0                   00010000   003f0000  00000000  003f0000  RWIX
  CE1                   00400000   00400000  00000000  00400000  RWIX
  CE2                   00800000   00400000  00000000  00400000  RWIX
  CE3                   00c00000   003f8000  00000000  003f8000  RWIX
  PDROM                 00ff8000   00008000  00000000  00008000  R IX

PAGE 2:
  IOPORT                00000000   00020000  00000000  00020000  RWI 


SECTION ALLOCATION MAP
(Addresses surrounded by []'s are displayed for convenience only!)

output                                                          attributes/
section   page  orgn(bytes) orgn(words) len(bytes) len(words)   input sections
--------  ----  ----------- ----------- ---------- ----------   --------------
vectors      0     000000c0  [ 00000060 ] 00000100          *   NOLOAD SECTION
                   000000c0  [ 00000060 ] 00000100          *   rts55x.lib : vectors.obj (vectors)

.text        0     00000300  [ 00000180 ] 00006a24          *   
                   00000300  [ 00000180 ] 000015a4          *   rts55x.lib : _printfi.obj (.text)
                   000018a4  [ 00000c52 ] 00000543          *              : lowlev.obj (.text)
                   00001de7  [ 00000ef3+] 00000528          *              : trgdrv.obj (.text)
                   0000230f  [ 00001187+] 000004c1          *   main.obj (.text)
                   000027d0  [ 000013e8 ] 000004b5          *   rts55x.lib : memory.obj (.text)
                   00002c85  [ 00001642+] 000003d3          *   state_machine.obj (.text)
                   00003058  [ 0000182c ] 000003cc          *   rts55x.lib : divd.obj (.text)
                   00003424  [ 00001a12 ] 0000027f          *              : fopen.obj (.text)
                   000036a3  [ 00001b51 ] 00000001          *   --HOLE-- [fill = 20]
                   000036a4  [ 00001b52 ] 00000261          *   csl5502x.lib : mcbsp_rst.obj (.text:MCBSP_reset)
                   00003905  [ 00001c82+] 0000025e          *   rts55x.lib : llmpy.obj (.text)
                   00003b63  [ 00001db1+] 0000025a          *              : addd.obj (.text)
                   00003dbd  [ 00001ede+] 0000020c          *   ezdsp5502bsl.lib : ezdsp5502_gpio.obj (.text)
                   00003fc9  [ 00001fe4+] 000001ee          *   rts55x.lib : fwrite.obj (.text)
                   000041b7  [ 000020db+] 000001ea          *              : cmpd.obj (.text)
                   000043a1  [ 000021d0+] 000001e1          *   aic3204.obj (.text)
                   00004582  [ 000022c1 ] 000001d1          *   oled.obj (.text)
                   00004753  [ 000023a9 ] 00000001          *   --HOLE-- [fill = 20]
                   00004754  [ 000023aa ] 000001ca          *   csl5502x.lib : dma_reset.obj (.text:DMA_reset)
                   0000491e  [ 0000248f ] 000001a3          *   dma.obj (.text)
                   00004ac1  [ 00002560+] 00000002          *   rts55x.lib : vectors.obj (.text)
                   00004ac3  [ 00002561 ] 00000001          *   --HOLE-- [fill = 20]
                   00004ac4  [ 00002562 ] 0000018e          *   csl5502x.lib : i2c_write.obj (.text:I2C_write)
                   00004c52  [ 00002629 ] 0000018b          *   lcd.obj (.text)
                   00004ddd  [ 000026ee+] 00000163          *   rts55x.lib : fputs.obj (.text)
                   00004f40  [ 000027a0 ] 0000015d          *   csl5502x.lib : i2c_read.obj (.text:I2C_read)
                   0000509d  [ 0000284e+] 0000014e          *   ezdsp5502bsl.lib : ezdsp5502_i2cgpio.obj (.text)
                   000051eb  [ 000028f5+] 0000014c          *   rts55x.lib : mpyd.obj (.text)
                   00005337  [ 0000299b ] 00000001          *   --HOLE-- [fill = 20]
                   00005338  [ 0000299c ] 00000130          *   csl5502x.lib : mcbsp_cfg.obj (.text:MCBSP_config)
                   00005468  [ 00002a34 ] 00000112          *   dma.obj (.text:retain)
                   0000557a  [ 00002abd ] 0000010f          *   rts55x.lib : fread.obj (.text)
                   00005689  [ 00002b44+] 00000002          *   vectors_dma.obj (.text)
                   0000568b  [ 00002b45 ] 00000001          *   --HOLE-- [fill = 20]
                   0000568c  [ 00002b46 ] 0000010e          *   csl5502x.lib : dma_cfg.obj (.text:DMA_config)
                   0000579a  [ 00002bcd ] 00000002          *   --HOLE-- [fill = 20]
                   0000579c  [ 00002bce ] 000000ee          *                : mcbsp_open.obj (.text:MCBSP_open)
                   0000588a  [ 00002c45 ] 000000e6          *   rts55x.lib : setvbuf.obj (.text)
                   00005970  [ 00002cb8 ] 000000dd          *              : _io_perm.obj (.text)
                   00005a4d  [ 00002d26 ] 00000003          *   --HOLE-- [fill = 20]
                   00005a50  [ 00002d28 ] 000000cb          *   csl5502x.lib : dma_open.obj (.text:DMA_open)
                   00005b1b  [ 00002d8d+] 000000c2          *   rts55x.lib : fflush.obj (.text)
                   00005bdd  [ 00002dee+] 000000ba          *              : trgmsg.obj (.text:CIO_breakpoint)
                   00005c97  [ 00002e4b+] 000000ba          *   ezdsp5502bsl.lib : ezdsp5502_mcbsp.obj (.text)
                   00005d51  [ 00002ea8+] 000000ae          *   rts55x.lib : _bufread.obj (.text)
                   00005dff  [ 00002eff+] 000000a6          *              : fputc.obj (.text)
                   00005ea5  [ 00002f52+] 000000a1          *              : divul.obj (.text)
                   00005f46  [ 00002fa3 ] 0000008e          *   buttons.obj (.text)
                   00005fd4  [ 00002fea ] 00000089          *   csl5502x.lib : irq_pluga.obj (.text)
                   0000605d  [ 0000302e ] 00000003          *   --HOLE-- [fill = 20]
                   00006060  [ 00003030 ] 00000082          *                : mcbsp_start.obj (.text:MCBSP_start)
                   000060e2  [ 00003071 ] 0000007d          *   rts55x.lib : ltoa.obj (.text)
                   0000615f  [ 000030af+] 0000007b          *              : fclose.obj (.text)
                   000061da  [ 000030ed ] 00000076          *              : frcmpyd.obj (.text)
                   00006250  [ 00003128 ] 00000073          *              : frcmpyd_div.obj (.text)
                   000062c3  [ 00003161 ] 00000001          *   --HOLE-- [fill = 20]
                   000062c4  [ 00003162 ] 00000072          *   csl5502x.lib : i2c_cfg.obj (.text:I2C_config)
                   00006336  [ 0000319b ] 00000072          *   rts55x.lib : remul.obj (.text)
                   000063a8  [ 000031d4 ] 00000070          *              : sprintf.obj (.text)
                   00006418  [ 0000320c ] 0000006f          *   csl5502x.lib : irq_disa.obj (.text:IRQ_disable)
                   00006487  [ 00003243+] 0000006f          *   ezdsp5502bsl.lib : ezdsp5502.obj (.text)
                   000064f6  [ 0000327b ] 0000006f          *   rts55x.lib : fixdli.obj (.text)
                   00006565  [ 000032b2+] 0000006d          *   ezdsp5502bsl.lib : ezdsp5502_i2c.obj (.text)
                   000065d2  [ 000032e9 ] 0000006d          *   rts55x.lib : trgmsg.obj (.text)
                   0000663f  [ 0000331f+] 0000006b          *              : fseek.obj (.text)
                   000066aa  [ 00003355 ] 00000002          *   --HOLE-- [fill = 20]
                   000066ac  [ 00003356 ] 00000068          *   csl5502x.lib : irq_enab.obj (.text:IRQ_enable)
                   00006714  [ 0000338a ] 00000067          *   rts55x.lib : fltlid.obj (.text)
                   0000677b  [ 000033bd+] 0000005c          *              : atoi.obj (.text)
                   000067d7  [ 000033eb+] 00000050          *              : printf.obj (.text)
                   00006827  [ 00003413 ] 00000001          *   --HOLE-- [fill = 20]
                   00006828  [ 00003414 ] 0000004f          *   csl5502x.lib : gpio_open.obj (.text:GPIO_open)
                   00006877  [ 0000343b+] 0000004d          *   rts55x.lib : autoinit.obj (.text)
                   000068c4  [ 00003462 ] 0000004b          *              : args_main.obj (.text)
                   0000690f  [ 00003487+] 0000004b          *              : remli.obj (.text)
                   0000695a  [ 000034ad ] 00000048          *              : divli.obj (.text)
                   000069a2  [ 000034d1 ] 0000003f          *              : memcpy.obj (.text)
                   000069e1  [ 000034f0+] 0000003e          *              : exit.obj (.text)
                   00006a1f  [ 0000350f+] 0000003c          *   reverbs.obj (.text)
                   00006a5b  [ 0000352d ] 00000001          *   --HOLE-- [fill = 20]
                   00006a5c  [ 0000352e ] 00000037          *   csl5502x.lib : irq_clear.obj (.text:IRQ_clear)
                   00006a93  [ 00003549 ] 00000001          *   --HOLE-- [fill = 20]
                   00006a94  [ 0000354a ] 00000037          *                : irq_setvecs.obj (.text:IRQ_setVecs)
                   00006acb  [ 00003565 ] 00000001          *   --HOLE-- [fill = 20]
                   00006acc  [ 00003566 ] 00000036          *                : mcbsp_cls.obj (.text:MCBSP_close)
                   00006b02  [ 00003581 ] 00000034          *   rts55x.lib : boot.obj (.text)
                   00006b36  [ 0000359b ] 0000002a          *              : fixdi.obj (.text)
                   00006b60  [ 000035b0 ] 0000002a          *              : udiv.obj (.text)
                   00006b8a  [ 000035c5 ] 00000023          *              : memccpy.obj (.text)
                   00006bad  [ 000035d6 ] 00000003          *   --HOLE-- [fill = 20]
                   00006bb0  [ 000035d8 ] 0000001f          *   csl5502x.lib : gpio_dir.obj (.text:GPIO_pinDirection)
                   00006bcf  [ 000035e7 ] 00000001          *   --HOLE-- [fill = 20]
                   00006bd0  [ 000035e8 ] 0000001f          *                : gpio_write.obj (.text:GPIO_pinWrite)
                   00006bef  [ 000035f7+] 0000001a          *   rts55x.lib : isinf.obj (.text)
                   00006c09  [ 00003604 ] 00000003          *   --HOLE-- [fill = 20]
                   00006c0c  [ 00003606 ] 00000014          *   csl5502x.lib : gpio_read.obj (.text:GPIO_pinRead)
                   00006c20  [ 00003610 ] 00000014          *   rts55x.lib : subd.obj (.text)
                   00006c34  [ 0000361a ] 00000013          *   csl5502x.lib : gpio_enab.obj (.text:GPIO_pinEnable)
                   00006c47  [ 00003623+] 00000013          *   rts55x.lib : lmpy.obj (.text)
                   00006c5a  [ 0000362d ] 00000012          *              : _lock.obj (.text)
                   00006c6c  [ 00003636 ] 00000011          *              : strlen.obj (.text)
                   00006c7d  [ 0000363e+] 00000010          *              : negd.obj (.text)
                   00006c8d  [ 00003646 ] 00000003          *   --HOLE-- [fill = 20]
                   00006c90  [ 00003648 ] 0000000f          *   csl5502x.lib : irq_gdisab.obj (.text:IRQ_globalDisable)
                   00006c9f  [ 0000364f ] 00000001          *   --HOLE-- [fill = 20]
                   00006ca0  [ 00003650 ] 0000000f          *                : irq_genab.obj (.text:IRQ_globalEnable)
                   00006caf  [ 00003657+] 0000000e          *   rts55x.lib : rewind.obj (.text)
                   00006cbd  [ 0000365e ] 00000003          *   --HOLE-- [fill = 20]
                   00006cc0  [ 00003660 ] 0000000d          *   csl5502x.lib : _csl_init.obj (.text:_CSL_init)
                   00006ccd  [ 00003666 ] 00000003          *   --HOLE-- [fill = 20]
                   00006cd0  [ 00003668 ] 0000000c          *                : csl.obj (.text:CSL_init)
                   00006cdc  [ 0000366e ] 0000000c          *                : irq_grest.obj (.text:IRQ_globalRestore)
                   00006ce8  [ 00003674 ] 0000000a          *   autowah.obj (.text)
                   00006cf2  [ 00003679 ] 0000000a          *   phaser.obj (.text)
                   00006cfc  [ 0000367e ] 0000000a          *   rts55x.lib : remove.obj (.text)
                   00006d06  [ 00003683 ] 00000007          *              : exit.obj (.text:CIO_breakpoint)
                   00006d0d  [ 00003686 ] 00000003          *   --HOLE-- [fill = 20]
                   00006d10  [ 00003688 ] 00000007          *   csl5502x.lib : mcbsp_r16.obj (.text:MCBSP_read16)
                   00006d17  [ 0000368b ] 00000001          *   --HOLE-- [fill = 20]
                   00006d18  [ 0000368c ] 00000007          *                : mcbsp_w16.obj (.text:MCBSP_write16)
                   00006d1f  [ 0000368f ] 00000001          *   --HOLE-- [fill = 20]
                   00006d20  [ 00003690 ] 00000002          *                : csl.obj (.text)
                   00006d22  [ 00003691 ] 00000002          *   --HOLE-- [fill = 20]

.data        0   [ 00000300 ]  00000180          *   00000000   

.pinit       0   [ 00000300 ]  00000180          *   00000000   

.stack       0   [ 00006d40 ]  000036a0          *   00001000   
                 [ 00006d40 ]  000036a0          *   00001000   --HOLE-- [fill = 00]

.sysmem      0   [ 00008d40 ]  000046a0          *   00001000   UNINITIALIZED
                 [ 00008d40 ]  000046a0          *   00001000   --HOLE--

.sysstack 
*            0   [ 0000ad40 ]  000056a0          *   00000800   
                 [ 0000ad40 ]  000056a0          *   00000800   --HOLE-- [fill = 00]

dmaMem       0   [ 0000bd40 ]  00005ea0          *   00000400   
                 [ 0000bd40 ]  00005ea0          *   00000400   main.obj (dmaMem) [fill = 00]

.bss         0   [ 0000c540 ]  000062a0          *   00000382   
                 [ 0000c540 ]  000062a0          *   00000119   rts55x.lib : defs.obj (.bss) [fill = 00]
                 [ 0000c772 ]  000063b9          *   00000001              : fopen.obj (.bss) [fill = 00]
                 [ 0000c774 ]  000063ba          *   000000d0   dsp_effects.obj (.bss) [fill = 00]
                 [ 0000c914 ]  0000648a          *   000000d0   rts55x.lib : trgdrv.obj (.bss) [fill = 00]
                 [ 0000cab4 ]  0000655a          *   00000071              : lowlev.obj (.bss) [fill = 00]
                 [ 0000cb96 ]  000065cb          *   00000001   --HOLE-- [fill = 00]
                 [ 0000cb98 ]  000065cc          *   0000002e   dma.obj (.bss) [fill = 00]
                 [ 0000cbf4 ]  000065fa          *   0000000d   state_machine.obj (.bss) [fill = 00]
                 [ 0000cc0e ]  00006607          *   00000001   --HOLE-- [fill = 00]
                 [ 0000cc10 ]  00006608          *   00000008   ezdsp5502bsl.lib : ezdsp5502_gpio.obj (.bss) [fill = 00]
                 [ 0000cc20 ]  00006610          *   00000006   rts55x.lib : memory.obj (.bss) [fill = 00]
                 [ 0000cc2c ]  00006616          *   00000004              : _lock.obj (.bss) [fill = 00]
                 [ 0000cc34 ]  0000661a          *   00000004              : exit.obj (.bss) [fill = 00]
                 [ 0000cc3c ]  0000661e          *   00000002   buttons.obj (.bss) [fill = 00]
                 [ 0000cc40 ]  00006620          *   00000002   ezdsp5502bsl.lib : ezdsp5502_mcbsp.obj (.bss) [fill = 00]

.const       0   [ 0000cc60 ]  00006630          *   00000316   
                 [ 0000cc60 ]  00006630          *   00000101   rts55x.lib : ctype.obj (.const:__ctypes_)
                 [ 0000ce62 ]  00006731          *   000000cd   oled.obj (.const:_glyphs)
                 [ 0000cffc ]  000067fe          *   00000082   state_machine.obj (.const:.string)
                 [ 0000d100 ]  00006880          *   00000061   main.obj (.const:.string)
                 [ 0000d1c2 ]  000068e1          *   00000001   --HOLE-- [fill = 00]
                 [ 0000d1c4 ]  000068e2          *   00000024   rts55x.lib : _printfi.obj (.const:.string)
                 [ 0000d20c ]  00006906          *   0000001b   ezdsp5502bsl.lib : ezdsp5502_mcbsp.obj (.const:_$P$T0$1)
                 [ 0000d242 ]  00006921          *   00000001   --HOLE-- [fill = 00]
                 [ 0000d244 ]  00006922          *   0000000c   rts55x.lib : _printfi.obj (.const)
                 [ 0000d25c ]  0000692e          *   0000000a   ezdsp5502bsl.lib : ezdsp5502_i2c.obj (.const:_$P$T0$1)
                 [ 0000d270 ]  00006938          *   00000008   rts55x.lib : divd.obj (.const:_initial_approx$1)
                 [ 0000d280 ]  00006940          *   00000002              : fputs.obj (.const:.string)
                 [ 0000d284 ]  00006942          *   00000002   main.obj (.const)
                 [ 0000d288 ]  00006944          *   00000002   rts55x.lib : fltlid.obj (.const)

.cinit       0   [ 0000d28c ]  00006946          *   000002b9   
                 [ 0000d28c ]  00006946          *   000000d3   dsp_effects.obj (.cinit)
                 [ 0000d432 ]  00006a19          *   00000081   csl5502x.lib : csl_dmadat.obj (.cinit)
                 [ 0000d534 ]  00006a9a          *   00000069                : csl_mcbspdat.obj (.cinit)
                 [ 0000d606 ]  00006b03          *   0000002d   rts55x.lib : lowlev.obj (.cinit)
                 [ 0000d660 ]  00006b30          *   0000002c   dma.obj (.cinit)
                 [ 0000d6b8 ]  00006b5c          *   0000002a   rts55x.lib : defs.obj (.cinit)
                 [ 0000d70c ]  00006b86          *   00000025   csl5502x.lib : csl_csldat.obj (.cinit)
                 [ 0000d756 ]  00006bab          *   00000023                : csl_gpiodat.obj (.cinit)
                 [ 0000d79c ]  00006bce          *   0000000c   state_machine.obj (.cinit)
                 [ 0000d7b4 ]  00006bda          *   0000000a   rts55x.lib : _lock.obj (.cinit)
                 [ 0000d7c8 ]  00006be4          *   0000000a              : exit.obj (.cinit)
                 [ 0000d7dc ]  00006bee          *   00000008   buttons.obj (.cinit)
                 [ 0000d7ec ]  00006bf6          *   00000004   rts55x.lib : fopen.obj (.cinit)
                 [ 0000d7f4 ]  00006bfa          *   00000004              : memory.obj (.cinit)
                 [ 0000d7fc ]  00006bfe          *   00000001   --HOLE-- [fill = 0]

.csldata     0   [ 0000d800 ]  00006c00          *   00000126   
                 [ 0000d800 ]  00006c00          *   0000007e   csl5502x.lib : csl_dmadat.obj (.csldata:DMA_data) [fill = 00]
                 [ 0000d8fc ]  00006c7e          *   00000066                : csl_mcbspdat.obj (.csldata:MCBSP_data) [fill = 00]
                 [ 0000d9c8 ]  00006ce4          *   00000022                : csl_csldat.obj (.csldata:SYS_data) [fill = 00]
                 [ 0000da0c ]  00006d06          *   00000020                : csl_gpiodat.obj (.csldata:GPIO_data) [fill = 00]

.cio         0   [ 0000da60 ]  00006d30          *   00000120   
                 [ 0000da60 ]  00006d30          *   00000120   rts55x.lib : trgmsg.obj (.cio) [fill = 00]

.vectors     0     0000fe00  [ 00007f00 ] 00000100          *   
                   0000fe00  [ 00007f00 ] 00000100          *   vectors_dma.obj (.vectors)


GLOBAL SYMBOLS: SORTED ALPHABETICALLY BY Name 

abs. value/
byte addr   word addr   name
---------   ---------   ----
00000002                $TI_capability$C5500$CallingConvention
00000002                $TI_capability$C5500$MemoryModel
00000001                $TI_capability_requires_rev2
            000062a0    .bss
            00000180    .data
00000300                .text
00006d07                C$$EXIT
00005c92                C$$IO$$
00006c47                I$$LMPY
00006b60                I$$UDIV
00006b75                I$$UMOD
000043a1                _AIC3204_rset
00006d20                _CSL5502_LIB_
            00006c00    _CSL_DmaData
            00006d06    _CSL_GpioData
            00006c7e    _CSL_McbspData
            00006ce4    _CSL_SysData
00006cd0                _CSL_init
0000568c                _DMA_config
00005a50                _DMA_open
00004754                _DMA_reset
00003f4e                _EZDSP5502_GPIO_getInput
00003dbd                _EZDSP5502_GPIO_init
00003e54                _EZDSP5502_GPIO_setDirection
00003ed1                _EZDSP5502_GPIO_setOutput
0000509d                _EZDSP5502_I2CGPIO_configLine
00005174                _EZDSP5502_I2CGPIO_read
000050f0                _EZDSP5502_I2CGPIO_readLine
000051c1                _EZDSP5502_I2CGPIO_write
00005121                _EZDSP5502_I2CGPIO_writeLine
00006565                _EZDSP5502_I2C_init
000065ae                _EZDSP5502_I2C_read
00006582                _EZDSP5502_I2C_reset
0000658c                _EZDSP5502_I2C_write
00005cdb                _EZDSP5502_MCBSP_close
00005c97                _EZDSP5502_MCBSP_init
00005d1d                _EZDSP5502_MCBSP_read
00005ced                _EZDSP5502_MCBSP_write
000064dd                _EZDSP5502_init
00006497                _EZDSP5502_wait
000064cb                _EZDSP5502_waitusec
00006828                _GPIO_open
00006bb0                _GPIO_pinDirection
00006c34                _GPIO_pinEnable
00006c0c                _GPIO_pinRead
00006bd0                _GPIO_pinWrite
000022b1                _HOSTclock
00002246                _HOSTclose
00002191                _HOSTlseek
000020f2                _HOSTopen
00002065                _HOSTread
00001fb7                _HOSTrename
00001f59                _HOSTtime
00001eef                _HOSTunlink
00001e62                _HOSTwrite
000062c4                _I2C_config
00004f40                _I2C_read
00004ac4                _I2C_write
00006a5c                _IRQ_clear
00006418                _IRQ_disable
000066ac                _IRQ_enable
00006c90                _IRQ_globalDisable
00006ca0                _IRQ_globalEnable
00006cdc                _IRQ_globalRestore
00005fd4                _IRQ_plug
00006a94                _IRQ_setVecs
000043cb                _Init_AIC3204
00006acc                _MCBSP_close
00005338                _MCBSP_config
0000579c                _MCBSP_open
00006d10                _MCBSP_read16
000036a4                _MCBSP_reset
00006060                _MCBSP_start
00006d18                _MCBSP_write16
000000c0                _Reset
0000fe00                _VECSTART
            00006d30    __CIOBUF_
00006cc0                __CSL_init
            000046a0    __STACK_END
00002000                __STACK_SIZE
00002000                __SYSMEM_SIZE
00001000                __SYSSTACK_SIZE
00000001                __TI_args_main
ffffffff                ___binit__
            000062a0    ___bss__
ffffffff                ___c_args__
            00006946    ___cinit__
            00000180    ___data__
            00000180    ___edata__
            00006622    ___end__
00006d24                ___etext__
00006bef                ___isinf
ffffffff                ___pinit__
00000300                ___text__
00003b63                __addd
000068c4                __args_main
00005d51                __buff_read
00003545                __cleanup
            0000661a    __cleanup_ptr
00004349                __cmpd
            00006630    __ctypes_
00003058                __divd
0000695a                __divli
00003b2e                __divlli
00006b60                __divu
00005ea5                __divul
00003a3a                __divull
00005b1b                __doflush
            0000661c    __dtors_ptr
00004315                __eqld
00006b36                __fixdi
000064f6                __fixdli
00006714                __fltlid
000061da                __frcmpyd
00006250                __frcmpyd_div
            000063b8    __ft_end
            000062a0    __ftable
000042cb                __geqd
00004280                __gtrd
00004233                __leqd
            00006616    __lock
000041eb                __lssd
000051eb                __mpyd
00006c47                __mpyli
00003982                __mpylli
00006c7d                __negd
000041b7                __neqd
00006c6a                __nop
00001662                __printfi
000059f0                __rd_ok
00006c62                __register_lock
00006c5a                __register_unlock
0000690f                __remli
00003953                __remlli
00006b75                __remu
00006336                __remul
00003905                __remull
            000036a0    __stack
00006c20                __subd
            000046a0    __sys_memory
            000056a0    __sysstack
            00006318    __tmpnams
            00006618    __unlock
00005970                __wrt_ok
00006d06                _abort
00001cf7                _add_device
            00006620    _aicMcbsp
0000677b                _atoi
00006877                _auto_init
            00005ea0    _buffReceive
            000060a0    _buffTransmit
00006b02                _c_int00
00002c5f                _calloc
00005f9c                _changeButtonState
00005f5c                _checkButtons
00002c57                _chkheap
0000235e                _cleanBuffers
00001c84                _close
000049a9                _configAudioDma
            000065fa    _currentState
            000065cc    _dmaInterruptFlag
00005468                _dmaRcvIsr
            000065d2    _dmaReceive
            000065d4    _dmaTransmit
            000063ba    _effects
00004ab2                _enableInterrupt
000069e1                _exit
0000615f                _fclose
00005b84                _fflush
00001c7b                _find_registered_device
00003668                _fopen
00005dff                _fputc
00004ddd                _fputs
0000557a                _fread
000027d0                _free
00002c01                _free_memory
0000359f                _freopen
0000663f                _fseek
00003fc9                _fwrite
00005fba                _getButtonState
00004621                _getGlyphForChar
00001de7                _getenv
            00006608    _hGPIO_group0
            0000660a    _hGPIO_group1
            0000660c    _hGPIO_group2
            0000660e    _hGPIO_group3
00006ce8                _initAutoWah
00005f46                _initI2CButtons
00006cf2                _initPhaser
00006a1f                _initReverbHall2
00006a29                _initReverbStageA
00006a33                _initReverbStageBb
00006a3d                _initReverbStageDb
00006a47                _initReverbStageFb
00006a51                _initReverbStageGTHT
00001c15                _lseek
000060e2                _ltoa
0000230f                _main
00002901                _malloc
00002ba7                _max_free
00006b8a                _memccpy
000069a2                _memcpy
            000065fd    _message
0000289c                _minit
            000065d6    _myconfig_receive
            000065e8    _myconfig_transmit
            000065d0    _old_intm
000045f4                _oled_addSpace
000045be                _oled_fillPage
00004598                _oled_setPage
00004582                _oled_start
00004682                _oled_writeText
00001b56                _open
00004c52                _osd9616_init
00004d52                _osd9616_multiSend
00004d32                _osd9616_send
00004da0                _printLetter
000067d7                _printf
00006cea                _processAutoWah
00002579                _processFile
00006cf4                _processPhaser
00002395                _processRealtime
00006a21                _processReverbHall2
00006a2b                _processReverbStageA
00006a35                _processReverbStageBb
00006a3f                _processReverbStageDb
00006a49                _processReverbStageFb
00006a53                _processReverbStageGTHT
00005dff                _putc
00005e96                _putchar
00004f12                _puts
            000065ce    _rcvEventId
00001aa8                _read
000065d2                _readmsg
000029f6                _realloc
00006cfc                _remove
00001a72                _remove_device
00001a19                _rename
00006caf                _rewind
            000065fb    _selectedEffectIndex
            000065fc    _selectedMode
0000588a                _setvbuf
000063a8                _sprintf
00004a79                _startAudioDma
00002e7c                _stateMachineInit
00002ea9                _stateMachineRun
00004a9a                _stopAudioDma
00006c6c                _strlen
000019e6                _unlink
000023e9                _wHeader
000018a4                _write
00005bdd                _writemsg
            000065cd    _xmtEventId
ffffffff                binit
            00006946    cinit
            00000180    edata
            00006622    end
00006d24                etext
0000fe10                int0
0000fe18                int1
0000fe60                int10
0000fe68                int11
0000fe70                int12
0000fe78                int13
0000fe80                int14
0000fe88                int15
0000fe90                int16
0000fe98                int17
0000fea0                int18
0000fea8                int19
0000fe20                int2
0000feb0                int20
0000feb8                int21
0000fec0                int22
0000fec8                int23
0000fed0                int24
0000fed8                int25
0000fee0                int26
0000fee8                int27
0000fef0                int28
0000fef8                int29
0000fe28                int3
0000fe30                int4
0000fe38                int5
0000fe40                int6
0000fe48                int7
0000fe50                int8
0000fe58                int9
0000fe08                nmi
00005689                no_isr
ffffffff                pinit


GLOBAL SYMBOLS: SORTED BY Symbol Address 

abs. value/
byte addr   word addr   name
---------   ---------   ----
00000001                $TI_capability_requires_rev2
00000001                __TI_args_main
00000002                $TI_capability$C5500$CallingConvention
00000002                $TI_capability$C5500$MemoryModel
000000c0                _Reset
            00000180    .data
00000300                .text
            00000180    ___data__
            00000180    ___edata__
00000300                ___text__
            00000180    edata
00001000                __SYSSTACK_SIZE
00001662                __printfi
000018a4                _write
000019e6                _unlink
00001a19                _rename
00001a72                _remove_device
00001aa8                _read
00001b56                _open
00001c15                _lseek
00001c7b                _find_registered_device
00001c84                _close
00001cf7                _add_device
00001de7                _getenv
00001e62                _HOSTwrite
00001eef                _HOSTunlink
00001f59                _HOSTtime
00001fb7                _HOSTrename
00002000                __STACK_SIZE
00002000                __SYSMEM_SIZE
00002065                _HOSTread
000020f2                _HOSTopen
00002191                _HOSTlseek
00002246                _HOSTclose
000022b1                _HOSTclock
0000230f                _main
0000235e                _cleanBuffers
00002395                _processRealtime
000023e9                _wHeader
00002579                _processFile
000027d0                _free
0000289c                _minit
00002901                _malloc
000029f6                _realloc
00002ba7                _max_free
00002c01                _free_memory
00002c57                _chkheap
00002c5f                _calloc
00002e7c                _stateMachineInit
00002ea9                _stateMachineRun
00003058                __divd
00003545                __cleanup
0000359f                _freopen
00003668                _fopen
000036a4                _MCBSP_reset
00003905                __remull
00003953                __remlli
00003982                __mpylli
00003a3a                __divull
00003b2e                __divlli
00003b63                __addd
00003dbd                _EZDSP5502_GPIO_init
00003e54                _EZDSP5502_GPIO_setDirection
00003ed1                _EZDSP5502_GPIO_setOutput
00003f4e                _EZDSP5502_GPIO_getInput
00003fc9                _fwrite
000041b7                __neqd
000041eb                __lssd
00004233                __leqd
00004280                __gtrd
000042cb                __geqd
00004315                __eqld
00004349                __cmpd
000043a1                _AIC3204_rset
000043cb                _Init_AIC3204
00004582                _oled_start
00004598                _oled_setPage
000045be                _oled_fillPage
000045f4                _oled_addSpace
00004621                _getGlyphForChar
00004682                _oled_writeText
00004754                _DMA_reset
000049a9                _configAudioDma
00004a79                _startAudioDma
00004a9a                _stopAudioDma
00004ab2                _enableInterrupt
00004ac4                _I2C_write
00004c52                _osd9616_init
00004d32                _osd9616_send
00004d52                _osd9616_multiSend
00004da0                _printLetter
00004ddd                _fputs
00004f12                _puts
00004f40                _I2C_read
0000509d                _EZDSP5502_I2CGPIO_configLine
000050f0                _EZDSP5502_I2CGPIO_readLine
00005121                _EZDSP5502_I2CGPIO_writeLine
00005174                _EZDSP5502_I2CGPIO_read
000051c1                _EZDSP5502_I2CGPIO_write
000051eb                __mpyd
00005338                _MCBSP_config
00005468                _dmaRcvIsr
0000557a                _fread
00005689                no_isr
0000568c                _DMA_config
0000579c                _MCBSP_open
0000588a                _setvbuf
00005970                __wrt_ok
000059f0                __rd_ok
00005a50                _DMA_open
00005b1b                __doflush
00005b84                _fflush
00005bdd                _writemsg
00005c92                C$$IO$$
00005c97                _EZDSP5502_MCBSP_init
00005cdb                _EZDSP5502_MCBSP_close
00005ced                _EZDSP5502_MCBSP_write
00005d1d                _EZDSP5502_MCBSP_read
00005d51                __buff_read
00005dff                _fputc
00005dff                _putc
00005e96                _putchar
00005ea5                __divul
00005f46                _initI2CButtons
00005f5c                _checkButtons
00005f9c                _changeButtonState
00005fba                _getButtonState
00005fd4                _IRQ_plug
00006060                _MCBSP_start
000060e2                _ltoa
0000615f                _fclose
000061da                __frcmpyd
00006250                __frcmpyd_div
000062c4                _I2C_config
00006336                __remul
000063a8                _sprintf
00006418                _IRQ_disable
00006497                _EZDSP5502_wait
000064cb                _EZDSP5502_waitusec
000064dd                _EZDSP5502_init
000064f6                __fixdli
00006565                _EZDSP5502_I2C_init
00006582                _EZDSP5502_I2C_reset
0000658c                _EZDSP5502_I2C_write
000065ae                _EZDSP5502_I2C_read
000065d2                _readmsg
0000663f                _fseek
000066ac                _IRQ_enable
00006714                __fltlid
0000677b                _atoi
000067d7                _printf
00006828                _GPIO_open
00006877                _auto_init
000068c4                __args_main
0000690f                __remli
0000695a                __divli
000069a2                _memcpy
000069e1                _exit
00006a1f                _initReverbHall2
00006a21                _processReverbHall2
00006a29                _initReverbStageA
00006a2b                _processReverbStageA
00006a33                _initReverbStageBb
00006a35                _processReverbStageBb
00006a3d                _initReverbStageDb
00006a3f                _processReverbStageDb
00006a47                _initReverbStageFb
00006a49                _processReverbStageFb
00006a51                _initReverbStageGTHT
00006a53                _processReverbStageGTHT
00006a5c                _IRQ_clear
00006a94                _IRQ_setVecs
00006acc                _MCBSP_close
00006b02                _c_int00
00006b36                __fixdi
00006b60                I$$UDIV
00006b60                __divu
00006b75                I$$UMOD
00006b75                __remu
00006b8a                _memccpy
00006bb0                _GPIO_pinDirection
00006bd0                _GPIO_pinWrite
00006bef                ___isinf
00006c0c                _GPIO_pinRead
00006c20                __subd
00006c34                _GPIO_pinEnable
00006c47                I$$LMPY
00006c47                __mpyli
00006c5a                __register_unlock
00006c62                __register_lock
00006c6a                __nop
00006c6c                _strlen
00006c7d                __negd
00006c90                _IRQ_globalDisable
00006ca0                _IRQ_globalEnable
00006caf                _rewind
00006cc0                __CSL_init
00006cd0                _CSL_init
00006cdc                _IRQ_globalRestore
00006ce8                _initAutoWah
00006cea                _processAutoWah
00006cf2                _initPhaser
00006cf4                _processPhaser
00006cfc                _remove
00006d06                _abort
00006d07                C$$EXIT
00006d10                _MCBSP_read16
00006d18                _MCBSP_write16
00006d20                _CSL5502_LIB_
00006d24                ___etext__
00006d24                etext
            000036a0    __stack
            000046a0    __STACK_END
            000046a0    __sys_memory
            000056a0    __sysstack
            00005ea0    _buffReceive
            000060a0    _buffTransmit
            000062a0    .bss
            000062a0    ___bss__
            000062a0    __ftable
            00006318    __tmpnams
            000063b8    __ft_end
            000063ba    _effects
            000065cc    _dmaInterruptFlag
            000065cd    _xmtEventId
            000065ce    _rcvEventId
            000065d0    _old_intm
            000065d2    _dmaReceive
            000065d4    _dmaTransmit
            000065d6    _myconfig_receive
            000065e8    _myconfig_transmit
            000065fa    _currentState
            000065fb    _selectedEffectIndex
            000065fc    _selectedMode
            000065fd    _message
            00006608    _hGPIO_group0
            0000660a    _hGPIO_group1
            0000660c    _hGPIO_group2
            0000660e    _hGPIO_group3
            00006616    __lock
            00006618    __unlock
            0000661a    __cleanup_ptr
            0000661c    __dtors_ptr
            00006620    _aicMcbsp
            00006622    ___end__
            00006622    end
            00006630    __ctypes_
            00006946    ___cinit__
            00006946    cinit
            00006c00    _CSL_DmaData
            00006c7e    _CSL_McbspData
            00006ce4    _CSL_SysData
            00006d06    _CSL_GpioData
            00006d30    __CIOBUF_
0000fe00                _VECSTART
0000fe08                nmi
0000fe10                int0
0000fe18                int1
0000fe20                int2
0000fe28                int3
0000fe30                int4
0000fe38                int5
0000fe40                int6
0000fe48                int7
0000fe50                int8
0000fe58                int9
0000fe60                int10
0000fe68                int11
0000fe70                int12
0000fe78                int13
0000fe80                int14
0000fe88                int15
0000fe90                int16
0000fe98                int17
0000fea0                int18
0000fea8                int19
0000feb0                int20
0000feb8                int21
0000fec0                int22
0000fec8                int23
0000fed0                int24
0000fed8                int25
0000fee0                int26
0000fee8                int27
0000fef0                int28
0000fef8                int29
ffffffff                ___binit__
ffffffff                ___c_args__
ffffffff                ___pinit__
ffffffff                binit
ffffffff                pinit

[291 symbols]
